[2024-11-19T09:45:01.826-0500][gc,init] CardTable entry size: 512
[2024-11-19T09:45:01.826-0500][gc     ] Using G1
[2024-11-19T09:45:01.857-0500][gc,init] Version: 21.0.5+11 (release)
[2024-11-19T09:45:01.857-0500][gc,init] CPUs: 4 total, 4 available
[2024-11-19T09:45:01.857-0500][gc,init] Memory: 11836M
[2024-11-19T09:45:01.857-0500][gc,init] Large Page Support: Disabled
[2024-11-19T09:45:01.857-0500][gc,init] NUMA Support: Disabled
[2024-11-19T09:45:01.857-0500][gc,init] Compressed Oops: Enabled (32-bit)
[2024-11-19T09:45:01.857-0500][gc,init] Heap Region Size: 1M
[2024-11-19T09:45:01.857-0500][gc,init] Heap Min Capacity: 1G
[2024-11-19T09:45:01.857-0500][gc,init] Heap Initial Capacity: 1G
[2024-11-19T09:45:01.857-0500][gc,init] Heap Max Capacity: 1G
[2024-11-19T09:45:01.857-0500][gc,init] Pre-touch: Disabled
[2024-11-19T09:45:01.857-0500][gc,init] Parallel Workers: 4
[2024-11-19T09:45:01.857-0500][gc,init] Concurrent Workers: 1
[2024-11-19T09:45:01.857-0500][gc,init] Concurrent Refinement Workers: 4
[2024-11-19T09:45:01.857-0500][gc,init] Periodic GC: Disabled
[2024-11-19T09:45:01.868-0500][gc,metaspace] CDS archive(s) mapped at: [0x00007f75a7000000-0x00007f75a7c99000-0x00007f75a7c99000), size 13209600, SharedBaseAddress: 0x00007f75a7000000, ArchiveRelocationMode: 1.
[2024-11-19T09:45:01.868-0500][gc,metaspace] Compressed class space mapped at: 0x00007f75a8000000-0x00007f75e8000000, reserved size: 1073741824
[2024-11-19T09:45:01.868-0500][gc,metaspace] Narrow klass base: 0x00007f75a7000000, Narrow klass shift: 0, Narrow klass range: 0x100000000
[2024-11-19T09:46:44.116-0500][gc,start    ] GC(0) Pause Young (Normal) (G1 Evacuation Pause)
[2024-11-19T09:46:44.121-0500][gc,task     ] GC(0) Using 4 workers of 4 for evacuation
[2024-11-19T09:46:44.156-0500][gc,mmu      ] GC(0) MMU target violated: 21,0ms (20,0ms/21,0ms)
[2024-11-19T09:46:44.156-0500][gc,phases   ] GC(0)   Pre Evacuate Collection Set: 0,9ms
[2024-11-19T09:46:44.156-0500][gc,phases   ] GC(0)   Merge Heap Roots: 0,1ms
[2024-11-19T09:46:44.156-0500][gc,phases   ] GC(0)   Evacuate Collection Set: 28,9ms
[2024-11-19T09:46:44.156-0500][gc,phases   ] GC(0)   Post Evacuate Collection Set: 4,5ms
[2024-11-19T09:46:44.156-0500][gc,phases   ] GC(0)   Other: 5,3ms
[2024-11-19T09:46:44.156-0500][gc,heap     ] GC(0) Eden regions: 51->0(44)
[2024-11-19T09:46:44.156-0500][gc,heap     ] GC(0) Survivor regions: 0->7(7)
[2024-11-19T09:46:44.156-0500][gc,heap     ] GC(0) Old regions: 2->4
[2024-11-19T09:46:44.156-0500][gc,heap     ] GC(0) Humongous regions: 0->0
[2024-11-19T09:46:44.156-0500][gc,metaspace] GC(0) Metaspace: 17404K(17664K)->17404K(17664K) NonClass: 15401K(15552K)->15401K(15552K) Class: 2002K(2112K)->2002K(2112K)
[2024-11-19T09:46:44.156-0500][gc          ] GC(0) Pause Young (Normal) (G1 Evacuation Pause) 52M->9M(1024M) 39,907ms
[2024-11-19T09:46:44.156-0500][gc,cpu      ] GC(0) User=0,03s Sys=0,01s Real=0,04s
[2024-11-19T09:46:54.279-0500][gc,start    ] GC(1) Pause Young (Concurrent Start) (Metadata GC Threshold)
[2024-11-19T09:46:54.280-0500][gc,task     ] GC(1) Using 4 workers of 4 for evacuation
[2024-11-19T09:46:54.297-0500][gc,phases   ] GC(1)   Pre Evacuate Collection Set: 0,8ms
[2024-11-19T09:46:54.297-0500][gc,phases   ] GC(1)   Merge Heap Roots: 0,1ms
[2024-11-19T09:46:54.297-0500][gc,phases   ] GC(1)   Evacuate Collection Set: 15,2ms
[2024-11-19T09:46:54.297-0500][gc,phases   ] GC(1)   Post Evacuate Collection Set: 0,6ms
[2024-11-19T09:46:54.297-0500][gc,phases   ] GC(1)   Other: 0,1ms
[2024-11-19T09:46:54.297-0500][gc,heap     ] GC(1) Eden regions: 16->0(49)
[2024-11-19T09:46:54.297-0500][gc,heap     ] GC(1) Survivor regions: 7->2(7)
[2024-11-19T09:46:54.297-0500][gc,heap     ] GC(1) Old regions: 4->11
[2024-11-19T09:46:54.297-0500][gc,heap     ] GC(1) Humongous regions: 0->0
[2024-11-19T09:46:54.297-0500][gc,metaspace] GC(1) Metaspace: 21314K(21504K)->21314K(21504K) NonClass: 18853K(18944K)->18853K(18944K) Class: 2461K(2560K)->2461K(2560K)
[2024-11-19T09:46:54.297-0500][gc          ] GC(1) Pause Young (Concurrent Start) (Metadata GC Threshold) 24M->10M(1024M) 17,608ms
[2024-11-19T09:46:54.297-0500][gc,cpu      ] GC(1) User=0,02s Sys=0,01s Real=0,02s
[2024-11-19T09:46:54.297-0500][gc          ] GC(2) Concurrent Mark Cycle
[2024-11-19T09:46:54.297-0500][gc,marking  ] GC(2) Concurrent Scan Root Regions
[2024-11-19T09:46:54.304-0500][gc,marking  ] GC(2) Concurrent Scan Root Regions 6,752ms
[2024-11-19T09:46:54.304-0500][gc,marking  ] GC(2) Concurrent Mark
[2024-11-19T09:46:54.304-0500][gc,marking  ] GC(2) Concurrent Mark From Roots
[2024-11-19T09:46:54.304-0500][gc,task     ] GC(2) Using 1 workers of 1 for marking
[2024-11-19T09:46:54.311-0500][gc,marking  ] GC(2) Concurrent Mark From Roots 7,590ms
[2024-11-19T09:46:54.311-0500][gc,marking  ] GC(2) Concurrent Preclean
[2024-11-19T09:46:54.311-0500][gc,marking  ] GC(2) Concurrent Preclean 0,029ms
[2024-11-19T09:46:54.312-0500][gc,start    ] GC(2) Pause Remark
[2024-11-19T09:46:54.316-0500][gc          ] GC(2) Pause Remark 11M->11M(1024M) 4,035ms
[2024-11-19T09:46:54.316-0500][gc,cpu      ] GC(2) User=0,01s Sys=0,00s Real=0,01s
[2024-11-19T09:46:54.316-0500][gc,marking  ] GC(2) Concurrent Mark 12,089ms
[2024-11-19T09:46:54.316-0500][gc,marking  ] GC(2) Concurrent Rebuild Remembered Sets and Scrub Regions
[2024-11-19T09:46:54.323-0500][gc,marking  ] GC(2) Concurrent Rebuild Remembered Sets and Scrub Regions 6,895ms
[2024-11-19T09:46:54.323-0500][gc,start    ] GC(2) Pause Cleanup
[2024-11-19T09:46:54.323-0500][gc          ] GC(2) Pause Cleanup 11M->11M(1024M) 0,228ms
[2024-11-19T09:46:54.323-0500][gc,cpu      ] GC(2) User=0,00s Sys=0,00s Real=0,00s
[2024-11-19T09:46:54.323-0500][gc,marking  ] GC(2) Concurrent Clear Claimed Marks
[2024-11-19T09:46:54.323-0500][gc,marking  ] GC(2) Concurrent Clear Claimed Marks 0,019ms
[2024-11-19T09:46:54.323-0500][gc,marking  ] GC(2) Concurrent Cleanup for Next Mark
[2024-11-19T09:46:54.337-0500][gc,marking  ] GC(2) Concurrent Cleanup for Next Mark 14,258ms
[2024-11-19T09:46:54.337-0500][gc          ] GC(2) Concurrent Mark Cycle 40,529ms
[2024-11-19T09:47:09.022-0500][gc,start    ] GC(3) Pause Young (Prepare Mixed) (G1 Evacuation Pause)
[2024-11-19T09:47:09.022-0500][gc,task     ] GC(3) Using 4 workers of 4 for evacuation
[2024-11-19T09:47:09.031-0500][gc,phases   ] GC(3)   Pre Evacuate Collection Set: 0,3ms
[2024-11-19T09:47:09.031-0500][gc,phases   ] GC(3)   Merge Heap Roots: 0,0ms
[2024-11-19T09:47:09.031-0500][gc,phases   ] GC(3)   Evacuate Collection Set: 8,1ms
[2024-11-19T09:47:09.031-0500][gc,phases   ] GC(3)   Post Evacuate Collection Set: 0,9ms
[2024-11-19T09:47:09.031-0500][gc,phases   ] GC(3)   Other: 0,1ms
[2024-11-19T09:47:09.031-0500][gc,heap     ] GC(3) Eden regions: 49->0(44)
[2024-11-19T09:47:09.031-0500][gc,heap     ] GC(3) Survivor regions: 2->7(7)
[2024-11-19T09:47:09.031-0500][gc,heap     ] GC(3) Old regions: 11->11
[2024-11-19T09:47:09.031-0500][gc,heap     ] GC(3) Humongous regions: 129->129
[2024-11-19T09:47:09.031-0500][gc,metaspace] GC(3) Metaspace: 32761K(33024K)->32761K(33024K) NonClass: 29271K(29440K)->29271K(29440K) Class: 3489K(3584K)->3489K(3584K)
[2024-11-19T09:47:09.031-0500][gc          ] GC(3) Pause Young (Prepare Mixed) (G1 Evacuation Pause) 188M->144M(1024M) 9,582ms
[2024-11-19T09:47:09.031-0500][gc,cpu      ] GC(3) User=0,02s Sys=0,00s Real=0,01s
[2024-11-19T09:47:09.378-0500][gc,start    ] GC(4) Pause Young (Mixed) (Metadata GC Threshold)
[2024-11-19T09:47:09.378-0500][gc,task     ] GC(4) Using 4 workers of 4 for evacuation
[2024-11-19T09:47:09.402-0500][gc,mmu      ] GC(4) MMU target violated: 21,0ms (20,0ms/21,0ms)
[2024-11-19T09:47:09.402-0500][gc,phases   ] GC(4)   Pre Evacuate Collection Set: 1,3ms
[2024-11-19T09:47:09.402-0500][gc,phases   ] GC(4)   Merge Heap Roots: 0,2ms
[2024-11-19T09:47:09.402-0500][gc,phases   ] GC(4)   Evacuate Collection Set: 21,8ms
[2024-11-19T09:47:09.402-0500][gc,phases   ] GC(4)   Post Evacuate Collection Set: 0,9ms
[2024-11-19T09:47:09.402-0500][gc,phases   ] GC(4)   Other: 0,1ms
[2024-11-19T09:47:09.402-0500][gc,heap     ] GC(4) Eden regions: 13->0(50)
[2024-11-19T09:47:09.402-0500][gc,heap     ] GC(4) Survivor regions: 7->1(7)
[2024-11-19T09:47:09.403-0500][gc,heap     ] GC(4) Old regions: 11->16
[2024-11-19T09:47:09.403-0500][gc,heap     ] GC(4) Humongous regions: 129->129
[2024-11-19T09:47:09.403-0500][gc,metaspace] GC(4) Metaspace: 35803K(36096K)->35803K(36096K) NonClass: 31973K(32128K)->31973K(32128K) Class: 3830K(3968K)->3830K(3968K)
[2024-11-19T09:47:09.403-0500][gc          ] GC(4) Pause Young (Mixed) (Metadata GC Threshold) 157M->145M(1024M) 24,600ms
[2024-11-19T09:47:09.403-0500][gc,cpu      ] GC(4) User=0,05s Sys=0,00s Real=0,02s
[2024-11-19T09:47:09.485-0500][gc,start    ] GC(5) Pause Young (Concurrent Start) (Metadata GC Threshold)
[2024-11-19T09:47:09.485-0500][gc,task     ] GC(5) Using 4 workers of 4 for evacuation
[2024-11-19T09:47:09.500-0500][gc,phases   ] GC(5)   Pre Evacuate Collection Set: 5,5ms
[2024-11-19T09:47:09.500-0500][gc,phases   ] GC(5)   Merge Heap Roots: 0,1ms
[2024-11-19T09:47:09.500-0500][gc,phases   ] GC(5)   Evacuate Collection Set: 8,8ms
[2024-11-19T09:47:09.500-0500][gc,phases   ] GC(5)   Post Evacuate Collection Set: 0,6ms
[2024-11-19T09:47:09.500-0500][gc,phases   ] GC(5)   Other: 0,1ms
[2024-11-19T09:47:09.500-0500][gc,heap     ] GC(5) Eden regions: 3->0(50)
[2024-11-19T09:47:09.500-0500][gc,heap     ] GC(5) Survivor regions: 1->1(7)
[2024-11-19T09:47:09.500-0500][gc,heap     ] GC(5) Old regions: 16->16
[2024-11-19T09:47:09.500-0500][gc,heap     ] GC(5) Humongous regions: 129->129
[2024-11-19T09:47:09.500-0500][gc,metaspace] GC(5) Metaspace: 36131K(36416K)->36131K(36416K) NonClass: 32256K(32384K)->32256K(32384K) Class: 3874K(4032K)->3874K(4032K)
[2024-11-19T09:47:09.500-0500][gc          ] GC(5) Pause Young (Concurrent Start) (Metadata GC Threshold) 147M->145M(1024M) 15,383ms
[2024-11-19T09:47:09.500-0500][gc          ] GC(6) Concurrent Mark Cycle
[2024-11-19T09:47:09.500-0500][gc,cpu      ] GC(5) User=0,03s Sys=0,00s Real=0,01s
[2024-11-19T09:47:09.500-0500][gc,marking  ] GC(6) Concurrent Scan Root Regions
[2024-11-19T09:47:09.508-0500][gc,marking  ] GC(6) Concurrent Scan Root Regions 8,260ms
[2024-11-19T09:47:09.509-0500][gc,marking  ] GC(6) Concurrent Mark
[2024-11-19T09:47:09.509-0500][gc,marking  ] GC(6) Concurrent Mark From Roots
[2024-11-19T09:47:09.509-0500][gc,task     ] GC(6) Using 1 workers of 1 for marking
[2024-11-19T09:47:09.710-0500][gc,marking  ] GC(6) Concurrent Mark From Roots 201,424ms
[2024-11-19T09:47:09.710-0500][gc,marking  ] GC(6) Concurrent Preclean
[2024-11-19T09:47:09.710-0500][gc,marking  ] GC(6) Concurrent Preclean 0,065ms
[2024-11-19T09:47:09.710-0500][gc,start    ] GC(6) Pause Remark
[2024-11-19T09:47:09.738-0500][gc,mmu      ] GC(6) MMU target violated: 21,0ms (20,0ms/21,0ms)
[2024-11-19T09:47:09.738-0500][gc          ] GC(6) Pause Remark 148M->148M(1024M) 27,715ms
[2024-11-19T09:47:09.738-0500][gc,cpu      ] GC(6) User=0,04s Sys=0,00s Real=0,03s
[2024-11-19T09:47:09.738-0500][gc,marking  ] GC(6) Concurrent Mark 229,588ms
[2024-11-19T09:47:09.738-0500][gc,marking  ] GC(6) Concurrent Rebuild Remembered Sets and Scrub Regions
[2024-11-19T09:47:09.791-0500][gc,marking  ] GC(6) Concurrent Rebuild Remembered Sets and Scrub Regions 52,569ms
[2024-11-19T09:47:09.793-0500][gc,start    ] GC(6) Pause Cleanup
[2024-11-19T09:47:09.793-0500][gc          ] GC(6) Pause Cleanup 149M->149M(1024M) 0,281ms
[2024-11-19T09:47:09.793-0500][gc,cpu      ] GC(6) User=0,00s Sys=0,00s Real=0,00s
[2024-11-19T09:47:09.794-0500][gc,marking  ] GC(6) Concurrent Clear Claimed Marks
[2024-11-19T09:47:09.794-0500][gc,marking  ] GC(6) Concurrent Clear Claimed Marks 0,041ms
[2024-11-19T09:47:09.794-0500][gc,marking  ] GC(6) Concurrent Cleanup for Next Mark
[2024-11-19T09:47:09.800-0500][gc,marking  ] GC(6) Concurrent Cleanup for Next Mark 6,527ms
[2024-11-19T09:47:09.800-0500][gc          ] GC(6) Concurrent Mark Cycle 299,982ms
[2024-11-19T13:54:58.290-0500][gc,heap,exit] Heap
[2024-11-19T13:54:58.306-0500][gc,heap,exit]  garbage-first heap   total 1048576K, used 186400K [0x00000000c0000000, 0x0000000100000000)
[2024-11-19T13:54:58.306-0500][gc,heap,exit]   region size 1024K, 38 young (38912K), 1 survivors (1024K)
[2024-11-19T13:54:58.306-0500][gc,heap,exit]  Metaspace       used 39439K, committed 39744K, reserved 1114112K
[2024-11-19T13:54:58.306-0500][gc,heap,exit]   class space    used 4346K, committed 4480K, reserved 1048576K
