[2024-11-20T19:44:47.444-0500][gc,init] CardTable entry size: 512
[2024-11-20T19:44:47.445-0500][gc     ] Using G1
[2024-11-20T19:44:47.479-0500][gc,init] Version: 21.0.5+11 (release)
[2024-11-20T19:44:47.480-0500][gc,init] CPUs: 4 total, 4 available
[2024-11-20T19:44:47.480-0500][gc,init] Memory: 11836M
[2024-11-20T19:44:47.480-0500][gc,init] Large Page Support: Disabled
[2024-11-20T19:44:47.480-0500][gc,init] NUMA Support: Disabled
[2024-11-20T19:44:47.480-0500][gc,init] Compressed Oops: Enabled (32-bit)
[2024-11-20T19:44:47.480-0500][gc,init] Heap Region Size: 1M
[2024-11-20T19:44:47.480-0500][gc,init] Heap Min Capacity: 1G
[2024-11-20T19:44:47.480-0500][gc,init] Heap Initial Capacity: 1G
[2024-11-20T19:44:47.480-0500][gc,init] Heap Max Capacity: 1G
[2024-11-20T19:44:47.480-0500][gc,init] Pre-touch: Disabled
[2024-11-20T19:44:47.480-0500][gc,init] Parallel Workers: 4
[2024-11-20T19:44:47.480-0500][gc,init] Concurrent Workers: 1
[2024-11-20T19:44:47.480-0500][gc,init] Concurrent Refinement Workers: 4
[2024-11-20T19:44:47.480-0500][gc,init] Periodic GC: Disabled
[2024-11-20T19:44:47.491-0500][gc,metaspace] CDS archive(s) mapped at: [0x00007f607b000000-0x00007f607bc99000-0x00007f607bc99000), size 13209600, SharedBaseAddress: 0x00007f607b000000, ArchiveRelocationMode: 1.
[2024-11-20T19:44:47.491-0500][gc,metaspace] Compressed class space mapped at: 0x00007f607c000000-0x00007f60bc000000, reserved size: 1073741824
[2024-11-20T19:44:47.491-0500][gc,metaspace] Narrow klass base: 0x00007f607b000000, Narrow klass shift: 0, Narrow klass range: 0x100000000
[2024-11-20T19:46:41.039-0500][gc,start    ] GC(0) Pause Young (Normal) (G1 Evacuation Pause)
[2024-11-20T19:46:41.041-0500][gc,task     ] GC(0) Using 4 workers of 4 for evacuation
[2024-11-20T19:46:41.102-0500][gc,mmu      ] GC(0) MMU target violated: 21,0ms (20,0ms/21,0ms)
[2024-11-20T19:46:41.102-0500][gc,phases   ] GC(0)   Pre Evacuate Collection Set: 0,6ms
[2024-11-20T19:46:41.102-0500][gc,phases   ] GC(0)   Merge Heap Roots: 0,3ms
[2024-11-20T19:46:41.103-0500][gc,phases   ] GC(0)   Evacuate Collection Set: 54,7ms
[2024-11-20T19:46:41.103-0500][gc,phases   ] GC(0)   Post Evacuate Collection Set: 5,9ms
[2024-11-20T19:46:41.103-0500][gc,phases   ] GC(0)   Other: 1,4ms
[2024-11-20T19:46:41.103-0500][gc,heap     ] GC(0) Eden regions: 51->0(44)
[2024-11-20T19:46:41.103-0500][gc,heap     ] GC(0) Survivor regions: 0->7(7)
[2024-11-20T19:46:41.103-0500][gc,heap     ] GC(0) Old regions: 2->3
[2024-11-20T19:46:41.103-0500][gc,heap     ] GC(0) Humongous regions: 0->0
[2024-11-20T19:46:41.103-0500][gc,metaspace] GC(0) Metaspace: 17377K(17600K)->17377K(17600K) NonClass: 15373K(15488K)->15373K(15488K) Class: 2004K(2112K)->2004K(2112K)
[2024-11-20T19:46:41.103-0500][gc          ] GC(0) Pause Young (Normal) (G1 Evacuation Pause) 52M->9M(1024M) 63,576ms
[2024-11-20T19:46:41.103-0500][gc,cpu      ] GC(0) User=0,07s Sys=0,03s Real=0,07s
[2024-11-20T19:46:43.884-0500][gc,start    ] GC(1) Pause Young (Concurrent Start) (Metadata GC Threshold)
[2024-11-20T19:46:43.884-0500][gc,task     ] GC(1) Using 4 workers of 4 for evacuation
[2024-11-20T19:46:43.903-0500][gc,phases   ] GC(1)   Pre Evacuate Collection Set: 0,5ms
[2024-11-20T19:46:43.903-0500][gc,phases   ] GC(1)   Merge Heap Roots: 0,1ms
[2024-11-20T19:46:43.903-0500][gc,phases   ] GC(1)   Evacuate Collection Set: 17,2ms
[2024-11-20T19:46:43.903-0500][gc,phases   ] GC(1)   Post Evacuate Collection Set: 0,8ms
[2024-11-20T19:46:43.903-0500][gc,phases   ] GC(1)   Other: 0,2ms
[2024-11-20T19:46:43.903-0500][gc,heap     ] GC(1) Eden regions: 16->0(49)
[2024-11-20T19:46:43.903-0500][gc,heap     ] GC(1) Survivor regions: 7->2(7)
[2024-11-20T19:46:43.903-0500][gc,heap     ] GC(1) Old regions: 3->10
[2024-11-20T19:46:43.903-0500][gc,heap     ] GC(1) Humongous regions: 0->0
[2024-11-20T19:46:43.903-0500][gc,metaspace] GC(1) Metaspace: 21284K(21504K)->21284K(21504K) NonClass: 18820K(18944K)->18820K(18944K) Class: 2463K(2560K)->2463K(2560K)
[2024-11-20T19:46:43.903-0500][gc          ] GC(1) Pause Young (Concurrent Start) (Metadata GC Threshold) 24M->10M(1024M) 18,951ms
[2024-11-20T19:46:43.903-0500][gc          ] GC(2) Concurrent Mark Cycle
[2024-11-20T19:46:43.903-0500][gc,marking  ] GC(2) Concurrent Scan Root Regions
[2024-11-20T19:46:43.903-0500][gc,cpu      ] GC(1) User=0,03s Sys=0,00s Real=0,02s
[2024-11-20T19:46:43.909-0500][gc,marking  ] GC(2) Concurrent Scan Root Regions 6,190ms
[2024-11-20T19:46:43.909-0500][gc,marking  ] GC(2) Concurrent Mark
[2024-11-20T19:46:43.909-0500][gc,marking  ] GC(2) Concurrent Mark From Roots
[2024-11-20T19:46:43.909-0500][gc,task     ] GC(2) Using 1 workers of 1 for marking
[2024-11-20T19:46:43.920-0500][gc,marking  ] GC(2) Concurrent Mark From Roots 10,281ms
[2024-11-20T19:46:43.920-0500][gc,marking  ] GC(2) Concurrent Preclean
[2024-11-20T19:46:43.920-0500][gc,marking  ] GC(2) Concurrent Preclean 0,013ms
[2024-11-20T19:46:43.920-0500][gc,start    ] GC(2) Pause Remark
[2024-11-20T19:46:43.925-0500][gc          ] GC(2) Pause Remark 11M->11M(1024M) 5,663ms
[2024-11-20T19:46:43.925-0500][gc,cpu      ] GC(2) User=0,01s Sys=0,00s Real=0,01s
[2024-11-20T19:46:43.925-0500][gc,marking  ] GC(2) Concurrent Mark 16,215ms
[2024-11-20T19:46:43.926-0500][gc,marking  ] GC(2) Concurrent Rebuild Remembered Sets and Scrub Regions
[2024-11-20T19:46:43.932-0500][gc,marking  ] GC(2) Concurrent Rebuild Remembered Sets and Scrub Regions 6,114ms
[2024-11-20T19:46:43.932-0500][gc,start    ] GC(2) Pause Cleanup
[2024-11-20T19:46:43.933-0500][gc          ] GC(2) Pause Cleanup 11M->11M(1024M) 0,213ms
[2024-11-20T19:46:43.933-0500][gc,cpu      ] GC(2) User=0,00s Sys=0,00s Real=0,00s
[2024-11-20T19:46:43.933-0500][gc,marking  ] GC(2) Concurrent Clear Claimed Marks
[2024-11-20T19:46:43.933-0500][gc,marking  ] GC(2) Concurrent Clear Claimed Marks 0,026ms
[2024-11-20T19:46:43.933-0500][gc,marking  ] GC(2) Concurrent Cleanup for Next Mark
[2024-11-20T19:46:43.945-0500][gc,marking  ] GC(2) Concurrent Cleanup for Next Mark 12,292ms
[2024-11-20T19:46:43.945-0500][gc          ] GC(2) Concurrent Mark Cycle 42,044ms
[2024-11-20T19:46:46.948-0500][gc,start    ] GC(3) Pause Young (Prepare Mixed) (G1 Evacuation Pause)
[2024-11-20T19:46:46.948-0500][gc,task     ] GC(3) Using 4 workers of 4 for evacuation
[2024-11-20T19:46:46.957-0500][gc,phases   ] GC(3)   Pre Evacuate Collection Set: 0,2ms
[2024-11-20T19:46:46.957-0500][gc,phases   ] GC(3)   Merge Heap Roots: 0,1ms
[2024-11-20T19:46:46.957-0500][gc,phases   ] GC(3)   Evacuate Collection Set: 7,9ms
[2024-11-20T19:46:46.957-0500][gc,phases   ] GC(3)   Post Evacuate Collection Set: 0,7ms
[2024-11-20T19:46:46.957-0500][gc,phases   ] GC(3)   Other: 0,1ms
[2024-11-20T19:46:46.957-0500][gc,heap     ] GC(3) Eden regions: 49->0(44)
[2024-11-20T19:46:46.957-0500][gc,heap     ] GC(3) Survivor regions: 2->7(7)
[2024-11-20T19:46:46.957-0500][gc,heap     ] GC(3) Old regions: 10->10
[2024-11-20T19:46:46.957-0500][gc,heap     ] GC(3) Humongous regions: 129->129
[2024-11-20T19:46:46.957-0500][gc,metaspace] GC(3) Metaspace: 32819K(33024K)->32819K(33024K) NonClass: 29311K(29440K)->29311K(29440K) Class: 3508K(3584K)->3508K(3584K)
[2024-11-20T19:46:46.957-0500][gc          ] GC(3) Pause Young (Prepare Mixed) (G1 Evacuation Pause) 188M->144M(1024M) 9,084ms
[2024-11-20T19:46:46.957-0500][gc,cpu      ] GC(3) User=0,03s Sys=0,00s Real=0,01s
[2024-11-20T19:46:47.303-0500][gc,start    ] GC(4) Pause Young (Mixed) (Metadata GC Threshold)
[2024-11-20T19:46:47.303-0500][gc,task     ] GC(4) Using 4 workers of 4 for evacuation
[2024-11-20T19:46:47.313-0500][gc,phases   ] GC(4)   Pre Evacuate Collection Set: 0,2ms
[2024-11-20T19:46:47.313-0500][gc,phases   ] GC(4)   Merge Heap Roots: 0,0ms
[2024-11-20T19:46:47.313-0500][gc,phases   ] GC(4)   Evacuate Collection Set: 9,5ms
[2024-11-20T19:46:47.313-0500][gc,phases   ] GC(4)   Post Evacuate Collection Set: 0,5ms
[2024-11-20T19:46:47.313-0500][gc,phases   ] GC(4)   Other: 0,1ms
[2024-11-20T19:46:47.313-0500][gc,heap     ] GC(4) Eden regions: 13->0(49)
[2024-11-20T19:46:47.313-0500][gc,heap     ] GC(4) Survivor regions: 7->2(7)
[2024-11-20T19:46:47.313-0500][gc,heap     ] GC(4) Old regions: 10->16
[2024-11-20T19:46:47.313-0500][gc,heap     ] GC(4) Humongous regions: 129->129
[2024-11-20T19:46:47.313-0500][gc,metaspace] GC(4) Metaspace: 35860K(36096K)->35860K(36096K) NonClass: 32013K(32128K)->32013K(32128K) Class: 3847K(3968K)->3847K(3968K)
[2024-11-20T19:46:47.313-0500][gc          ] GC(4) Pause Young (Mixed) (Metadata GC Threshold) 157M->145M(1024M) 10,493ms
[2024-11-20T19:46:47.314-0500][gc,cpu      ] GC(4) User=0,03s Sys=0,00s Real=0,01s
[2024-11-20T19:46:47.325-0500][gc,start    ] GC(5) Pause Young (Concurrent Start) (Metadata GC Threshold)
[2024-11-20T19:46:47.325-0500][gc,task     ] GC(5) Using 4 workers of 4 for evacuation
[2024-11-20T19:46:47.328-0500][gc,phases   ] GC(5)   Pre Evacuate Collection Set: 0,3ms
[2024-11-20T19:46:47.328-0500][gc,phases   ] GC(5)   Merge Heap Roots: 0,0ms
[2024-11-20T19:46:47.328-0500][gc,phases   ] GC(5)   Evacuate Collection Set: 2,2ms
[2024-11-20T19:46:47.328-0500][gc,phases   ] GC(5)   Post Evacuate Collection Set: 0,3ms
[2024-11-20T19:46:47.328-0500][gc,phases   ] GC(5)   Other: 0,1ms
[2024-11-20T19:46:47.328-0500][gc,heap     ] GC(5) Eden regions: 2->0(50)
[2024-11-20T19:46:47.328-0500][gc,heap     ] GC(5) Survivor regions: 2->1(7)
[2024-11-20T19:46:47.328-0500][gc,heap     ] GC(5) Old regions: 16->16
[2024-11-20T19:46:47.328-0500][gc,heap     ] GC(5) Humongous regions: 129->129
[2024-11-20T19:46:47.328-0500][gc,metaspace] GC(5) Metaspace: 36099K(36416K)->36099K(36416K) NonClass: 32222K(32384K)->32222K(32384K) Class: 3876K(4032K)->3876K(4032K)
[2024-11-20T19:46:47.328-0500][gc          ] GC(5) Pause Young (Concurrent Start) (Metadata GC Threshold) 146M->145M(1024M) 3,123ms
[2024-11-20T19:46:47.328-0500][gc          ] GC(6) Concurrent Mark Cycle
[2024-11-20T19:46:47.328-0500][gc,cpu      ] GC(5) User=0,01s Sys=0,00s Real=0,00s
[2024-11-20T19:46:47.328-0500][gc,marking  ] GC(6) Concurrent Scan Root Regions
[2024-11-20T19:46:47.330-0500][gc,marking  ] GC(6) Concurrent Scan Root Regions 1,832ms
[2024-11-20T19:46:47.330-0500][gc,marking  ] GC(6) Concurrent Mark
[2024-11-20T19:46:47.330-0500][gc,marking  ] GC(6) Concurrent Mark From Roots
[2024-11-20T19:46:47.330-0500][gc,task     ] GC(6) Using 1 workers of 1 for marking
[2024-11-20T19:46:47.366-0500][gc,marking  ] GC(6) Concurrent Mark From Roots 36,329ms
[2024-11-20T19:46:47.367-0500][gc,marking  ] GC(6) Concurrent Preclean
[2024-11-20T19:46:47.367-0500][gc,marking  ] GC(6) Concurrent Preclean 0,052ms
[2024-11-20T19:46:47.367-0500][gc,start    ] GC(6) Pause Remark
[2024-11-20T19:46:47.370-0500][gc          ] GC(6) Pause Remark 147M->147M(1024M) 3,079ms
[2024-11-20T19:46:47.370-0500][gc,cpu      ] GC(6) User=0,01s Sys=0,00s Real=0,00s
[2024-11-20T19:46:47.370-0500][gc,marking  ] GC(6) Concurrent Mark 40,009ms
[2024-11-20T19:46:47.370-0500][gc,marking  ] GC(6) Concurrent Rebuild Remembered Sets and Scrub Regions
[2024-11-20T19:46:47.385-0500][gc,marking  ] GC(6) Concurrent Rebuild Remembered Sets and Scrub Regions 14,489ms
[2024-11-20T19:46:47.385-0500][gc,start    ] GC(6) Pause Cleanup
[2024-11-20T19:46:47.385-0500][gc          ] GC(6) Pause Cleanup 147M->147M(1024M) 0,185ms
[2024-11-20T19:46:47.385-0500][gc,cpu      ] GC(6) User=0,00s Sys=0,00s Real=0,00s
[2024-11-20T19:46:47.385-0500][gc,marking  ] GC(6) Concurrent Clear Claimed Marks
[2024-11-20T19:46:47.385-0500][gc,marking  ] GC(6) Concurrent Clear Claimed Marks 0,035ms
[2024-11-20T19:46:47.385-0500][gc,marking  ] GC(6) Concurrent Cleanup for Next Mark
[2024-11-20T19:46:47.388-0500][gc,marking  ] GC(6) Concurrent Cleanup for Next Mark 2,382ms
[2024-11-20T19:46:47.388-0500][gc          ] GC(6) Concurrent Mark Cycle 59,357ms
[2024-11-20T20:26:51.767-0500][gc,heap,exit] Heap
[2024-11-20T20:26:51.782-0500][gc,heap,exit]  garbage-first heap   total 1048576K, used 183353K [0x00000000c0000000, 0x0000000100000000)
[2024-11-20T20:26:51.782-0500][gc,heap,exit]   region size 1024K, 35 young (35840K), 1 survivors (1024K)
[2024-11-20T20:26:51.782-0500][gc,heap,exit]  Metaspace       used 39330K, committed 39680K, reserved 1114112K
[2024-11-20T20:26:51.782-0500][gc,heap,exit]   class space    used 4347K, committed 4480K, reserved 1048576K
