[2024-11-17T14:27:17.397-0500][gc,init] CardTable entry size: 512
[2024-11-17T14:27:17.398-0500][gc     ] Using G1
[2024-11-17T14:27:17.431-0500][gc,init] Version: 21.0.5+11 (release)
[2024-11-17T14:27:17.431-0500][gc,init] CPUs: 4 total, 4 available
[2024-11-17T14:27:17.431-0500][gc,init] Memory: 11836M
[2024-11-17T14:27:17.431-0500][gc,init] Large Page Support: Disabled
[2024-11-17T14:27:17.431-0500][gc,init] NUMA Support: Disabled
[2024-11-17T14:27:17.431-0500][gc,init] Compressed Oops: Enabled (32-bit)
[2024-11-17T14:27:17.431-0500][gc,init] Heap Region Size: 1M
[2024-11-17T14:27:17.431-0500][gc,init] Heap Min Capacity: 1G
[2024-11-17T14:27:17.431-0500][gc,init] Heap Initial Capacity: 1G
[2024-11-17T14:27:17.431-0500][gc,init] Heap Max Capacity: 1G
[2024-11-17T14:27:17.431-0500][gc,init] Pre-touch: Disabled
[2024-11-17T14:27:17.431-0500][gc,init] Parallel Workers: 4
[2024-11-17T14:27:17.431-0500][gc,init] Concurrent Workers: 1
[2024-11-17T14:27:17.431-0500][gc,init] Concurrent Refinement Workers: 4
[2024-11-17T14:27:17.431-0500][gc,init] Periodic GC: Disabled
[2024-11-17T14:27:17.443-0500][gc,metaspace] CDS archive(s) mapped at: [0x00007f0eaf000000-0x00007f0eafc99000-0x00007f0eafc99000), size 13209600, SharedBaseAddress: 0x00007f0eaf000000, ArchiveRelocationMode: 1.
[2024-11-17T14:27:17.443-0500][gc,metaspace] Compressed class space mapped at: 0x00007f0eb0000000-0x00007f0ef0000000, reserved size: 1073741824
[2024-11-17T14:27:17.443-0500][gc,metaspace] Narrow klass base: 0x00007f0eaf000000, Narrow klass shift: 0, Narrow klass range: 0x100000000
[2024-11-17T14:28:49.597-0500][gc,start    ] GC(0) Pause Young (Normal) (G1 Evacuation Pause)
[2024-11-17T14:28:49.598-0500][gc,task     ] GC(0) Using 4 workers of 4 for evacuation
[2024-11-17T14:28:49.608-0500][gc,phases   ] GC(0)   Pre Evacuate Collection Set: 0,2ms
[2024-11-17T14:28:49.608-0500][gc,phases   ] GC(0)   Merge Heap Roots: 0,1ms
[2024-11-17T14:28:49.608-0500][gc,phases   ] GC(0)   Evacuate Collection Set: 9,0ms
[2024-11-17T14:28:49.608-0500][gc,phases   ] GC(0)   Post Evacuate Collection Set: 0,8ms
[2024-11-17T14:28:49.608-0500][gc,phases   ] GC(0)   Other: 0,6ms
[2024-11-17T14:28:49.608-0500][gc,heap     ] GC(0) Eden regions: 51->0(44)
[2024-11-17T14:28:49.608-0500][gc,heap     ] GC(0) Survivor regions: 0->7(7)
[2024-11-17T14:28:49.608-0500][gc,heap     ] GC(0) Old regions: 2->3
[2024-11-17T14:28:49.608-0500][gc,heap     ] GC(0) Humongous regions: 0->0
[2024-11-17T14:28:49.608-0500][gc,metaspace] GC(0) Metaspace: 17379K(17600K)->17379K(17600K) NonClass: 15377K(15488K)->15377K(15488K) Class: 2002K(2112K)->2002K(2112K)
[2024-11-17T14:28:49.608-0500][gc          ] GC(0) Pause Young (Normal) (G1 Evacuation Pause) 52M->9M(1024M) 11,077ms
[2024-11-17T14:28:49.608-0500][gc,cpu      ] GC(0) User=0,03s Sys=0,01s Real=0,01s
[2024-11-17T14:28:56.053-0500][gc,start    ] GC(1) Pause Young (Concurrent Start) (Metadata GC Threshold)
[2024-11-17T14:28:56.053-0500][gc,task     ] GC(1) Using 4 workers of 4 for evacuation
[2024-11-17T14:28:56.068-0500][gc,phases   ] GC(1)   Pre Evacuate Collection Set: 0,3ms
[2024-11-17T14:28:56.068-0500][gc,phases   ] GC(1)   Merge Heap Roots: 0,1ms
[2024-11-17T14:28:56.068-0500][gc,phases   ] GC(1)   Evacuate Collection Set: 13,0ms
[2024-11-17T14:28:56.068-0500][gc,phases   ] GC(1)   Post Evacuate Collection Set: 0,8ms
[2024-11-17T14:28:56.068-0500][gc,phases   ] GC(1)   Other: 0,1ms
[2024-11-17T14:28:56.068-0500][gc,heap     ] GC(1) Eden regions: 16->0(49)
[2024-11-17T14:28:56.068-0500][gc,heap     ] GC(1) Survivor regions: 7->2(7)
[2024-11-17T14:28:56.068-0500][gc,heap     ] GC(1) Old regions: 3->11
[2024-11-17T14:28:56.068-0500][gc,heap     ] GC(1) Humongous regions: 0->0
[2024-11-17T14:28:56.068-0500][gc,metaspace] GC(1) Metaspace: 21290K(21504K)->21290K(21504K) NonClass: 18829K(18944K)->18829K(18944K) Class: 2461K(2560K)->2461K(2560K)
[2024-11-17T14:28:56.068-0500][gc          ] GC(1) Pause Young (Concurrent Start) (Metadata GC Threshold) 24M->11M(1024M) 14,510ms
[2024-11-17T14:28:56.068-0500][gc,cpu      ] GC(1) User=0,04s Sys=0,01s Real=0,01s
[2024-11-17T14:28:56.068-0500][gc          ] GC(2) Concurrent Mark Cycle
[2024-11-17T14:28:56.068-0500][gc,marking  ] GC(2) Concurrent Scan Root Regions
[2024-11-17T14:28:56.079-0500][gc,marking  ] GC(2) Concurrent Scan Root Regions 11,012ms
[2024-11-17T14:28:56.079-0500][gc,marking  ] GC(2) Concurrent Mark
[2024-11-17T14:28:56.079-0500][gc,marking  ] GC(2) Concurrent Mark From Roots
[2024-11-17T14:28:56.079-0500][gc,task     ] GC(2) Using 1 workers of 1 for marking
[2024-11-17T14:28:56.089-0500][gc,marking  ] GC(2) Concurrent Mark From Roots 10,261ms
[2024-11-17T14:28:56.089-0500][gc,marking  ] GC(2) Concurrent Preclean
[2024-11-17T14:28:56.089-0500][gc,marking  ] GC(2) Concurrent Preclean 0,025ms
[2024-11-17T14:28:56.090-0500][gc,start    ] GC(2) Pause Remark
[2024-11-17T14:28:56.095-0500][gc          ] GC(2) Pause Remark 11M->11M(1024M) 4,918ms
[2024-11-17T14:28:56.095-0500][gc,cpu      ] GC(2) User=0,01s Sys=0,00s Real=0,00s
[2024-11-17T14:28:56.095-0500][gc,marking  ] GC(2) Concurrent Mark 15,644ms
[2024-11-17T14:28:56.095-0500][gc,marking  ] GC(2) Concurrent Rebuild Remembered Sets and Scrub Regions
[2024-11-17T14:28:56.106-0500][gc,marking  ] GC(2) Concurrent Rebuild Remembered Sets and Scrub Regions 11,411ms
[2024-11-17T14:28:56.106-0500][gc,start    ] GC(2) Pause Cleanup
[2024-11-17T14:28:56.107-0500][gc          ] GC(2) Pause Cleanup 11M->11M(1024M) 0,450ms
[2024-11-17T14:28:56.107-0500][gc,cpu      ] GC(2) User=0,00s Sys=0,00s Real=0,00s
[2024-11-17T14:28:56.107-0500][gc,marking  ] GC(2) Concurrent Clear Claimed Marks
[2024-11-17T14:28:56.107-0500][gc,marking  ] GC(2) Concurrent Clear Claimed Marks 0,045ms
[2024-11-17T14:28:56.107-0500][gc,marking  ] GC(2) Concurrent Cleanup for Next Mark
[2024-11-17T14:28:56.128-0500][gc,marking  ] GC(2) Concurrent Cleanup for Next Mark 21,408ms
[2024-11-17T14:28:56.128-0500][gc          ] GC(2) Concurrent Mark Cycle 60,511ms
[2024-11-17T14:29:01.094-0500][gc,start    ] GC(3) Pause Young (Prepare Mixed) (GCLocker Initiated GC)
[2024-11-17T14:29:01.094-0500][gc,task     ] GC(3) Using 4 workers of 4 for evacuation
[2024-11-17T14:29:01.103-0500][gc,phases   ] GC(3)   Pre Evacuate Collection Set: 0,2ms
[2024-11-17T14:29:01.103-0500][gc,phases   ] GC(3)   Merge Heap Roots: 0,1ms
[2024-11-17T14:29:01.103-0500][gc,phases   ] GC(3)   Evacuate Collection Set: 8,1ms
[2024-11-17T14:29:01.103-0500][gc,phases   ] GC(3)   Post Evacuate Collection Set: 1,2ms
[2024-11-17T14:29:01.103-0500][gc,phases   ] GC(3)   Other: 0,1ms
[2024-11-17T14:29:01.103-0500][gc,heap     ] GC(3) Eden regions: 50->0(44)
[2024-11-17T14:29:01.103-0500][gc,heap     ] GC(3) Survivor regions: 2->7(7)
[2024-11-17T14:29:01.103-0500][gc,heap     ] GC(3) Old regions: 11->11
[2024-11-17T14:29:01.103-0500][gc,heap     ] GC(3) Humongous regions: 129->129
[2024-11-17T14:29:01.103-0500][gc,metaspace] GC(3) Metaspace: 32811K(33024K)->32811K(33024K) NonClass: 29306K(29440K)->29306K(29440K) Class: 3505K(3584K)->3505K(3584K)
[2024-11-17T14:29:01.103-0500][gc          ] GC(3) Pause Young (Prepare Mixed) (GCLocker Initiated GC) 189M->145M(1024M) 9,811ms
[2024-11-17T14:29:01.103-0500][gc,cpu      ] GC(3) User=0,02s Sys=0,00s Real=0,01s
[2024-11-17T14:29:01.496-0500][gc,start    ] GC(4) Pause Young (Mixed) (Metadata GC Threshold)
[2024-11-17T14:29:01.496-0500][gc,task     ] GC(4) Using 4 workers of 4 for evacuation
[2024-11-17T14:29:01.520-0500][gc,mmu      ] GC(4) MMU target violated: 21,0ms (20,0ms/21,0ms)
[2024-11-17T14:29:01.520-0500][gc,phases   ] GC(4)   Pre Evacuate Collection Set: 2,5ms
[2024-11-17T14:29:01.520-0500][gc,phases   ] GC(4)   Merge Heap Roots: 0,1ms
[2024-11-17T14:29:01.520-0500][gc,phases   ] GC(4)   Evacuate Collection Set: 20,4ms
[2024-11-17T14:29:01.520-0500][gc,phases   ] GC(4)   Post Evacuate Collection Set: 1,0ms
[2024-11-17T14:29:01.520-0500][gc,phases   ] GC(4)   Other: 0,1ms
[2024-11-17T14:29:01.520-0500][gc,heap     ] GC(4) Eden regions: 13->0(50)
[2024-11-17T14:29:01.520-0500][gc,heap     ] GC(4) Survivor regions: 7->1(7)
[2024-11-17T14:29:01.520-0500][gc,heap     ] GC(4) Old regions: 11->16
[2024-11-17T14:29:01.520-0500][gc,heap     ] GC(4) Humongous regions: 129->129
[2024-11-17T14:29:01.520-0500][gc,metaspace] GC(4) Metaspace: 35853K(36096K)->35853K(36096K) NonClass: 32025K(32192K)->32025K(32192K) Class: 3827K(3904K)->3827K(3904K)
[2024-11-17T14:29:01.520-0500][gc          ] GC(4) Pause Young (Mixed) (Metadata GC Threshold) 157M->145M(1024M) 24,259ms
[2024-11-17T14:29:01.520-0500][gc,cpu      ] GC(4) User=0,05s Sys=0,00s Real=0,03s
[2024-11-17T14:29:01.559-0500][gc,start    ] GC(5) Pause Young (Concurrent Start) (Metadata GC Threshold)
[2024-11-17T14:29:01.559-0500][gc,task     ] GC(5) Using 4 workers of 4 for evacuation
[2024-11-17T14:29:01.563-0500][gc,phases   ] GC(5)   Pre Evacuate Collection Set: 0,4ms
[2024-11-17T14:29:01.563-0500][gc,phases   ] GC(5)   Merge Heap Roots: 0,1ms
[2024-11-17T14:29:01.563-0500][gc,phases   ] GC(5)   Evacuate Collection Set: 3,5ms
[2024-11-17T14:29:01.563-0500][gc,phases   ] GC(5)   Post Evacuate Collection Set: 0,5ms
[2024-11-17T14:29:01.563-0500][gc,phases   ] GC(5)   Other: 0,1ms
[2024-11-17T14:29:01.563-0500][gc,heap     ] GC(5) Eden regions: 3->0(50)
[2024-11-17T14:29:01.563-0500][gc,heap     ] GC(5) Survivor regions: 1->1(7)
[2024-11-17T14:29:01.564-0500][gc,heap     ] GC(5) Old regions: 16->16
[2024-11-17T14:29:01.564-0500][gc,heap     ] GC(5) Humongous regions: 129->129
[2024-11-17T14:29:01.564-0500][gc,metaspace] GC(5) Metaspace: 36194K(36416K)->36194K(36416K) NonClass: 32305K(32448K)->32305K(32448K) Class: 3889K(3968K)->3889K(3968K)
[2024-11-17T14:29:01.564-0500][gc          ] GC(5) Pause Young (Concurrent Start) (Metadata GC Threshold) 148M->145M(1024M) 4,807ms
[2024-11-17T14:29:01.564-0500][gc,cpu      ] GC(5) User=0,01s Sys=0,00s Real=0,00s
[2024-11-17T14:29:01.566-0500][gc          ] GC(6) Concurrent Mark Cycle
[2024-11-17T14:29:01.566-0500][gc,marking  ] GC(6) Concurrent Scan Root Regions
[2024-11-17T14:29:01.568-0500][gc,marking  ] GC(6) Concurrent Scan Root Regions 1,684ms
[2024-11-17T14:29:01.568-0500][gc,marking  ] GC(6) Concurrent Mark
[2024-11-17T14:29:01.568-0500][gc,marking  ] GC(6) Concurrent Mark From Roots
[2024-11-17T14:29:01.568-0500][gc,task     ] GC(6) Using 1 workers of 1 for marking
[2024-11-17T14:29:01.619-0500][gc,marking  ] GC(6) Concurrent Mark From Roots 51,099ms
[2024-11-17T14:29:01.619-0500][gc,marking  ] GC(6) Concurrent Preclean
[2024-11-17T14:29:01.619-0500][gc,marking  ] GC(6) Concurrent Preclean 0,065ms
[2024-11-17T14:29:01.619-0500][gc,start    ] GC(6) Pause Remark
[2024-11-17T14:29:01.623-0500][gc          ] GC(6) Pause Remark 147M->147M(1024M) 4,303ms
[2024-11-17T14:29:01.623-0500][gc,cpu      ] GC(6) User=0,01s Sys=0,00s Real=0,00s
[2024-11-17T14:29:01.624-0500][gc,marking  ] GC(6) Concurrent Mark 55,860ms
[2024-11-17T14:29:01.624-0500][gc,marking  ] GC(6) Concurrent Rebuild Remembered Sets and Scrub Regions
[2024-11-17T14:29:01.646-0500][gc,marking  ] GC(6) Concurrent Rebuild Remembered Sets and Scrub Regions 22,391ms
[2024-11-17T14:29:01.646-0500][gc,start    ] GC(6) Pause Cleanup
[2024-11-17T14:29:01.646-0500][gc          ] GC(6) Pause Cleanup 147M->147M(1024M) 0,183ms
[2024-11-17T14:29:01.646-0500][gc,cpu      ] GC(6) User=0,00s Sys=0,00s Real=0,00s
[2024-11-17T14:29:01.646-0500][gc,marking  ] GC(6) Concurrent Clear Claimed Marks
[2024-11-17T14:29:01.646-0500][gc,marking  ] GC(6) Concurrent Clear Claimed Marks 0,030ms
[2024-11-17T14:29:01.646-0500][gc,marking  ] GC(6) Concurrent Cleanup for Next Mark
[2024-11-17T14:29:01.647-0500][gc,marking  ] GC(6) Concurrent Cleanup for Next Mark 1,109ms
[2024-11-17T14:29:01.648-0500][gc          ] GC(6) Concurrent Mark Cycle 81,564ms
[2024-11-17T16:55:28.908-0500][gc,start    ] GC(7) Pause Young (Prepare Mixed) (G1 Evacuation Pause)
[2024-11-17T16:55:28.926-0500][gc,task     ] GC(7) Using 4 workers of 4 for evacuation
[2024-11-17T16:55:28.953-0500][gc,mmu      ] GC(7) MMU target violated: 21,0ms (20,0ms/21,0ms)
[2024-11-17T16:55:28.953-0500][gc,phases   ] GC(7)   Pre Evacuate Collection Set: 5,3ms
[2024-11-17T16:55:28.953-0500][gc,phases   ] GC(7)   Merge Heap Roots: 3,1ms
[2024-11-17T16:55:28.953-0500][gc,phases   ] GC(7)   Evacuate Collection Set: 12,2ms
[2024-11-17T16:55:28.953-0500][gc,phases   ] GC(7)   Post Evacuate Collection Set: 5,8ms
[2024-11-17T16:55:28.953-0500][gc,phases   ] GC(7)   Other: 0,2ms
[2024-11-17T16:55:28.953-0500][gc,heap     ] GC(7) Eden regions: 50->0(49)
[2024-11-17T16:55:28.953-0500][gc,heap     ] GC(7) Survivor regions: 1->2(7)
[2024-11-17T16:55:28.953-0500][gc,heap     ] GC(7) Old regions: 16->16
[2024-11-17T16:55:28.953-0500][gc,heap     ] GC(7) Humongous regions: 129->129
[2024-11-17T16:55:28.953-0500][gc,metaspace] GC(7) Metaspace: 38635K(38976K)->38635K(38976K) NonClass: 34461K(34624K)->34461K(34624K) Class: 4173K(4352K)->4173K(4352K)
[2024-11-17T16:55:28.953-0500][gc          ] GC(7) Pause Young (Prepare Mixed) (G1 Evacuation Pause) 195M->145M(1024M) 44,668ms
[2024-11-17T16:55:28.953-0500][gc,cpu      ] GC(7) User=0,01s Sys=0,03s Real=0,05s
