[2024-11-19T21:45:07.844-0500][gc,init] CardTable entry size: 512
[2024-11-19T21:45:07.844-0500][gc     ] Using G1
[2024-11-19T21:45:07.866-0500][gc,init] Version: 21.0.5+11 (release)
[2024-11-19T21:45:07.866-0500][gc,init] CPUs: 4 total, 4 available
[2024-11-19T21:45:07.866-0500][gc,init] Memory: 11836M
[2024-11-19T21:45:07.866-0500][gc,init] Large Page Support: Disabled
[2024-11-19T21:45:07.866-0500][gc,init] NUMA Support: Disabled
[2024-11-19T21:45:07.866-0500][gc,init] Compressed Oops: Enabled (32-bit)
[2024-11-19T21:45:07.866-0500][gc,init] Heap Region Size: 1M
[2024-11-19T21:45:07.866-0500][gc,init] Heap Min Capacity: 1G
[2024-11-19T21:45:07.866-0500][gc,init] Heap Initial Capacity: 1G
[2024-11-19T21:45:07.866-0500][gc,init] Heap Max Capacity: 1G
[2024-11-19T21:45:07.866-0500][gc,init] Pre-touch: Disabled
[2024-11-19T21:45:07.866-0500][gc,init] Parallel Workers: 4
[2024-11-19T21:45:07.866-0500][gc,init] Concurrent Workers: 1
[2024-11-19T21:45:07.866-0500][gc,init] Concurrent Refinement Workers: 4
[2024-11-19T21:45:07.866-0500][gc,init] Periodic GC: Disabled
[2024-11-19T21:45:07.882-0500][gc,metaspace] CDS archive(s) mapped at: [0x00007f5f6f000000-0x00007f5f6fc99000-0x00007f5f6fc99000), size 13209600, SharedBaseAddress: 0x00007f5f6f000000, ArchiveRelocationMode: 1.
[2024-11-19T21:45:07.882-0500][gc,metaspace] Compressed class space mapped at: 0x00007f5f70000000-0x00007f5fb0000000, reserved size: 1073741824
[2024-11-19T21:45:07.882-0500][gc,metaspace] Narrow klass base: 0x00007f5f6f000000, Narrow klass shift: 0, Narrow klass range: 0x100000000
[2024-11-19T21:45:11.282-0500][gc,start    ] GC(0) Pause Young (Normal) (G1 Evacuation Pause)
[2024-11-19T21:45:11.282-0500][gc,task     ] GC(0) Using 4 workers of 4 for evacuation
[2024-11-19T21:45:11.295-0500][gc,phases   ] GC(0)   Pre Evacuate Collection Set: 0,3ms
[2024-11-19T21:45:11.295-0500][gc,phases   ] GC(0)   Merge Heap Roots: 0,1ms
[2024-11-19T21:45:11.295-0500][gc,phases   ] GC(0)   Evacuate Collection Set: 9,8ms
[2024-11-19T21:45:11.295-0500][gc,phases   ] GC(0)   Post Evacuate Collection Set: 2,4ms
[2024-11-19T21:45:11.295-0500][gc,phases   ] GC(0)   Other: 0,5ms
[2024-11-19T21:45:11.295-0500][gc,heap     ] GC(0) Eden regions: 51->0(44)
[2024-11-19T21:45:11.295-0500][gc,heap     ] GC(0) Survivor regions: 0->7(7)
[2024-11-19T21:45:11.295-0500][gc,heap     ] GC(0) Old regions: 2->4
[2024-11-19T21:45:11.295-0500][gc,heap     ] GC(0) Humongous regions: 0->0
[2024-11-19T21:45:11.295-0500][gc,metaspace] GC(0) Metaspace: 17342K(17600K)->17342K(17600K) NonClass: 15343K(15488K)->15343K(15488K) Class: 1998K(2112K)->1998K(2112K)
[2024-11-19T21:45:11.295-0500][gc          ] GC(0) Pause Young (Normal) (G1 Evacuation Pause) 52M->9M(1024M) 13,384ms
[2024-11-19T21:45:11.295-0500][gc,cpu      ] GC(0) User=0,03s Sys=0,00s Real=0,01s
[2024-11-19T21:45:11.762-0500][gc,start    ] GC(1) Pause Young (Concurrent Start) (Metadata GC Threshold)
[2024-11-19T21:45:11.762-0500][gc,task     ] GC(1) Using 4 workers of 4 for evacuation
[2024-11-19T21:45:11.772-0500][gc,phases   ] GC(1)   Pre Evacuate Collection Set: 0,4ms
[2024-11-19T21:45:11.773-0500][gc,phases   ] GC(1)   Merge Heap Roots: 0,1ms
[2024-11-19T21:45:11.773-0500][gc,phases   ] GC(1)   Evacuate Collection Set: 9,4ms
[2024-11-19T21:45:11.773-0500][gc,phases   ] GC(1)   Post Evacuate Collection Set: 0,8ms
[2024-11-19T21:45:11.773-0500][gc,phases   ] GC(1)   Other: 0,1ms
[2024-11-19T21:45:11.773-0500][gc,heap     ] GC(1) Eden regions: 15->0(50)
[2024-11-19T21:45:11.773-0500][gc,heap     ] GC(1) Survivor regions: 7->1(7)
[2024-11-19T21:45:11.773-0500][gc,heap     ] GC(1) Old regions: 4->11
[2024-11-19T21:45:11.773-0500][gc,heap     ] GC(1) Humongous regions: 0->0
[2024-11-19T21:45:11.773-0500][gc,metaspace] GC(1) Metaspace: 21319K(21504K)->21319K(21504K) NonClass: 18855K(18944K)->18855K(18944K) Class: 2463K(2560K)->2463K(2560K)
[2024-11-19T21:45:11.773-0500][gc          ] GC(1) Pause Young (Concurrent Start) (Metadata GC Threshold) 24M->10M(1024M) 10,984ms
[2024-11-19T21:45:11.773-0500][gc,cpu      ] GC(1) User=0,03s Sys=0,00s Real=0,01s
[2024-11-19T21:45:11.773-0500][gc          ] GC(2) Concurrent Mark Cycle
[2024-11-19T21:45:11.773-0500][gc,marking  ] GC(2) Concurrent Scan Root Regions
[2024-11-19T21:45:11.779-0500][gc,marking  ] GC(2) Concurrent Scan Root Regions 6,333ms
[2024-11-19T21:45:11.779-0500][gc,marking  ] GC(2) Concurrent Mark
[2024-11-19T21:45:11.779-0500][gc,marking  ] GC(2) Concurrent Mark From Roots
[2024-11-19T21:45:11.779-0500][gc,task     ] GC(2) Using 1 workers of 1 for marking
[2024-11-19T21:45:11.798-0500][gc,marking  ] GC(2) Concurrent Mark From Roots 19,278ms
[2024-11-19T21:45:11.799-0500][gc,marking  ] GC(2) Concurrent Preclean
[2024-11-19T21:45:11.799-0500][gc,marking  ] GC(2) Concurrent Preclean 0,016ms
[2024-11-19T21:45:11.799-0500][gc,start    ] GC(2) Pause Remark
[2024-11-19T21:45:11.805-0500][gc          ] GC(2) Pause Remark 11M->11M(1024M) 6,053ms
[2024-11-19T21:45:11.805-0500][gc,cpu      ] GC(2) User=0,01s Sys=0,00s Real=0,01s
[2024-11-19T21:45:11.805-0500][gc,marking  ] GC(2) Concurrent Mark 25,768ms
[2024-11-19T21:45:11.805-0500][gc,marking  ] GC(2) Concurrent Rebuild Remembered Sets and Scrub Regions
[2024-11-19T21:45:11.812-0500][gc,marking  ] GC(2) Concurrent Rebuild Remembered Sets and Scrub Regions 7,185ms
[2024-11-19T21:45:11.813-0500][gc,start    ] GC(2) Pause Cleanup
[2024-11-19T21:45:11.813-0500][gc          ] GC(2) Pause Cleanup 11M->11M(1024M) 0,237ms
[2024-11-19T21:45:11.813-0500][gc,cpu      ] GC(2) User=0,00s Sys=0,00s Real=0,00s
[2024-11-19T21:45:11.813-0500][gc,marking  ] GC(2) Concurrent Clear Claimed Marks
[2024-11-19T21:45:11.813-0500][gc,marking  ] GC(2) Concurrent Clear Claimed Marks 0,032ms
[2024-11-19T21:45:11.813-0500][gc,marking  ] GC(2) Concurrent Cleanup for Next Mark
[2024-11-19T21:45:11.831-0500][gc,marking  ] GC(2) Concurrent Cleanup for Next Mark 18,286ms
[2024-11-19T21:45:11.831-0500][gc          ] GC(2) Concurrent Mark Cycle 58,579ms
[2024-11-19T21:45:13.002-0500][gc,start    ] GC(3) Pause Young (Prepare Mixed) (G1 Evacuation Pause)
[2024-11-19T21:45:13.002-0500][gc,task     ] GC(3) Using 4 workers of 4 for evacuation
[2024-11-19T21:45:13.013-0500][gc,phases   ] GC(3)   Pre Evacuate Collection Set: 0,6ms
[2024-11-19T21:45:13.013-0500][gc,phases   ] GC(3)   Merge Heap Roots: 0,1ms
[2024-11-19T21:45:13.013-0500][gc,phases   ] GC(3)   Evacuate Collection Set: 8,8ms
[2024-11-19T21:45:13.013-0500][gc,phases   ] GC(3)   Post Evacuate Collection Set: 0,9ms
[2024-11-19T21:45:13.013-0500][gc,phases   ] GC(3)   Other: 0,1ms
[2024-11-19T21:45:13.013-0500][gc,heap     ] GC(3) Eden regions: 50->0(45)
[2024-11-19T21:45:13.013-0500][gc,heap     ] GC(3) Survivor regions: 1->6(7)
[2024-11-19T21:45:13.013-0500][gc,heap     ] GC(3) Old regions: 11->11
[2024-11-19T21:45:13.013-0500][gc,heap     ] GC(3) Humongous regions: 129->129
[2024-11-19T21:45:13.013-0500][gc,metaspace] GC(3) Metaspace: 31397K(31744K)->31397K(31744K) NonClass: 27959K(28160K)->27959K(28160K) Class: 3437K(3584K)->3437K(3584K)
[2024-11-19T21:45:13.013-0500][gc          ] GC(3) Pause Young (Prepare Mixed) (G1 Evacuation Pause) 189M->144M(1024M) 10,832ms
[2024-11-19T21:45:13.013-0500][gc,cpu      ] GC(3) User=0,03s Sys=0,00s Real=0,01s
[2024-11-19T21:45:13.541-0500][gc,heap,exit] Heap
[2024-11-19T21:45:13.541-0500][gc,heap,exit]  garbage-first heap   total 1048576K, used 163537K [0x00000000c0000000, 0x0000000100000000)
[2024-11-19T21:45:13.541-0500][gc,heap,exit]   region size 1024K, 22 young (22528K), 6 survivors (6144K)
[2024-11-19T21:45:13.541-0500][gc,heap,exit]  Metaspace       used 34198K, committed 34560K, reserved 1114112K
[2024-11-19T21:45:13.541-0500][gc,heap,exit]   class space    used 3804K, committed 3968K, reserved 1048576K
