[2024-11-17T11:14:27.849-0500][gc,init] CardTable entry size: 512
[2024-11-17T11:14:27.849-0500][gc     ] Using G1
[2024-11-17T11:14:27.881-0500][gc,init] Version: 21.0.5+11 (release)
[2024-11-17T11:14:27.881-0500][gc,init] CPUs: 4 total, 4 available
[2024-11-17T11:14:27.881-0500][gc,init] Memory: 11836M
[2024-11-17T11:14:27.881-0500][gc,init] Large Page Support: Disabled
[2024-11-17T11:14:27.882-0500][gc,init] NUMA Support: Disabled
[2024-11-17T11:14:27.882-0500][gc,init] Compressed Oops: Enabled (32-bit)
[2024-11-17T11:14:27.882-0500][gc,init] Heap Region Size: 1M
[2024-11-17T11:14:27.882-0500][gc,init] Heap Min Capacity: 1G
[2024-11-17T11:14:27.882-0500][gc,init] Heap Initial Capacity: 1G
[2024-11-17T11:14:27.882-0500][gc,init] Heap Max Capacity: 1G
[2024-11-17T11:14:27.882-0500][gc,init] Pre-touch: Disabled
[2024-11-17T11:14:27.882-0500][gc,init] Parallel Workers: 4
[2024-11-17T11:14:27.882-0500][gc,init] Concurrent Workers: 1
[2024-11-17T11:14:27.882-0500][gc,init] Concurrent Refinement Workers: 4
[2024-11-17T11:14:27.882-0500][gc,init] Periodic GC: Disabled
[2024-11-17T11:14:27.893-0500][gc,metaspace] CDS archive(s) mapped at: [0x00007f3157000000-0x00007f3157c99000-0x00007f3157c99000), size 13209600, SharedBaseAddress: 0x00007f3157000000, ArchiveRelocationMode: 1.
[2024-11-17T11:14:27.893-0500][gc,metaspace] Compressed class space mapped at: 0x00007f3158000000-0x00007f3198000000, reserved size: 1073741824
[2024-11-17T11:14:27.893-0500][gc,metaspace] Narrow klass base: 0x00007f3157000000, Narrow klass shift: 0, Narrow klass range: 0x100000000
[2024-11-17T11:15:47.599-0500][gc,start    ] GC(0) Pause Young (Normal) (G1 Evacuation Pause)
[2024-11-17T11:15:47.600-0500][gc,task     ] GC(0) Using 4 workers of 4 for evacuation
[2024-11-17T11:15:47.631-0500][gc,mmu      ] GC(0) MMU target violated: 21,0ms (20,0ms/21,0ms)
[2024-11-17T11:15:47.631-0500][gc,phases   ] GC(0)   Pre Evacuate Collection Set: 0,5ms
[2024-11-17T11:15:47.631-0500][gc,phases   ] GC(0)   Merge Heap Roots: 0,3ms
[2024-11-17T11:15:47.631-0500][gc,phases   ] GC(0)   Evacuate Collection Set: 27,1ms
[2024-11-17T11:15:47.631-0500][gc,phases   ] GC(0)   Post Evacuate Collection Set: 2,3ms
[2024-11-17T11:15:47.631-0500][gc,phases   ] GC(0)   Other: 1,4ms
[2024-11-17T11:15:47.631-0500][gc,heap     ] GC(0) Eden regions: 51->0(44)
[2024-11-17T11:15:47.631-0500][gc,heap     ] GC(0) Survivor regions: 0->7(7)
[2024-11-17T11:15:47.631-0500][gc,heap     ] GC(0) Old regions: 2->4
[2024-11-17T11:15:47.631-0500][gc,heap     ] GC(0) Humongous regions: 0->0
[2024-11-17T11:15:47.631-0500][gc,metaspace] GC(0) Metaspace: 17380K(17600K)->17380K(17600K) NonClass: 15378K(15488K)->15378K(15488K) Class: 2002K(2112K)->2002K(2112K)
[2024-11-17T11:15:47.631-0500][gc          ] GC(0) Pause Young (Normal) (G1 Evacuation Pause) 52M->9M(1024M) 32,323ms
[2024-11-17T11:15:47.631-0500][gc,cpu      ] GC(0) User=0,07s Sys=0,02s Real=0,03s
[2024-11-17T11:15:56.410-0500][gc,start    ] GC(1) Pause Young (Concurrent Start) (Metadata GC Threshold)
[2024-11-17T11:15:56.410-0500][gc,task     ] GC(1) Using 4 workers of 4 for evacuation
[2024-11-17T11:15:56.422-0500][gc,phases   ] GC(1)   Pre Evacuate Collection Set: 0,4ms
[2024-11-17T11:15:56.423-0500][gc,phases   ] GC(1)   Merge Heap Roots: 0,1ms
[2024-11-17T11:15:56.423-0500][gc,phases   ] GC(1)   Evacuate Collection Set: 11,0ms
[2024-11-17T11:15:56.423-0500][gc,phases   ] GC(1)   Post Evacuate Collection Set: 0,6ms
[2024-11-17T11:15:56.423-0500][gc,phases   ] GC(1)   Other: 0,1ms
[2024-11-17T11:15:56.423-0500][gc,heap     ] GC(1) Eden regions: 16->0(49)
[2024-11-17T11:15:56.423-0500][gc,heap     ] GC(1) Survivor regions: 7->2(7)
[2024-11-17T11:15:56.423-0500][gc,heap     ] GC(1) Old regions: 4->11
[2024-11-17T11:15:56.423-0500][gc,heap     ] GC(1) Humongous regions: 0->0
[2024-11-17T11:15:56.423-0500][gc,metaspace] GC(1) Metaspace: 21285K(21504K)->21285K(21504K) NonClass: 18824K(18944K)->18824K(18944K) Class: 2461K(2560K)->2461K(2560K)
[2024-11-17T11:15:56.423-0500][gc          ] GC(1) Pause Young (Concurrent Start) (Metadata GC Threshold) 24M->11M(1024M) 12,471ms
[2024-11-17T11:15:56.423-0500][gc          ] GC(2) Concurrent Mark Cycle
[2024-11-17T11:15:56.423-0500][gc,marking  ] GC(2) Concurrent Scan Root Regions
[2024-11-17T11:15:56.423-0500][gc,cpu      ] GC(1) User=0,02s Sys=0,01s Real=0,01s
[2024-11-17T11:15:56.429-0500][gc,marking  ] GC(2) Concurrent Scan Root Regions 6,201ms
[2024-11-17T11:15:56.429-0500][gc,marking  ] GC(2) Concurrent Mark
[2024-11-17T11:15:56.429-0500][gc,marking  ] GC(2) Concurrent Mark From Roots
[2024-11-17T11:15:56.429-0500][gc,task     ] GC(2) Using 1 workers of 1 for marking
[2024-11-17T11:15:56.436-0500][gc,marking  ] GC(2) Concurrent Mark From Roots 7,009ms
[2024-11-17T11:15:56.436-0500][gc,marking  ] GC(2) Concurrent Preclean
[2024-11-17T11:15:56.436-0500][gc,marking  ] GC(2) Concurrent Preclean 0,016ms
[2024-11-17T11:15:56.436-0500][gc,start    ] GC(2) Pause Remark
[2024-11-17T11:15:56.440-0500][gc          ] GC(2) Pause Remark 11M->11M(1024M) 3,362ms
[2024-11-17T11:15:56.440-0500][gc,cpu      ] GC(2) User=0,01s Sys=0,00s Real=0,01s
[2024-11-17T11:15:56.440-0500][gc,marking  ] GC(2) Concurrent Mark 10,704ms
[2024-11-17T11:15:56.440-0500][gc,marking  ] GC(2) Concurrent Rebuild Remembered Sets and Scrub Regions
[2024-11-17T11:15:56.447-0500][gc,marking  ] GC(2) Concurrent Rebuild Remembered Sets and Scrub Regions 7,685ms
[2024-11-17T11:15:56.447-0500][gc,start    ] GC(2) Pause Cleanup
[2024-11-17T11:15:56.448-0500][gc          ] GC(2) Pause Cleanup 11M->11M(1024M) 0,203ms
[2024-11-17T11:15:56.448-0500][gc,cpu      ] GC(2) User=0,00s Sys=0,00s Real=0,00s
[2024-11-17T11:15:56.448-0500][gc,marking  ] GC(2) Concurrent Clear Claimed Marks
[2024-11-17T11:15:56.448-0500][gc,marking  ] GC(2) Concurrent Clear Claimed Marks 0,024ms
[2024-11-17T11:15:56.448-0500][gc,marking  ] GC(2) Concurrent Cleanup for Next Mark
[2024-11-17T11:15:56.460-0500][gc,marking  ] GC(2) Concurrent Cleanup for Next Mark 12,363ms
[2024-11-17T11:15:56.460-0500][gc          ] GC(2) Concurrent Mark Cycle 37,487ms
[2024-11-17T11:16:06.317-0500][gc,start    ] GC(3) Pause Young (Prepare Mixed) (G1 Evacuation Pause)
[2024-11-17T11:16:06.317-0500][gc,task     ] GC(3) Using 4 workers of 4 for evacuation
[2024-11-17T11:16:06.324-0500][gc,phases   ] GC(3)   Pre Evacuate Collection Set: 0,2ms
[2024-11-17T11:16:06.324-0500][gc,phases   ] GC(3)   Merge Heap Roots: 0,0ms
[2024-11-17T11:16:06.324-0500][gc,phases   ] GC(3)   Evacuate Collection Set: 6,6ms
[2024-11-17T11:16:06.324-0500][gc,phases   ] GC(3)   Post Evacuate Collection Set: 0,6ms
[2024-11-17T11:16:06.324-0500][gc,phases   ] GC(3)   Other: 0,1ms
[2024-11-17T11:16:06.324-0500][gc,heap     ] GC(3) Eden regions: 49->0(44)
[2024-11-17T11:16:06.324-0500][gc,heap     ] GC(3) Survivor regions: 2->7(7)
[2024-11-17T11:16:06.324-0500][gc,heap     ] GC(3) Old regions: 11->11
[2024-11-17T11:16:06.324-0500][gc,heap     ] GC(3) Humongous regions: 129->129
[2024-11-17T11:16:06.324-0500][gc,metaspace] GC(3) Metaspace: 32824K(33088K)->32824K(33088K) NonClass: 29323K(29504K)->29323K(29504K) Class: 3501K(3584K)->3501K(3584K)
[2024-11-17T11:16:06.324-0500][gc          ] GC(3) Pause Young (Prepare Mixed) (G1 Evacuation Pause) 189M->145M(1024M) 7,723ms
[2024-11-17T11:16:06.324-0500][gc,cpu      ] GC(3) User=0,02s Sys=0,00s Real=0,01s
[2024-11-17T11:16:06.514-0500][gc,start    ] GC(4) Pause Young (Mixed) (Metadata GC Threshold)
[2024-11-17T11:16:06.514-0500][gc,task     ] GC(4) Using 4 workers of 4 for evacuation
[2024-11-17T11:16:06.528-0500][gc,phases   ] GC(4)   Pre Evacuate Collection Set: 0,3ms
[2024-11-17T11:16:06.528-0500][gc,phases   ] GC(4)   Merge Heap Roots: 0,0ms
[2024-11-17T11:16:06.528-0500][gc,phases   ] GC(4)   Evacuate Collection Set: 12,6ms
[2024-11-17T11:16:06.528-0500][gc,phases   ] GC(4)   Post Evacuate Collection Set: 0,6ms
[2024-11-17T11:16:06.528-0500][gc,phases   ] GC(4)   Other: 0,1ms
[2024-11-17T11:16:06.528-0500][gc,heap     ] GC(4) Eden regions: 12->0(50)
[2024-11-17T11:16:06.528-0500][gc,heap     ] GC(4) Survivor regions: 7->1(7)
[2024-11-17T11:16:06.528-0500][gc,heap     ] GC(4) Old regions: 11->16
[2024-11-17T11:16:06.528-0500][gc,heap     ] GC(4) Humongous regions: 129->129
[2024-11-17T11:16:06.528-0500][gc,metaspace] GC(4) Metaspace: 35850K(36096K)->35850K(36096K) NonClass: 32020K(32128K)->32020K(32128K) Class: 3830K(3968K)->3830K(3968K)
[2024-11-17T11:16:06.528-0500][gc          ] GC(4) Pause Young (Mixed) (Metadata GC Threshold) 156M->145M(1024M) 13,834ms
[2024-11-17T11:16:06.528-0500][gc,cpu      ] GC(4) User=0,04s Sys=0,01s Real=0,01s
[2024-11-17T11:16:06.544-0500][gc,start    ] GC(5) Pause Young (Concurrent Start) (Metadata GC Threshold)
[2024-11-17T11:16:06.544-0500][gc,task     ] GC(5) Using 4 workers of 4 for evacuation
[2024-11-17T11:16:06.548-0500][gc,phases   ] GC(5)   Pre Evacuate Collection Set: 0,3ms
[2024-11-17T11:16:06.548-0500][gc,phases   ] GC(5)   Merge Heap Roots: 0,1ms
[2024-11-17T11:16:06.548-0500][gc,phases   ] GC(5)   Evacuate Collection Set: 2,3ms
[2024-11-17T11:16:06.548-0500][gc,phases   ] GC(5)   Post Evacuate Collection Set: 0,4ms
[2024-11-17T11:16:06.548-0500][gc,phases   ] GC(5)   Other: 0,1ms
[2024-11-17T11:16:06.548-0500][gc,heap     ] GC(5) Eden regions: 2->0(50)
[2024-11-17T11:16:06.548-0500][gc,heap     ] GC(5) Survivor regions: 1->1(7)
[2024-11-17T11:16:06.548-0500][gc,heap     ] GC(5) Old regions: 16->16
[2024-11-17T11:16:06.548-0500][gc,heap     ] GC(5) Humongous regions: 129->129
[2024-11-17T11:16:06.548-0500][gc,metaspace] GC(5) Metaspace: 36107K(36416K)->36107K(36416K) NonClass: 32238K(32384K)->32238K(32384K) Class: 3868K(4032K)->3868K(4032K)
[2024-11-17T11:16:06.548-0500][gc          ] GC(5) Pause Young (Concurrent Start) (Metadata GC Threshold) 147M->145M(1024M) 3,285ms
[2024-11-17T11:16:06.548-0500][gc          ] GC(6) Concurrent Mark Cycle
[2024-11-17T11:16:06.548-0500][gc,marking  ] GC(6) Concurrent Scan Root Regions
[2024-11-17T11:16:06.548-0500][gc,cpu      ] GC(5) User=0,01s Sys=0,00s Real=0,00s
[2024-11-17T11:16:06.550-0500][gc,marking  ] GC(6) Concurrent Scan Root Regions 2,255ms
[2024-11-17T11:16:06.550-0500][gc,marking  ] GC(6) Concurrent Mark
[2024-11-17T11:16:06.550-0500][gc,marking  ] GC(6) Concurrent Mark From Roots
[2024-11-17T11:16:06.550-0500][gc,task     ] GC(6) Using 1 workers of 1 for marking
[2024-11-17T11:16:06.635-0500][gc,marking  ] GC(6) Concurrent Mark From Roots 85,220ms
[2024-11-17T11:16:06.635-0500][gc,marking  ] GC(6) Concurrent Preclean
[2024-11-17T11:16:06.635-0500][gc,marking  ] GC(6) Concurrent Preclean 0,102ms
[2024-11-17T11:16:06.638-0500][gc,start    ] GC(6) Pause Remark
[2024-11-17T11:16:06.644-0500][gc          ] GC(6) Pause Remark 147M->147M(1024M) 5,427ms
[2024-11-17T11:16:06.644-0500][gc,cpu      ] GC(6) User=0,02s Sys=0,00s Real=0,00s
[2024-11-17T11:16:06.644-0500][gc,marking  ] GC(6) Concurrent Mark 94,168ms
[2024-11-17T11:16:06.644-0500][gc,marking  ] GC(6) Concurrent Rebuild Remembered Sets and Scrub Regions
[2024-11-17T11:16:06.683-0500][gc,marking  ] GC(6) Concurrent Rebuild Remembered Sets and Scrub Regions 38,585ms
[2024-11-17T11:16:06.683-0500][gc,start    ] GC(6) Pause Cleanup
[2024-11-17T11:16:06.683-0500][gc          ] GC(6) Pause Cleanup 149M->149M(1024M) 0,240ms
[2024-11-17T11:16:06.683-0500][gc,cpu      ] GC(6) User=0,00s Sys=0,00s Real=0,00s
[2024-11-17T11:16:06.683-0500][gc,marking  ] GC(6) Concurrent Clear Claimed Marks
[2024-11-17T11:16:06.683-0500][gc,marking  ] GC(6) Concurrent Clear Claimed Marks 0,048ms
[2024-11-17T11:16:06.683-0500][gc,marking  ] GC(6) Concurrent Cleanup for Next Mark
[2024-11-17T11:16:06.685-0500][gc,marking  ] GC(6) Concurrent Cleanup for Next Mark 1,429ms
[2024-11-17T11:16:06.685-0500][gc          ] GC(6) Concurrent Mark Cycle 137,076ms
[2024-11-17T12:54:29.997-0500][gc,heap,exit] Heap
[2024-11-17T12:54:29.997-0500][gc,heap,exit]  garbage-first heap   total 1048576K, used 198207K [0x00000000c0000000, 0x0000000100000000)
[2024-11-17T12:54:29.997-0500][gc,heap,exit]   region size 1024K, 49 young (50176K), 1 survivors (1024K)
[2024-11-17T12:54:29.997-0500][gc,heap,exit]  Metaspace       used 39555K, committed 39936K, reserved 1114112K
[2024-11-17T12:54:29.997-0500][gc,heap,exit]   class space    used 4349K, committed 4544K, reserved 1048576K
