[2024-11-23T15:41:04.654-0500][gc,init] CardTable entry size: 512
[2024-11-23T15:41:04.655-0500][gc     ] Using G1
[2024-11-23T15:41:04.686-0500][gc,init] Version: 21.0.5+11 (release)
[2024-11-23T15:41:04.686-0500][gc,init] CPUs: 4 total, 4 available
[2024-11-23T15:41:04.686-0500][gc,init] Memory: 11836M
[2024-11-23T15:41:04.686-0500][gc,init] Large Page Support: Disabled
[2024-11-23T15:41:04.686-0500][gc,init] NUMA Support: Disabled
[2024-11-23T15:41:04.686-0500][gc,init] Compressed Oops: Enabled (32-bit)
[2024-11-23T15:41:04.686-0500][gc,init] Heap Region Size: 1M
[2024-11-23T15:41:04.686-0500][gc,init] Heap Min Capacity: 1G
[2024-11-23T15:41:04.686-0500][gc,init] Heap Initial Capacity: 1G
[2024-11-23T15:41:04.686-0500][gc,init] Heap Max Capacity: 1G
[2024-11-23T15:41:04.686-0500][gc,init] Pre-touch: Disabled
[2024-11-23T15:41:04.686-0500][gc,init] Parallel Workers: 4
[2024-11-23T15:41:04.686-0500][gc,init] Concurrent Workers: 1
[2024-11-23T15:41:04.686-0500][gc,init] Concurrent Refinement Workers: 4
[2024-11-23T15:41:04.686-0500][gc,init] Periodic GC: Disabled
[2024-11-23T15:41:04.697-0500][gc,metaspace] CDS archive(s) mapped at: [0x00007fb777000000-0x00007fb777c99000-0x00007fb777c99000), size 13209600, SharedBaseAddress: 0x00007fb777000000, ArchiveRelocationMode: 1.
[2024-11-23T15:41:04.697-0500][gc,metaspace] Compressed class space mapped at: 0x00007fb778000000-0x00007fb7b8000000, reserved size: 1073741824
[2024-11-23T15:41:04.697-0500][gc,metaspace] Narrow klass base: 0x00007fb777000000, Narrow klass shift: 0, Narrow klass range: 0x100000000
[2024-11-23T15:42:32.443-0500][gc,start    ] GC(0) Pause Young (Normal) (G1 Evacuation Pause)
[2024-11-23T15:42:32.445-0500][gc,task     ] GC(0) Using 4 workers of 4 for evacuation
[2024-11-23T15:42:32.513-0500][gc,mmu      ] GC(0) MMU target violated: 21,0ms (20,0ms/21,0ms)
[2024-11-23T15:42:32.513-0500][gc,phases   ] GC(0)   Pre Evacuate Collection Set: 1,0ms
[2024-11-23T15:42:32.513-0500][gc,phases   ] GC(0)   Merge Heap Roots: 0,4ms
[2024-11-23T15:42:32.513-0500][gc,phases   ] GC(0)   Evacuate Collection Set: 63,5ms
[2024-11-23T15:42:32.513-0500][gc,phases   ] GC(0)   Post Evacuate Collection Set: 2,5ms
[2024-11-23T15:42:32.513-0500][gc,phases   ] GC(0)   Other: 1,7ms
[2024-11-23T15:42:32.513-0500][gc,heap     ] GC(0) Eden regions: 51->0(44)
[2024-11-23T15:42:32.513-0500][gc,heap     ] GC(0) Survivor regions: 0->7(7)
[2024-11-23T15:42:32.513-0500][gc,heap     ] GC(0) Old regions: 2->4
[2024-11-23T15:42:32.513-0500][gc,heap     ] GC(0) Humongous regions: 0->0
[2024-11-23T15:42:32.513-0500][gc,metaspace] GC(0) Metaspace: 17373K(17600K)->17373K(17600K) NonClass: 15372K(15488K)->15372K(15488K) Class: 2001K(2112K)->2001K(2112K)
[2024-11-23T15:42:32.513-0500][gc          ] GC(0) Pause Young (Normal) (G1 Evacuation Pause) 52M->9M(1024M) 69,786ms
[2024-11-23T15:42:32.513-0500][gc,cpu      ] GC(0) User=0,07s Sys=0,02s Real=0,07s
[2024-11-23T15:42:38.527-0500][gc,start    ] GC(1) Pause Young (Concurrent Start) (Metadata GC Threshold)
[2024-11-23T15:42:38.528-0500][gc,task     ] GC(1) Using 4 workers of 4 for evacuation
[2024-11-23T15:42:38.542-0500][gc,phases   ] GC(1)   Pre Evacuate Collection Set: 0,3ms
[2024-11-23T15:42:38.542-0500][gc,phases   ] GC(1)   Merge Heap Roots: 0,1ms
[2024-11-23T15:42:38.542-0500][gc,phases   ] GC(1)   Evacuate Collection Set: 12,7ms
[2024-11-23T15:42:38.542-0500][gc,phases   ] GC(1)   Post Evacuate Collection Set: 0,7ms
[2024-11-23T15:42:38.542-0500][gc,phases   ] GC(1)   Other: 0,1ms
[2024-11-23T15:42:38.542-0500][gc,heap     ] GC(1) Eden regions: 16->0(49)
[2024-11-23T15:42:38.542-0500][gc,heap     ] GC(1) Survivor regions: 7->2(7)
[2024-11-23T15:42:38.542-0500][gc,heap     ] GC(1) Old regions: 4->11
[2024-11-23T15:42:38.542-0500][gc,heap     ] GC(1) Humongous regions: 0->0
[2024-11-23T15:42:38.542-0500][gc,metaspace] GC(1) Metaspace: 21285K(21504K)->21285K(21504K) NonClass: 18823K(18944K)->18823K(18944K) Class: 2462K(2560K)->2462K(2560K)
[2024-11-23T15:42:38.542-0500][gc          ] GC(1) Pause Young (Concurrent Start) (Metadata GC Threshold) 24M->10M(1024M) 14,276ms
[2024-11-23T15:42:38.542-0500][gc,cpu      ] GC(1) User=0,02s Sys=0,00s Real=0,02s
[2024-11-23T15:42:38.542-0500][gc          ] GC(2) Concurrent Mark Cycle
[2024-11-23T15:42:38.542-0500][gc,marking  ] GC(2) Concurrent Scan Root Regions
[2024-11-23T15:42:38.550-0500][gc,marking  ] GC(2) Concurrent Scan Root Regions 8,554ms
[2024-11-23T15:42:38.550-0500][gc,marking  ] GC(2) Concurrent Mark
[2024-11-23T15:42:38.550-0500][gc,marking  ] GC(2) Concurrent Mark From Roots
[2024-11-23T15:42:38.550-0500][gc,task     ] GC(2) Using 1 workers of 1 for marking
[2024-11-23T15:42:38.561-0500][gc,marking  ] GC(2) Concurrent Mark From Roots 10,519ms
[2024-11-23T15:42:38.561-0500][gc,marking  ] GC(2) Concurrent Preclean
[2024-11-23T15:42:38.561-0500][gc,marking  ] GC(2) Concurrent Preclean 0,023ms
[2024-11-23T15:42:38.561-0500][gc,start    ] GC(2) Pause Remark
[2024-11-23T15:42:38.565-0500][gc          ] GC(2) Pause Remark 11M->11M(1024M) 4,082ms
[2024-11-23T15:42:38.565-0500][gc,cpu      ] GC(2) User=0,01s Sys=0,00s Real=0,01s
[2024-11-23T15:42:38.565-0500][gc,marking  ] GC(2) Concurrent Mark 14,869ms
[2024-11-23T15:42:38.565-0500][gc,marking  ] GC(2) Concurrent Rebuild Remembered Sets and Scrub Regions
[2024-11-23T15:42:38.575-0500][gc,marking  ] GC(2) Concurrent Rebuild Remembered Sets and Scrub Regions 9,901ms
[2024-11-23T15:42:38.576-0500][gc,start    ] GC(2) Pause Cleanup
[2024-11-23T15:42:38.576-0500][gc          ] GC(2) Pause Cleanup 11M->11M(1024M) 0,396ms
[2024-11-23T15:42:38.576-0500][gc,cpu      ] GC(2) User=0,00s Sys=0,00s Real=0,00s
[2024-11-23T15:42:38.576-0500][gc,marking  ] GC(2) Concurrent Clear Claimed Marks
[2024-11-23T15:42:38.576-0500][gc,marking  ] GC(2) Concurrent Clear Claimed Marks 0,038ms
[2024-11-23T15:42:38.576-0500][gc,marking  ] GC(2) Concurrent Cleanup for Next Mark
[2024-11-23T15:42:38.597-0500][gc,marking  ] GC(2) Concurrent Cleanup for Next Mark 20,685ms
[2024-11-23T15:42:38.597-0500][gc          ] GC(2) Concurrent Mark Cycle 55,075ms
[2024-11-23T15:42:53.673-0500][gc,start    ] GC(3) Pause Young (Prepare Mixed) (G1 Evacuation Pause)
[2024-11-23T15:42:53.673-0500][gc,task     ] GC(3) Using 4 workers of 4 for evacuation
[2024-11-23T15:42:53.688-0500][gc,phases   ] GC(3)   Pre Evacuate Collection Set: 0,4ms
[2024-11-23T15:42:53.688-0500][gc,phases   ] GC(3)   Merge Heap Roots: 0,1ms
[2024-11-23T15:42:53.688-0500][gc,phases   ] GC(3)   Evacuate Collection Set: 12,9ms
[2024-11-23T15:42:53.688-0500][gc,phases   ] GC(3)   Post Evacuate Collection Set: 0,7ms
[2024-11-23T15:42:53.688-0500][gc,phases   ] GC(3)   Other: 0,1ms
[2024-11-23T15:42:53.688-0500][gc,heap     ] GC(3) Eden regions: 49->0(44)
[2024-11-23T15:42:53.688-0500][gc,heap     ] GC(3) Survivor regions: 2->7(7)
[2024-11-23T15:42:53.688-0500][gc,heap     ] GC(3) Old regions: 11->11
[2024-11-23T15:42:53.688-0500][gc,heap     ] GC(3) Humongous regions: 129->129
[2024-11-23T15:42:53.688-0500][gc,metaspace] GC(3) Metaspace: 32785K(33024K)->32785K(33024K) NonClass: 29294K(29440K)->29294K(29440K) Class: 3490K(3584K)->3490K(3584K)
[2024-11-23T15:42:53.688-0500][gc          ] GC(3) Pause Young (Prepare Mixed) (G1 Evacuation Pause) 188M->144M(1024M) 14,485ms
[2024-11-23T15:42:53.688-0500][gc,cpu      ] GC(3) User=0,02s Sys=0,00s Real=0,01s
[2024-11-23T15:42:53.990-0500][gc,start    ] GC(4) Pause Young (Mixed) (Metadata GC Threshold)
[2024-11-23T15:42:53.991-0500][gc,task     ] GC(4) Using 4 workers of 4 for evacuation
[2024-11-23T15:42:54.012-0500][gc,mmu      ] GC(4) MMU target violated: 21,0ms (20,0ms/21,0ms)
[2024-11-23T15:42:54.013-0500][gc,phases   ] GC(4)   Pre Evacuate Collection Set: 0,4ms
[2024-11-23T15:42:54.013-0500][gc,phases   ] GC(4)   Merge Heap Roots: 0,1ms
[2024-11-23T15:42:54.013-0500][gc,phases   ] GC(4)   Evacuate Collection Set: 20,5ms
[2024-11-23T15:42:54.013-0500][gc,phases   ] GC(4)   Post Evacuate Collection Set: 0,9ms
[2024-11-23T15:42:54.013-0500][gc,phases   ] GC(4)   Other: 0,1ms
[2024-11-23T15:42:54.013-0500][gc,heap     ] GC(4) Eden regions: 13->0(50)
[2024-11-23T15:42:54.013-0500][gc,heap     ] GC(4) Survivor regions: 7->1(7)
[2024-11-23T15:42:54.124-0500][gc,heap     ] GC(4) Old regions: 11->16
[2024-11-23T15:42:54.124-0500][gc,heap     ] GC(4) Humongous regions: 129->129
[2024-11-23T15:42:54.124-0500][gc,metaspace] GC(4) Metaspace: 35788K(36096K)->35788K(36096K) NonClass: 31994K(32128K)->31994K(32128K) Class: 3794K(3968K)->3794K(3968K)
[2024-11-23T15:42:54.124-0500][gc          ] GC(4) Pause Young (Mixed) (Metadata GC Threshold) 156M->146M(1024M) 133,708ms
[2024-11-23T15:42:54.124-0500][gc,cpu      ] GC(4) User=0,03s Sys=0,00s Real=0,14s
[2024-11-23T15:42:54.277-0500][gc,start    ] GC(5) Pause Young (Concurrent Start) (Metadata GC Threshold)
[2024-11-23T15:42:54.277-0500][gc,task     ] GC(5) Using 4 workers of 4 for evacuation
[2024-11-23T15:42:54.280-0500][gc,phases   ] GC(5)   Pre Evacuate Collection Set: 0,3ms
[2024-11-23T15:42:54.280-0500][gc,phases   ] GC(5)   Merge Heap Roots: 0,0ms
[2024-11-23T15:42:54.280-0500][gc,phases   ] GC(5)   Evacuate Collection Set: 1,6ms
[2024-11-23T15:42:54.280-0500][gc,phases   ] GC(5)   Post Evacuate Collection Set: 0,4ms
[2024-11-23T15:42:54.280-0500][gc,phases   ] GC(5)   Other: 0,1ms
[2024-11-23T15:42:54.280-0500][gc,heap     ] GC(5) Eden regions: 4->0(50)
[2024-11-23T15:42:54.280-0500][gc,heap     ] GC(5) Survivor regions: 1->1(7)
[2024-11-23T15:42:54.280-0500][gc,heap     ] GC(5) Old regions: 16->16
[2024-11-23T15:42:54.280-0500][gc,heap     ] GC(5) Humongous regions: 129->129
[2024-11-23T15:42:54.280-0500][gc,metaspace] GC(5) Metaspace: 36093K(36416K)->36093K(36416K) NonClass: 32225K(32384K)->32225K(32384K) Class: 3867K(4032K)->3867K(4032K)
[2024-11-23T15:42:54.280-0500][gc          ] GC(5) Pause Young (Concurrent Start) (Metadata GC Threshold) 149M->145M(1024M) 2,645ms
[2024-11-23T15:42:54.280-0500][gc          ] GC(6) Concurrent Mark Cycle
[2024-11-23T15:42:54.280-0500][gc,marking  ] GC(6) Concurrent Scan Root Regions
[2024-11-23T15:42:54.280-0500][gc,cpu      ] GC(5) User=0,01s Sys=0,00s Real=0,00s
[2024-11-23T15:42:54.283-0500][gc,marking  ] GC(6) Concurrent Scan Root Regions 3,309ms
[2024-11-23T15:42:54.283-0500][gc,marking  ] GC(6) Concurrent Mark
[2024-11-23T15:42:54.283-0500][gc,marking  ] GC(6) Concurrent Mark From Roots
[2024-11-23T15:42:54.283-0500][gc,task     ] GC(6) Using 1 workers of 1 for marking
[2024-11-23T15:42:54.332-0500][gc,marking  ] GC(6) Concurrent Mark From Roots 48,784ms
[2024-11-23T15:42:54.332-0500][gc,marking  ] GC(6) Concurrent Preclean
[2024-11-23T15:42:54.332-0500][gc,marking  ] GC(6) Concurrent Preclean 0,062ms
[2024-11-23T15:42:54.333-0500][gc,start    ] GC(6) Pause Remark
[2024-11-23T15:42:54.336-0500][gc          ] GC(6) Pause Remark 148M->148M(1024M) 3,448ms
[2024-11-23T15:42:54.336-0500][gc,cpu      ] GC(6) User=0,01s Sys=0,00s Real=0,00s
[2024-11-23T15:42:54.336-0500][gc,marking  ] GC(6) Concurrent Mark 53,047ms
[2024-11-23T15:42:54.336-0500][gc,marking  ] GC(6) Concurrent Rebuild Remembered Sets and Scrub Regions
[2024-11-23T15:42:54.352-0500][gc,marking  ] GC(6) Concurrent Rebuild Remembered Sets and Scrub Regions 15,947ms
[2024-11-23T15:42:54.352-0500][gc,start    ] GC(6) Pause Cleanup
[2024-11-23T15:42:54.353-0500][gc          ] GC(6) Pause Cleanup 149M->149M(1024M) 0,211ms
[2024-11-23T15:42:54.353-0500][gc,cpu      ] GC(6) User=0,00s Sys=0,00s Real=0,00s
[2024-11-23T15:42:54.353-0500][gc,marking  ] GC(6) Concurrent Clear Claimed Marks
[2024-11-23T15:42:54.353-0500][gc,marking  ] GC(6) Concurrent Clear Claimed Marks 0,033ms
[2024-11-23T15:42:54.353-0500][gc,marking  ] GC(6) Concurrent Cleanup for Next Mark
[2024-11-23T15:42:54.354-0500][gc,marking  ] GC(6) Concurrent Cleanup for Next Mark 1,262ms
[2024-11-23T15:42:54.354-0500][gc          ] GC(6) Concurrent Mark Cycle 74,273ms
[2024-11-23T17:33:13.316-0500][gc,start    ] GC(7) Pause Young (Prepare Mixed) (G1 Evacuation Pause)
[2024-11-23T17:33:13.415-0500][gc,task     ] GC(7) Using 4 workers of 4 for evacuation
[2024-11-23T17:33:13.430-0500][gc,phases   ] GC(7)   Pre Evacuate Collection Set: 5,8ms
[2024-11-23T17:33:13.430-0500][gc,phases   ] GC(7)   Merge Heap Roots: 0,1ms
[2024-11-23T17:33:13.430-0500][gc,phases   ] GC(7)   Evacuate Collection Set: 6,9ms
[2024-11-23T17:33:13.430-0500][gc,phases   ] GC(7)   Post Evacuate Collection Set: 2,3ms
[2024-11-23T17:33:13.430-0500][gc,phases   ] GC(7)   Other: 0,2ms
[2024-11-23T17:33:13.430-0500][gc,heap     ] GC(7) Eden regions: 50->0(49)
[2024-11-23T17:33:13.430-0500][gc,heap     ] GC(7) Survivor regions: 1->2(7)
[2024-11-23T17:33:13.430-0500][gc,heap     ] GC(7) Old regions: 16->16
[2024-11-23T17:33:13.430-0500][gc,heap     ] GC(7) Humongous regions: 129->129
[2024-11-23T17:33:13.430-0500][gc,metaspace] GC(7) Metaspace: 38551K(38976K)->38551K(38976K) NonClass: 34390K(34624K)->34390K(34624K) Class: 4160K(4352K)->4160K(4352K)
[2024-11-23T17:33:13.430-0500][gc          ] GC(7) Pause Young (Prepare Mixed) (G1 Evacuation Pause) 195M->146M(1024M) 114,596ms
[2024-11-23T17:33:13.430-0500][gc,cpu      ] GC(7) User=0,00s Sys=0,03s Real=0,11s
