[2024-11-19T18:39:13.692-0500][gc,init] CardTable entry size: 512
[2024-11-19T18:39:13.693-0500][gc     ] Using G1
[2024-11-19T18:39:13.739-0500][gc,init] Version: 21.0.5+11 (release)
[2024-11-19T18:39:13.739-0500][gc,init] CPUs: 4 total, 4 available
[2024-11-19T18:39:13.739-0500][gc,init] Memory: 11836M
[2024-11-19T18:39:13.739-0500][gc,init] Large Page Support: Disabled
[2024-11-19T18:39:13.739-0500][gc,init] NUMA Support: Disabled
[2024-11-19T18:39:13.739-0500][gc,init] Compressed Oops: Enabled (32-bit)
[2024-11-19T18:39:13.739-0500][gc,init] Heap Region Size: 1M
[2024-11-19T18:39:13.739-0500][gc,init] Heap Min Capacity: 1G
[2024-11-19T18:39:13.739-0500][gc,init] Heap Initial Capacity: 1G
[2024-11-19T18:39:13.739-0500][gc,init] Heap Max Capacity: 1G
[2024-11-19T18:39:13.739-0500][gc,init] Pre-touch: Disabled
[2024-11-19T18:39:13.739-0500][gc,init] Parallel Workers: 4
[2024-11-19T18:39:13.739-0500][gc,init] Concurrent Workers: 1
[2024-11-19T18:39:13.739-0500][gc,init] Concurrent Refinement Workers: 4
[2024-11-19T18:39:13.739-0500][gc,init] Periodic GC: Disabled
[2024-11-19T18:39:13.752-0500][gc,metaspace] CDS archive(s) mapped at: [0x00007f3027000000-0x00007f3027c99000-0x00007f3027c99000), size 13209600, SharedBaseAddress: 0x00007f3027000000, ArchiveRelocationMode: 1.
[2024-11-19T18:39:13.752-0500][gc,metaspace] Compressed class space mapped at: 0x00007f3028000000-0x00007f3068000000, reserved size: 1073741824
[2024-11-19T18:39:13.752-0500][gc,metaspace] Narrow klass base: 0x00007f3027000000, Narrow klass shift: 0, Narrow klass range: 0x100000000
[2024-11-19T18:41:04.768-0500][gc,start    ] GC(0) Pause Young (Normal) (G1 Evacuation Pause)
[2024-11-19T18:41:04.769-0500][gc,task     ] GC(0) Using 4 workers of 4 for evacuation
[2024-11-19T18:41:04.795-0500][gc,mmu      ] GC(0) MMU target violated: 21,0ms (20,0ms/21,0ms)
[2024-11-19T18:41:04.795-0500][gc,phases   ] GC(0)   Pre Evacuate Collection Set: 0,4ms
[2024-11-19T18:41:04.795-0500][gc,phases   ] GC(0)   Merge Heap Roots: 0,3ms
[2024-11-19T18:41:04.795-0500][gc,phases   ] GC(0)   Evacuate Collection Set: 22,6ms
[2024-11-19T18:41:04.795-0500][gc,phases   ] GC(0)   Post Evacuate Collection Set: 1,8ms
[2024-11-19T18:41:04.795-0500][gc,phases   ] GC(0)   Other: 1,6ms
[2024-11-19T18:41:04.795-0500][gc,heap     ] GC(0) Eden regions: 51->0(44)
[2024-11-19T18:41:04.795-0500][gc,heap     ] GC(0) Survivor regions: 0->7(7)
[2024-11-19T18:41:04.795-0500][gc,heap     ] GC(0) Old regions: 2->3
[2024-11-19T18:41:04.795-0500][gc,heap     ] GC(0) Humongous regions: 0->0
[2024-11-19T18:41:04.795-0500][gc,metaspace] GC(0) Metaspace: 17393K(17600K)->17393K(17600K) NonClass: 15389K(15488K)->15389K(15488K) Class: 2003K(2112K)->2003K(2112K)
[2024-11-19T18:41:04.795-0500][gc          ] GC(0) Pause Young (Normal) (G1 Evacuation Pause) 52M->8M(1024M) 27,220ms
[2024-11-19T18:41:04.795-0500][gc,cpu      ] GC(0) User=0,06s Sys=0,03s Real=0,02s
[2024-11-19T18:41:10.686-0500][gc,start    ] GC(1) Pause Young (Concurrent Start) (Metadata GC Threshold)
[2024-11-19T18:41:10.687-0500][gc,task     ] GC(1) Using 4 workers of 4 for evacuation
[2024-11-19T18:41:10.711-0500][gc,mmu      ] GC(1) MMU target violated: 21,0ms (20,0ms/21,0ms)
[2024-11-19T18:41:10.711-0500][gc,phases   ] GC(1)   Pre Evacuate Collection Set: 0,6ms
[2024-11-19T18:41:10.711-0500][gc,phases   ] GC(1)   Merge Heap Roots: 0,1ms
[2024-11-19T18:41:10.711-0500][gc,phases   ] GC(1)   Evacuate Collection Set: 22,3ms
[2024-11-19T18:41:10.711-0500][gc,phases   ] GC(1)   Post Evacuate Collection Set: 1,3ms
[2024-11-19T18:41:10.711-0500][gc,phases   ] GC(1)   Other: 0,3ms
[2024-11-19T18:41:10.711-0500][gc,heap     ] GC(1) Eden regions: 16->0(49)
[2024-11-19T18:41:10.712-0500][gc,heap     ] GC(1) Survivor regions: 7->2(7)
[2024-11-19T18:41:10.712-0500][gc,heap     ] GC(1) Old regions: 3->11
[2024-11-19T18:41:10.712-0500][gc,heap     ] GC(1) Humongous regions: 0->0
[2024-11-19T18:41:10.712-0500][gc,metaspace] GC(1) Metaspace: 21301K(21504K)->21301K(21504K) NonClass: 18837K(18944K)->18837K(18944K) Class: 2463K(2560K)->2463K(2560K)
[2024-11-19T18:41:10.712-0500][gc          ] GC(1) Pause Young (Concurrent Start) (Metadata GC Threshold) 24M->11M(1024M) 25,225ms
[2024-11-19T18:41:10.712-0500][gc,cpu      ] GC(1) User=0,08s Sys=0,02s Real=0,02s
[2024-11-19T18:41:10.712-0500][gc          ] GC(2) Concurrent Mark Cycle
[2024-11-19T18:41:10.712-0500][gc,marking  ] GC(2) Concurrent Scan Root Regions
[2024-11-19T18:41:10.727-0500][gc,marking  ] GC(2) Concurrent Scan Root Regions 15,070ms
[2024-11-19T18:41:10.727-0500][gc,marking  ] GC(2) Concurrent Mark
[2024-11-19T18:41:10.727-0500][gc,marking  ] GC(2) Concurrent Mark From Roots
[2024-11-19T18:41:10.727-0500][gc,task     ] GC(2) Using 1 workers of 1 for marking
[2024-11-19T18:41:10.741-0500][gc,marking  ] GC(2) Concurrent Mark From Roots 14,118ms
[2024-11-19T18:41:10.741-0500][gc,marking  ] GC(2) Concurrent Preclean
[2024-11-19T18:41:10.741-0500][gc,marking  ] GC(2) Concurrent Preclean 0,045ms
[2024-11-19T18:41:10.742-0500][gc,start    ] GC(2) Pause Remark
[2024-11-19T18:41:10.748-0500][gc          ] GC(2) Pause Remark 12M->12M(1024M) 6,174ms
[2024-11-19T18:41:10.748-0500][gc,cpu      ] GC(2) User=0,02s Sys=0,00s Real=0,01s
[2024-11-19T18:41:10.748-0500][gc,marking  ] GC(2) Concurrent Mark 20,882ms
[2024-11-19T18:41:10.748-0500][gc,marking  ] GC(2) Concurrent Rebuild Remembered Sets and Scrub Regions
[2024-11-19T18:41:10.763-0500][gc,marking  ] GC(2) Concurrent Rebuild Remembered Sets and Scrub Regions 14,902ms
[2024-11-19T18:41:10.763-0500][gc,start    ] GC(2) Pause Cleanup
[2024-11-19T18:41:10.763-0500][gc          ] GC(2) Pause Cleanup 12M->12M(1024M) 0,340ms
[2024-11-19T18:41:10.763-0500][gc,cpu      ] GC(2) User=0,00s Sys=0,00s Real=0,00s
[2024-11-19T18:41:10.763-0500][gc,marking  ] GC(2) Concurrent Clear Claimed Marks
[2024-11-19T18:41:10.764-0500][gc,marking  ] GC(2) Concurrent Clear Claimed Marks 0,045ms
[2024-11-19T18:41:10.764-0500][gc,marking  ] GC(2) Concurrent Cleanup for Next Mark
[2024-11-19T18:41:10.784-0500][gc,marking  ] GC(2) Concurrent Cleanup for Next Mark 20,300ms
[2024-11-19T18:41:10.784-0500][gc          ] GC(2) Concurrent Mark Cycle 72,110ms
[2024-11-19T18:41:17.292-0500][gc,start    ] GC(3) Pause Young (Prepare Mixed) (G1 Evacuation Pause)
[2024-11-19T18:41:17.292-0500][gc,task     ] GC(3) Using 4 workers of 4 for evacuation
[2024-11-19T18:41:17.300-0500][gc,phases   ] GC(3)   Pre Evacuate Collection Set: 0,2ms
[2024-11-19T18:41:17.300-0500][gc,phases   ] GC(3)   Merge Heap Roots: 0,0ms
[2024-11-19T18:41:17.300-0500][gc,phases   ] GC(3)   Evacuate Collection Set: 7,5ms
[2024-11-19T18:41:17.300-0500][gc,phases   ] GC(3)   Post Evacuate Collection Set: 0,7ms
[2024-11-19T18:41:17.300-0500][gc,phases   ] GC(3)   Other: 0,1ms
[2024-11-19T18:41:17.300-0500][gc,heap     ] GC(3) Eden regions: 49->0(44)
[2024-11-19T18:41:17.300-0500][gc,heap     ] GC(3) Survivor regions: 2->7(7)
[2024-11-19T18:41:17.300-0500][gc,heap     ] GC(3) Old regions: 11->11
[2024-11-19T18:41:17.300-0500][gc,heap     ] GC(3) Humongous regions: 129->129
[2024-11-19T18:41:17.300-0500][gc,metaspace] GC(3) Metaspace: 32812K(33024K)->32812K(33024K) NonClass: 29306K(29440K)->29306K(29440K) Class: 3505K(3584K)->3505K(3584K)
[2024-11-19T18:41:17.301-0500][gc          ] GC(3) Pause Young (Prepare Mixed) (G1 Evacuation Pause) 189M->145M(1024M) 8,721ms
[2024-11-19T18:41:17.301-0500][gc,cpu      ] GC(3) User=0,02s Sys=0,00s Real=0,01s
[2024-11-19T18:41:17.490-0500][gc,start    ] GC(4) Pause Young (Mixed) (Metadata GC Threshold)
[2024-11-19T18:41:17.490-0500][gc,task     ] GC(4) Using 4 workers of 4 for evacuation
[2024-11-19T18:41:17.501-0500][gc,phases   ] GC(4)   Pre Evacuate Collection Set: 0,2ms
[2024-11-19T18:41:17.501-0500][gc,phases   ] GC(4)   Merge Heap Roots: 0,0ms
[2024-11-19T18:41:17.502-0500][gc,phases   ] GC(4)   Evacuate Collection Set: 10,9ms
[2024-11-19T18:41:17.502-0500][gc,phases   ] GC(4)   Post Evacuate Collection Set: 0,6ms
[2024-11-19T18:41:17.502-0500][gc,phases   ] GC(4)   Other: 0,1ms
[2024-11-19T18:41:17.502-0500][gc,heap     ] GC(4) Eden regions: 12->0(50)
[2024-11-19T18:41:17.502-0500][gc,heap     ] GC(4) Survivor regions: 7->1(7)
[2024-11-19T18:41:17.502-0500][gc,heap     ] GC(4) Old regions: 11->17
[2024-11-19T18:41:17.502-0500][gc,heap     ] GC(4) Humongous regions: 129->129
[2024-11-19T18:41:17.502-0500][gc,metaspace] GC(4) Metaspace: 35849K(36096K)->35849K(36096K) NonClass: 32021K(32128K)->32021K(32128K) Class: 3828K(3968K)->3828K(3968K)
[2024-11-19T18:41:17.502-0500][gc          ] GC(4) Pause Young (Mixed) (Metadata GC Threshold) 157M->146M(1024M) 12,084ms
[2024-11-19T18:41:17.502-0500][gc,cpu      ] GC(4) User=0,03s Sys=0,00s Real=0,01s
[2024-11-19T18:41:17.522-0500][gc,start    ] GC(5) Pause Young (Concurrent Start) (Metadata GC Threshold)
[2024-11-19T18:41:17.523-0500][gc,task     ] GC(5) Using 4 workers of 4 for evacuation
[2024-11-19T18:41:17.525-0500][gc,phases   ] GC(5)   Pre Evacuate Collection Set: 0,3ms
[2024-11-19T18:41:17.526-0500][gc,phases   ] GC(5)   Merge Heap Roots: 0,0ms
[2024-11-19T18:41:17.526-0500][gc,phases   ] GC(5)   Evacuate Collection Set: 2,2ms
[2024-11-19T18:41:17.526-0500][gc,phases   ] GC(5)   Post Evacuate Collection Set: 0,4ms
[2024-11-19T18:41:17.526-0500][gc,phases   ] GC(5)   Other: 0,1ms
[2024-11-19T18:41:17.526-0500][gc,heap     ] GC(5) Eden regions: 2->0(50)
[2024-11-19T18:41:17.526-0500][gc,heap     ] GC(5) Survivor regions: 1->1(7)
[2024-11-19T18:41:17.526-0500][gc,heap     ] GC(5) Old regions: 17->17
[2024-11-19T18:41:17.526-0500][gc,heap     ] GC(5) Humongous regions: 129->129
[2024-11-19T18:41:17.526-0500][gc,metaspace] GC(5) Metaspace: 36156K(36416K)->36156K(36416K) NonClass: 32273K(32448K)->32273K(32448K) Class: 3882K(3968K)->3882K(3968K)
[2024-11-19T18:41:17.526-0500][gc          ] GC(5) Pause Young (Concurrent Start) (Metadata GC Threshold) 148M->146M(1024M) 3,179ms
[2024-11-19T18:41:17.526-0500][gc,cpu      ] GC(5) User=0,01s Sys=0,00s Real=0,01s
[2024-11-19T18:41:17.526-0500][gc          ] GC(6) Concurrent Mark Cycle
[2024-11-19T18:41:17.526-0500][gc,marking  ] GC(6) Concurrent Scan Root Regions
[2024-11-19T18:41:17.529-0500][gc,marking  ] GC(6) Concurrent Scan Root Regions 3,380ms
[2024-11-19T18:41:17.529-0500][gc,marking  ] GC(6) Concurrent Mark
[2024-11-19T18:41:17.529-0500][gc,marking  ] GC(6) Concurrent Mark From Roots
[2024-11-19T18:41:17.529-0500][gc,task     ] GC(6) Using 1 workers of 1 for marking
[2024-11-19T18:41:17.578-0500][gc,marking  ] GC(6) Concurrent Mark From Roots 48,801ms
[2024-11-19T18:41:17.578-0500][gc,marking  ] GC(6) Concurrent Preclean
[2024-11-19T18:41:17.578-0500][gc,marking  ] GC(6) Concurrent Preclean 0,065ms
[2024-11-19T18:41:17.581-0500][gc,start    ] GC(6) Pause Remark
[2024-11-19T18:41:17.585-0500][gc          ] GC(6) Pause Remark 148M->148M(1024M) 4,247ms
[2024-11-19T18:41:17.585-0500][gc,cpu      ] GC(6) User=0,00s Sys=0,00s Real=0,00s
[2024-11-19T18:41:17.585-0500][gc,marking  ] GC(6) Concurrent Mark 55,863ms
[2024-11-19T18:41:17.585-0500][gc,marking  ] GC(6) Concurrent Rebuild Remembered Sets and Scrub Regions
[2024-11-19T18:41:17.610-0500][gc,marking  ] GC(6) Concurrent Rebuild Remembered Sets and Scrub Regions 25,299ms
[2024-11-19T18:41:17.611-0500][gc,start    ] GC(6) Pause Cleanup
[2024-11-19T18:41:17.611-0500][gc          ] GC(6) Pause Cleanup 148M->148M(1024M) 0,253ms
[2024-11-19T18:41:17.611-0500][gc,cpu      ] GC(6) User=0,00s Sys=0,00s Real=0,00s
[2024-11-19T18:41:17.618-0500][gc,marking  ] GC(6) Concurrent Clear Claimed Marks
[2024-11-19T18:41:17.618-0500][gc,marking  ] GC(6) Concurrent Clear Claimed Marks 0,049ms
[2024-11-19T18:41:17.618-0500][gc,marking  ] GC(6) Concurrent Cleanup for Next Mark
[2024-11-19T18:41:17.620-0500][gc,marking  ] GC(6) Concurrent Cleanup for Next Mark 1,984ms
[2024-11-19T18:41:17.620-0500][gc          ] GC(6) Concurrent Mark Cycle 94,188ms
[2024-11-19T21:12:05.330-0500][gc,start    ] GC(7) Pause Young (Prepare Mixed) (G1 Evacuation Pause)
[2024-11-19T21:12:05.343-0500][gc,task     ] GC(7) Using 4 workers of 4 for evacuation
[2024-11-19T21:12:05.367-0500][gc,mmu      ] GC(7) MMU target violated: 21,0ms (20,0ms/21,0ms)
[2024-11-19T21:12:05.367-0500][gc,phases   ] GC(7)   Pre Evacuate Collection Set: 4,3ms
[2024-11-19T21:12:05.367-0500][gc,phases   ] GC(7)   Merge Heap Roots: 2,0ms
[2024-11-19T21:12:05.367-0500][gc,phases   ] GC(7)   Evacuate Collection Set: 11,8ms
[2024-11-19T21:12:05.367-0500][gc,phases   ] GC(7)   Post Evacuate Collection Set: 5,3ms
[2024-11-19T21:12:05.367-0500][gc,phases   ] GC(7)   Other: 0,3ms
[2024-11-19T21:12:05.367-0500][gc,heap     ] GC(7) Eden regions: 50->0(49)
[2024-11-19T21:12:05.367-0500][gc,heap     ] GC(7) Survivor regions: 1->2(7)
[2024-11-19T21:12:05.367-0500][gc,heap     ] GC(7) Old regions: 17->17
[2024-11-19T21:12:05.367-0500][gc,heap     ] GC(7) Humongous regions: 129->129
[2024-11-19T21:12:05.367-0500][gc,metaspace] GC(7) Metaspace: 38631K(38976K)->38631K(38976K) NonClass: 34457K(34624K)->34457K(34624K) Class: 4173K(4352K)->4173K(4352K)
[2024-11-19T21:12:05.367-0500][gc          ] GC(7) Pause Young (Prepare Mixed) (G1 Evacuation Pause) 196M->146M(1024M) 37,284ms
[2024-11-19T21:12:05.367-0500][gc,cpu      ] GC(7) User=0,02s Sys=0,03s Real=0,04s
[2024-11-19T21:30:27.069-0500][gc,start    ] GC(8) Pause Young (Mixed) (G1 Evacuation Pause)
[2024-11-19T21:30:27.114-0500][gc,task     ] GC(8) Using 4 workers of 4 for evacuation
[2024-11-19T21:30:27.132-0500][gc,phases   ] GC(8)   Pre Evacuate Collection Set: 0,5ms
[2024-11-19T21:30:27.132-0500][gc,phases   ] GC(8)   Merge Heap Roots: 0,1ms
[2024-11-19T21:30:27.132-0500][gc,phases   ] GC(8)   Evacuate Collection Set: 12,2ms
[2024-11-19T21:30:27.132-0500][gc,phases   ] GC(8)   Post Evacuate Collection Set: 4,3ms
[2024-11-19T21:30:27.132-0500][gc,phases   ] GC(8)   Other: 0,1ms
[2024-11-19T21:30:27.132-0500][gc,heap     ] GC(8) Eden regions: 49->0(46)
[2024-11-19T21:30:27.132-0500][gc,heap     ] GC(8) Survivor regions: 2->5(7)
[2024-11-19T21:30:27.132-0500][gc,heap     ] GC(8) Old regions: 17->16
[2024-11-19T21:30:27.132-0500][gc,heap     ] GC(8) Humongous regions: 129->129
[2024-11-19T21:30:27.132-0500][gc,metaspace] GC(8) Metaspace: 43936K(44608K)->43936K(44608K) NonClass: 38884K(39296K)->38884K(39296K) Class: 5052K(5312K)->5052K(5312K)
[2024-11-19T21:30:27.132-0500][gc          ] GC(8) Pause Young (Mixed) (G1 Evacuation Pause) 195M->149M(1024M) 63,177ms
[2024-11-19T21:30:27.132-0500][gc,cpu      ] GC(8) User=0,03s Sys=0,00s Real=0,07s
[2024-11-19T21:44:57.300-0500][gc,heap,exit] Heap
[2024-11-19T21:44:57.300-0500][gc,heap,exit]  garbage-first heap   total 1048576K, used 194845K [0x00000000c0000000, 0x0000000100000000)
[2024-11-19T21:44:57.301-0500][gc,heap,exit]   region size 1024K, 46 young (47104K), 5 survivors (5120K)
[2024-11-19T21:44:57.301-0500][gc,heap,exit]  Metaspace       used 45905K, committed 46592K, reserved 1114112K
[2024-11-19T21:44:57.301-0500][gc,heap,exit]   class space    used 5313K, committed 5632K, reserved 1048576K
