[2024-11-22T19:23:58.908-0500][gc,init] CardTable entry size: 512
[2024-11-22T19:23:58.909-0500][gc     ] Using G1
[2024-11-22T19:23:58.942-0500][gc,init] Version: 21.0.5+11 (release)
[2024-11-22T19:23:58.942-0500][gc,init] CPUs: 4 total, 4 available
[2024-11-22T19:23:58.942-0500][gc,init] Memory: 11836M
[2024-11-22T19:23:58.942-0500][gc,init] Large Page Support: Disabled
[2024-11-22T19:23:58.942-0500][gc,init] NUMA Support: Disabled
[2024-11-22T19:23:58.942-0500][gc,init] Compressed Oops: Enabled (32-bit)
[2024-11-22T19:23:58.942-0500][gc,init] Heap Region Size: 1M
[2024-11-22T19:23:58.942-0500][gc,init] Heap Min Capacity: 1G
[2024-11-22T19:23:58.942-0500][gc,init] Heap Initial Capacity: 1G
[2024-11-22T19:23:58.942-0500][gc,init] Heap Max Capacity: 1G
[2024-11-22T19:23:58.942-0500][gc,init] Pre-touch: Disabled
[2024-11-22T19:23:58.942-0500][gc,init] Parallel Workers: 4
[2024-11-22T19:23:58.942-0500][gc,init] Concurrent Workers: 1
[2024-11-22T19:23:58.942-0500][gc,init] Concurrent Refinement Workers: 4
[2024-11-22T19:23:58.942-0500][gc,init] Periodic GC: Disabled
[2024-11-22T19:23:58.953-0500][gc,metaspace] CDS archive(s) mapped at: [0x00007f0733000000-0x00007f0733c99000-0x00007f0733c99000), size 13209600, SharedBaseAddress: 0x00007f0733000000, ArchiveRelocationMode: 1.
[2024-11-22T19:23:58.953-0500][gc,metaspace] Compressed class space mapped at: 0x00007f0734000000-0x00007f0774000000, reserved size: 1073741824
[2024-11-22T19:23:58.953-0500][gc,metaspace] Narrow klass base: 0x00007f0733000000, Narrow klass shift: 0, Narrow klass range: 0x100000000
[2024-11-22T19:25:55.660-0500][gc,start    ] GC(0) Pause Young (Normal) (G1 Evacuation Pause)
[2024-11-22T19:25:55.661-0500][gc,task     ] GC(0) Using 4 workers of 4 for evacuation
[2024-11-22T19:25:55.690-0500][gc,mmu      ] GC(0) MMU target violated: 21,0ms (20,0ms/21,0ms)
[2024-11-22T19:25:55.690-0500][gc,phases   ] GC(0)   Pre Evacuate Collection Set: 0,5ms
[2024-11-22T19:25:55.690-0500][gc,phases   ] GC(0)   Merge Heap Roots: 0,1ms
[2024-11-22T19:25:55.690-0500][gc,phases   ] GC(0)   Evacuate Collection Set: 26,7ms
[2024-11-22T19:25:55.690-0500][gc,phases   ] GC(0)   Post Evacuate Collection Set: 2,2ms
[2024-11-22T19:25:55.690-0500][gc,phases   ] GC(0)   Other: 0,6ms
[2024-11-22T19:25:55.690-0500][gc,heap     ] GC(0) Eden regions: 51->0(44)
[2024-11-22T19:25:55.690-0500][gc,heap     ] GC(0) Survivor regions: 0->7(7)
[2024-11-22T19:25:55.690-0500][gc,heap     ] GC(0) Old regions: 2->4
[2024-11-22T19:25:55.690-0500][gc,heap     ] GC(0) Humongous regions: 0->0
[2024-11-22T19:25:55.690-0500][gc,metaspace] GC(0) Metaspace: 17392K(17600K)->17392K(17600K) NonClass: 15390K(15488K)->15390K(15488K) Class: 2002K(2112K)->2002K(2112K)
[2024-11-22T19:25:55.690-0500][gc          ] GC(0) Pause Young (Normal) (G1 Evacuation Pause) 52M->9M(1024M) 30,342ms
[2024-11-22T19:25:55.690-0500][gc,cpu      ] GC(0) User=0,02s Sys=0,01s Real=0,03s
[2024-11-22T19:26:01.703-0500][gc,start    ] GC(1) Pause Young (Concurrent Start) (Metadata GC Threshold)
[2024-11-22T19:26:01.703-0500][gc,task     ] GC(1) Using 4 workers of 4 for evacuation
[2024-11-22T19:26:01.719-0500][gc,phases   ] GC(1)   Pre Evacuate Collection Set: 0,3ms
[2024-11-22T19:26:01.719-0500][gc,phases   ] GC(1)   Merge Heap Roots: 0,4ms
[2024-11-22T19:26:01.719-0500][gc,phases   ] GC(1)   Evacuate Collection Set: 13,8ms
[2024-11-22T19:26:01.719-0500][gc,phases   ] GC(1)   Post Evacuate Collection Set: 0,7ms
[2024-11-22T19:26:01.719-0500][gc,phases   ] GC(1)   Other: 0,5ms
[2024-11-22T19:26:01.719-0500][gc,heap     ] GC(1) Eden regions: 16->0(49)
[2024-11-22T19:26:01.719-0500][gc,heap     ] GC(1) Survivor regions: 7->2(7)
[2024-11-22T19:26:01.719-0500][gc,heap     ] GC(1) Old regions: 4->10
[2024-11-22T19:26:01.719-0500][gc,heap     ] GC(1) Humongous regions: 0->0
[2024-11-22T19:26:01.719-0500][gc,metaspace] GC(1) Metaspace: 21286K(21504K)->21286K(21504K) NonClass: 18823K(18944K)->18823K(18944K) Class: 2462K(2560K)->2462K(2560K)
[2024-11-22T19:26:01.719-0500][gc          ] GC(1) Pause Young (Concurrent Start) (Metadata GC Threshold) 24M->10M(1024M) 15,874ms
[2024-11-22T19:26:01.719-0500][gc,cpu      ] GC(1) User=0,02s Sys=0,00s Real=0,02s
[2024-11-22T19:26:01.719-0500][gc          ] GC(2) Concurrent Mark Cycle
[2024-11-22T19:26:01.719-0500][gc,marking  ] GC(2) Concurrent Scan Root Regions
[2024-11-22T19:26:01.726-0500][gc,marking  ] GC(2) Concurrent Scan Root Regions 7,185ms
[2024-11-22T19:26:01.726-0500][gc,marking  ] GC(2) Concurrent Mark
[2024-11-22T19:26:01.726-0500][gc,marking  ] GC(2) Concurrent Mark From Roots
[2024-11-22T19:26:01.726-0500][gc,task     ] GC(2) Using 1 workers of 1 for marking
[2024-11-22T19:26:01.733-0500][gc,marking  ] GC(2) Concurrent Mark From Roots 6,678ms
[2024-11-22T19:26:01.733-0500][gc,marking  ] GC(2) Concurrent Preclean
[2024-11-22T19:26:01.733-0500][gc,marking  ] GC(2) Concurrent Preclean 0,014ms
[2024-11-22T19:26:01.733-0500][gc,start    ] GC(2) Pause Remark
[2024-11-22T19:26:01.736-0500][gc          ] GC(2) Pause Remark 11M->11M(1024M) 3,050ms
[2024-11-22T19:26:01.736-0500][gc,cpu      ] GC(2) User=0,01s Sys=0,00s Real=0,01s
[2024-11-22T19:26:01.736-0500][gc,marking  ] GC(2) Concurrent Mark 9,977ms
[2024-11-22T19:26:01.736-0500][gc,marking  ] GC(2) Concurrent Rebuild Remembered Sets and Scrub Regions
[2024-11-22T19:26:01.742-0500][gc,marking  ] GC(2) Concurrent Rebuild Remembered Sets and Scrub Regions 6,183ms
[2024-11-22T19:26:01.743-0500][gc,start    ] GC(2) Pause Cleanup
[2024-11-22T19:26:01.743-0500][gc          ] GC(2) Pause Cleanup 11M->11M(1024M) 0,234ms
[2024-11-22T19:26:01.743-0500][gc,cpu      ] GC(2) User=0,00s Sys=0,00s Real=0,00s
[2024-11-22T19:26:01.743-0500][gc,marking  ] GC(2) Concurrent Clear Claimed Marks
[2024-11-22T19:26:01.743-0500][gc,marking  ] GC(2) Concurrent Clear Claimed Marks 0,025ms
[2024-11-22T19:26:01.743-0500][gc,marking  ] GC(2) Concurrent Cleanup for Next Mark
[2024-11-22T19:26:01.755-0500][gc,marking  ] GC(2) Concurrent Cleanup for Next Mark 12,014ms
[2024-11-22T19:26:01.755-0500][gc          ] GC(2) Concurrent Mark Cycle 35,916ms
[2024-11-22T19:26:06.726-0500][gc,start    ] GC(3) Pause Young (Prepare Mixed) (G1 Evacuation Pause)
[2024-11-22T19:26:06.726-0500][gc,task     ] GC(3) Using 4 workers of 4 for evacuation
[2024-11-22T19:26:06.741-0500][gc,phases   ] GC(3)   Pre Evacuate Collection Set: 0,4ms
[2024-11-22T19:26:06.741-0500][gc,phases   ] GC(3)   Merge Heap Roots: 0,1ms
[2024-11-22T19:26:06.741-0500][gc,phases   ] GC(3)   Evacuate Collection Set: 13,6ms
[2024-11-22T19:26:06.741-0500][gc,phases   ] GC(3)   Post Evacuate Collection Set: 0,7ms
[2024-11-22T19:26:06.741-0500][gc,phases   ] GC(3)   Other: 0,1ms
[2024-11-22T19:26:06.741-0500][gc,heap     ] GC(3) Eden regions: 49->0(44)
[2024-11-22T19:26:06.741-0500][gc,heap     ] GC(3) Survivor regions: 2->7(7)
[2024-11-22T19:26:06.741-0500][gc,heap     ] GC(3) Old regions: 10->10
[2024-11-22T19:26:06.741-0500][gc,heap     ] GC(3) Humongous regions: 129->129
[2024-11-22T19:26:06.741-0500][gc,metaspace] GC(3) Metaspace: 32792K(33024K)->32792K(33024K) NonClass: 29291K(29440K)->29291K(29440K) Class: 3501K(3584K)->3501K(3584K)
[2024-11-22T19:26:06.741-0500][gc          ] GC(3) Pause Young (Prepare Mixed) (G1 Evacuation Pause) 188M->144M(1024M) 15,079ms
[2024-11-22T19:26:06.741-0500][gc,cpu      ] GC(3) User=0,04s Sys=0,00s Real=0,01s
[2024-11-22T19:26:07.014-0500][gc,start    ] GC(4) Pause Young (Mixed) (Metadata GC Threshold)
[2024-11-22T19:26:07.014-0500][gc,task     ] GC(4) Using 4 workers of 4 for evacuation
[2024-11-22T19:26:07.031-0500][gc,phases   ] GC(4)   Pre Evacuate Collection Set: 0,2ms
[2024-11-22T19:26:07.031-0500][gc,phases   ] GC(4)   Merge Heap Roots: 0,1ms
[2024-11-22T19:26:07.031-0500][gc,phases   ] GC(4)   Evacuate Collection Set: 14,6ms
[2024-11-22T19:26:07.031-0500][gc,phases   ] GC(4)   Post Evacuate Collection Set: 1,2ms
[2024-11-22T19:26:07.031-0500][gc,phases   ] GC(4)   Other: 0,1ms
[2024-11-22T19:26:07.031-0500][gc,heap     ] GC(4) Eden regions: 13->0(50)
[2024-11-22T19:26:07.031-0500][gc,heap     ] GC(4) Survivor regions: 7->1(7)
[2024-11-22T19:26:07.031-0500][gc,heap     ] GC(4) Old regions: 10->16
[2024-11-22T19:26:07.031-0500][gc,heap     ] GC(4) Humongous regions: 129->129
[2024-11-22T19:26:07.031-0500][gc,metaspace] GC(4) Metaspace: 35896K(36096K)->35896K(36096K) NonClass: 32063K(32192K)->32063K(32192K) Class: 3833K(3904K)->3833K(3904K)
[2024-11-22T19:26:07.031-0500][gc          ] GC(4) Pause Young (Mixed) (Metadata GC Threshold) 157M->145M(1024M) 16,405ms
[2024-11-22T19:26:07.031-0500][gc,cpu      ] GC(4) User=0,03s Sys=0,00s Real=0,01s
[2024-11-22T19:26:07.048-0500][gc,start    ] GC(5) Pause Young (Concurrent Start) (Metadata GC Threshold)
[2024-11-22T19:26:07.048-0500][gc,task     ] GC(5) Using 4 workers of 4 for evacuation
[2024-11-22T19:26:07.052-0500][gc,phases   ] GC(5)   Pre Evacuate Collection Set: 0,2ms
[2024-11-22T19:26:07.052-0500][gc,phases   ] GC(5)   Merge Heap Roots: 0,0ms
[2024-11-22T19:26:07.052-0500][gc,phases   ] GC(5)   Evacuate Collection Set: 2,5ms
[2024-11-22T19:26:07.052-0500][gc,phases   ] GC(5)   Post Evacuate Collection Set: 0,4ms
[2024-11-22T19:26:07.052-0500][gc,phases   ] GC(5)   Other: 0,1ms
[2024-11-22T19:26:07.052-0500][gc,heap     ] GC(5) Eden regions: 2->0(50)
[2024-11-22T19:26:07.052-0500][gc,heap     ] GC(5) Survivor regions: 1->1(7)
[2024-11-22T19:26:07.052-0500][gc,heap     ] GC(5) Old regions: 16->16
[2024-11-22T19:26:07.052-0500][gc,heap     ] GC(5) Humongous regions: 129->129
[2024-11-22T19:26:07.052-0500][gc,metaspace] GC(5) Metaspace: 36100K(36416K)->36100K(36416K) NonClass: 32230K(32384K)->32230K(32384K) Class: 3869K(4032K)->3869K(4032K)
[2024-11-22T19:26:07.052-0500][gc          ] GC(5) Pause Young (Concurrent Start) (Metadata GC Threshold) 147M->145M(1024M) 3,460ms
[2024-11-22T19:26:07.052-0500][gc          ] GC(6) Concurrent Mark Cycle
[2024-11-22T19:26:07.052-0500][gc,cpu      ] GC(5) User=0,01s Sys=0,00s Real=0,00s
[2024-11-22T19:26:07.052-0500][gc,marking  ] GC(6) Concurrent Scan Root Regions
[2024-11-22T19:26:07.054-0500][gc,marking  ] GC(6) Concurrent Scan Root Regions 1,793ms
[2024-11-22T19:26:07.054-0500][gc,marking  ] GC(6) Concurrent Mark
[2024-11-22T19:26:07.054-0500][gc,marking  ] GC(6) Concurrent Mark From Roots
[2024-11-22T19:26:07.054-0500][gc,task     ] GC(6) Using 1 workers of 1 for marking
[2024-11-22T19:26:07.146-0500][gc,marking  ] GC(6) Concurrent Mark From Roots 92,500ms
[2024-11-22T19:26:07.146-0500][gc,marking  ] GC(6) Concurrent Preclean
[2024-11-22T19:26:07.146-0500][gc,marking  ] GC(6) Concurrent Preclean 0,069ms
[2024-11-22T19:26:07.147-0500][gc,start    ] GC(6) Pause Remark
[2024-11-22T19:26:07.151-0500][gc          ] GC(6) Pause Remark 149M->149M(1024M) 4,734ms
[2024-11-22T19:26:07.151-0500][gc,cpu      ] GC(6) User=0,01s Sys=0,00s Real=0,00s
[2024-11-22T19:26:07.153-0500][gc,marking  ] GC(6) Concurrent Mark 99,040ms
[2024-11-22T19:26:07.153-0500][gc,marking  ] GC(6) Concurrent Rebuild Remembered Sets and Scrub Regions
[2024-11-22T19:26:07.173-0500][gc,marking  ] GC(6) Concurrent Rebuild Remembered Sets and Scrub Regions 20,263ms
[2024-11-22T19:26:07.173-0500][gc,start    ] GC(6) Pause Cleanup
[2024-11-22T19:26:07.173-0500][gc          ] GC(6) Pause Cleanup 149M->149M(1024M) 0,204ms
[2024-11-22T19:26:07.173-0500][gc,cpu      ] GC(6) User=0,00s Sys=0,00s Real=0,00s
[2024-11-22T19:26:07.176-0500][gc,marking  ] GC(6) Concurrent Clear Claimed Marks
[2024-11-22T19:26:07.176-0500][gc,marking  ] GC(6) Concurrent Clear Claimed Marks 0,059ms
[2024-11-22T19:26:07.176-0500][gc,marking  ] GC(6) Concurrent Cleanup for Next Mark
[2024-11-22T19:26:07.184-0500][gc,marking  ] GC(6) Concurrent Cleanup for Next Mark 8,151ms
[2024-11-22T19:26:07.184-0500][gc          ] GC(6) Concurrent Mark Cycle 132,455ms
[2024-11-22T21:14:27.466-0500][gc,start    ] GC(7) Pause Young (Prepare Mixed) (G1 Evacuation Pause)
[2024-11-22T21:14:27.495-0500][gc,task     ] GC(7) Using 4 workers of 4 for evacuation
[2024-11-22T21:14:27.511-0500][gc,phases   ] GC(7)   Pre Evacuate Collection Set: 4,6ms
[2024-11-22T21:14:27.511-0500][gc,phases   ] GC(7)   Merge Heap Roots: 2,9ms
[2024-11-22T21:14:27.511-0500][gc,phases   ] GC(7)   Evacuate Collection Set: 7,1ms
[2024-11-22T21:14:27.511-0500][gc,phases   ] GC(7)   Post Evacuate Collection Set: 1,9ms
[2024-11-22T21:14:27.511-0500][gc,phases   ] GC(7)   Other: 0,2ms
[2024-11-22T21:14:27.511-0500][gc,heap     ] GC(7) Eden regions: 50->0(49)
[2024-11-22T21:14:27.511-0500][gc,heap     ] GC(7) Survivor regions: 1->2(7)
[2024-11-22T21:14:27.511-0500][gc,heap     ] GC(7) Old regions: 16->16
[2024-11-22T21:14:27.511-0500][gc,heap     ] GC(7) Humongous regions: 129->129
[2024-11-22T21:14:27.511-0500][gc,metaspace] GC(7) Metaspace: 38569K(38912K)->38569K(38912K) NonClass: 34408K(34560K)->34408K(34560K) Class: 4160K(4352K)->4160K(4352K)
[2024-11-22T21:14:27.511-0500][gc          ] GC(7) Pause Young (Prepare Mixed) (G1 Evacuation Pause) 195M->145M(1024M) 45,105ms
[2024-11-22T21:14:27.511-0500][gc,cpu      ] GC(7) User=0,02s Sys=0,01s Real=0,04s
[2024-11-22T22:27:24.835-0500][gc,start    ] GC(8) Pause Young (Mixed) (G1 Evacuation Pause)
[2024-11-22T22:27:24.835-0500][gc,task     ] GC(8) Using 4 workers of 4 for evacuation
[2024-11-22T22:27:24.842-0500][gc,phases   ] GC(8)   Pre Evacuate Collection Set: 0,5ms
[2024-11-22T22:27:24.842-0500][gc,phases   ] GC(8)   Merge Heap Roots: 0,1ms
[2024-11-22T22:27:24.842-0500][gc,phases   ] GC(8)   Evacuate Collection Set: 4,4ms
[2024-11-22T22:27:24.842-0500][gc,phases   ] GC(8)   Post Evacuate Collection Set: 2,6ms
[2024-11-22T22:27:24.842-0500][gc,phases   ] GC(8)   Other: 0,1ms
[2024-11-22T22:27:24.842-0500][gc,heap     ] GC(8) Eden regions: 49->0(48)
[2024-11-22T22:27:24.842-0500][gc,heap     ] GC(8) Survivor regions: 2->3(7)
[2024-11-22T22:27:24.842-0500][gc,heap     ] GC(8) Old regions: 16->16
[2024-11-22T22:27:24.842-0500][gc,heap     ] GC(8) Humongous regions: 129->129
[2024-11-22T22:27:24.842-0500][gc,metaspace] GC(8) Metaspace: 41447K(41920K)->41447K(41920K) NonClass: 36760K(37056K)->36760K(37056K) Class: 4687K(4864K)->4687K(4864K)
[2024-11-22T22:27:24.842-0500][gc          ] GC(8) Pause Young (Mixed) (G1 Evacuation Pause) 194M->146M(1024M) 7,906ms
[2024-11-22T22:27:24.843-0500][gc,cpu      ] GC(8) User=0,02s Sys=0,00s Real=0,00s
[2024-11-22T22:30:35.071-0500][gc,heap,exit] Heap
[2024-11-22T22:30:35.071-0500][gc,heap,exit]  garbage-first heap   total 1048576K, used 162293K [0x00000000c0000000, 0x0000000100000000)
[2024-11-22T22:30:35.071-0500][gc,heap,exit]   region size 1024K, 15 young (15360K), 3 survivors (3072K)
[2024-11-22T22:30:35.071-0500][gc,heap,exit]  Metaspace       used 42424K, committed 42944K, reserved 1114112K
[2024-11-22T22:30:35.071-0500][gc,heap,exit]   class space    used 4873K, committed 5056K, reserved 1048576K
