[2024-11-19T21:47:10.711-0500][gc,init] CardTable entry size: 512
[2024-11-19T21:47:10.712-0500][gc     ] Using G1
[2024-11-19T21:47:10.733-0500][gc,init] Version: 21.0.5+11 (release)
[2024-11-19T21:47:10.733-0500][gc,init] CPUs: 4 total, 4 available
[2024-11-19T21:47:10.733-0500][gc,init] Memory: 11836M
[2024-11-19T21:47:10.733-0500][gc,init] Large Page Support: Disabled
[2024-11-19T21:47:10.733-0500][gc,init] NUMA Support: Disabled
[2024-11-19T21:47:10.733-0500][gc,init] Compressed Oops: Enabled (32-bit)
[2024-11-19T21:47:10.734-0500][gc,init] Heap Region Size: 1M
[2024-11-19T21:47:10.734-0500][gc,init] Heap Min Capacity: 1G
[2024-11-19T21:47:10.734-0500][gc,init] Heap Initial Capacity: 1G
[2024-11-19T21:47:10.734-0500][gc,init] Heap Max Capacity: 1G
[2024-11-19T21:47:10.734-0500][gc,init] Pre-touch: Disabled
[2024-11-19T21:47:10.734-0500][gc,init] Parallel Workers: 4
[2024-11-19T21:47:10.734-0500][gc,init] Concurrent Workers: 1
[2024-11-19T21:47:10.734-0500][gc,init] Concurrent Refinement Workers: 4
[2024-11-19T21:47:10.734-0500][gc,init] Periodic GC: Disabled
[2024-11-19T21:47:10.747-0500][gc,metaspace] CDS archive(s) mapped at: [0x00007faad3000000-0x00007faad3c99000-0x00007faad3c99000), size 13209600, SharedBaseAddress: 0x00007faad3000000, ArchiveRelocationMode: 1.
[2024-11-19T21:47:10.747-0500][gc,metaspace] Compressed class space mapped at: 0x00007faad4000000-0x00007fab14000000, reserved size: 1073741824
[2024-11-19T21:47:10.747-0500][gc,metaspace] Narrow klass base: 0x00007faad3000000, Narrow klass shift: 0, Narrow klass range: 0x100000000
[2024-11-19T21:47:13.149-0500][gc,start    ] GC(0) Pause Young (Normal) (G1 Evacuation Pause)
[2024-11-19T21:47:13.150-0500][gc,task     ] GC(0) Using 4 workers of 4 for evacuation
[2024-11-19T21:47:13.159-0500][gc,phases   ] GC(0)   Pre Evacuate Collection Set: 0,2ms
[2024-11-19T21:47:13.159-0500][gc,phases   ] GC(0)   Merge Heap Roots: 0,1ms
[2024-11-19T21:47:13.159-0500][gc,phases   ] GC(0)   Evacuate Collection Set: 7,7ms
[2024-11-19T21:47:13.159-0500][gc,phases   ] GC(0)   Post Evacuate Collection Set: 1,1ms
[2024-11-19T21:47:13.159-0500][gc,phases   ] GC(0)   Other: 0,6ms
[2024-11-19T21:47:13.159-0500][gc,heap     ] GC(0) Eden regions: 51->0(44)
[2024-11-19T21:47:13.159-0500][gc,heap     ] GC(0) Survivor regions: 0->7(7)
[2024-11-19T21:47:13.159-0500][gc,heap     ] GC(0) Old regions: 2->3
[2024-11-19T21:47:13.159-0500][gc,heap     ] GC(0) Humongous regions: 0->0
[2024-11-19T21:47:13.159-0500][gc,metaspace] GC(0) Metaspace: 17314K(17536K)->17314K(17536K) NonClass: 15315K(15424K)->15315K(15424K) Class: 1998K(2112K)->1998K(2112K)
[2024-11-19T21:47:13.159-0500][gc          ] GC(0) Pause Young (Normal) (G1 Evacuation Pause) 52M->8M(1024M) 9,943ms
[2024-11-19T21:47:13.159-0500][gc,cpu      ] GC(0) User=0,02s Sys=0,01s Real=0,01s
[2024-11-19T21:47:13.413-0500][gc,start    ] GC(1) Pause Young (Concurrent Start) (Metadata GC Threshold)
[2024-11-19T21:47:13.413-0500][gc,task     ] GC(1) Using 4 workers of 4 for evacuation
[2024-11-19T21:47:13.420-0500][gc,phases   ] GC(1)   Pre Evacuate Collection Set: 0,4ms
[2024-11-19T21:47:13.421-0500][gc,phases   ] GC(1)   Merge Heap Roots: 0,0ms
[2024-11-19T21:47:13.421-0500][gc,phases   ] GC(1)   Evacuate Collection Set: 6,7ms
[2024-11-19T21:47:13.421-0500][gc,phases   ] GC(1)   Post Evacuate Collection Set: 0,6ms
[2024-11-19T21:47:13.421-0500][gc,phases   ] GC(1)   Other: 0,2ms
[2024-11-19T21:47:13.421-0500][gc,heap     ] GC(1) Eden regions: 16->0(50)
[2024-11-19T21:47:13.421-0500][gc,heap     ] GC(1) Survivor regions: 7->1(7)
[2024-11-19T21:47:13.421-0500][gc,heap     ] GC(1) Old regions: 3->11
[2024-11-19T21:47:13.421-0500][gc,heap     ] GC(1) Humongous regions: 0->0
[2024-11-19T21:47:13.421-0500][gc,metaspace] GC(1) Metaspace: 21323K(21504K)->21323K(21504K) NonClass: 18850K(18944K)->18850K(18944K) Class: 2472K(2560K)->2472K(2560K)
[2024-11-19T21:47:13.421-0500][gc          ] GC(1) Pause Young (Concurrent Start) (Metadata GC Threshold) 24M->10M(1024M) 8,056ms
[2024-11-19T21:47:13.421-0500][gc,cpu      ] GC(1) User=0,02s Sys=0,01s Real=0,00s
[2024-11-19T21:47:13.421-0500][gc          ] GC(2) Concurrent Mark Cycle
[2024-11-19T21:47:13.421-0500][gc,marking  ] GC(2) Concurrent Scan Root Regions
[2024-11-19T21:47:13.427-0500][gc,marking  ] GC(2) Concurrent Scan Root Regions 6,110ms
[2024-11-19T21:47:13.427-0500][gc,marking  ] GC(2) Concurrent Mark
[2024-11-19T21:47:13.427-0500][gc,marking  ] GC(2) Concurrent Mark From Roots
[2024-11-19T21:47:13.427-0500][gc,task     ] GC(2) Using 1 workers of 1 for marking
[2024-11-19T21:47:13.433-0500][gc,marking  ] GC(2) Concurrent Mark From Roots 6,240ms
[2024-11-19T21:47:13.433-0500][gc,marking  ] GC(2) Concurrent Preclean
[2024-11-19T21:47:13.433-0500][gc,marking  ] GC(2) Concurrent Preclean 0,016ms
[2024-11-19T21:47:13.433-0500][gc,start    ] GC(2) Pause Remark
[2024-11-19T21:47:13.436-0500][gc          ] GC(2) Pause Remark 11M->11M(1024M) 2,295ms
[2024-11-19T21:47:13.436-0500][gc,cpu      ] GC(2) User=0,01s Sys=0,00s Real=0,00s
[2024-11-19T21:47:13.436-0500][gc,marking  ] GC(2) Concurrent Mark 8,838ms
[2024-11-19T21:47:13.436-0500][gc,marking  ] GC(2) Concurrent Rebuild Remembered Sets and Scrub Regions
[2024-11-19T21:47:13.440-0500][gc,marking  ] GC(2) Concurrent Rebuild Remembered Sets and Scrub Regions 4,492ms
[2024-11-19T21:47:13.440-0500][gc,start    ] GC(2) Pause Cleanup
[2024-11-19T21:47:13.441-0500][gc          ] GC(2) Pause Cleanup 11M->11M(1024M) 0,249ms
[2024-11-19T21:47:13.441-0500][gc,cpu      ] GC(2) User=0,00s Sys=0,00s Real=0,00s
[2024-11-19T21:47:13.441-0500][gc,marking  ] GC(2) Concurrent Clear Claimed Marks
[2024-11-19T21:47:13.441-0500][gc,marking  ] GC(2) Concurrent Clear Claimed Marks 0,038ms
[2024-11-19T21:47:13.441-0500][gc,marking  ] GC(2) Concurrent Cleanup for Next Mark
[2024-11-19T21:47:13.455-0500][gc,marking  ] GC(2) Concurrent Cleanup for Next Mark 14,454ms
[2024-11-19T21:47:13.455-0500][gc          ] GC(2) Concurrent Mark Cycle 34,680ms
[2024-11-19T21:47:14.561-0500][gc,start    ] GC(3) Pause Young (Prepare Mixed) (G1 Evacuation Pause)
[2024-11-19T21:47:14.561-0500][gc,task     ] GC(3) Using 4 workers of 4 for evacuation
[2024-11-19T21:47:14.567-0500][gc,phases   ] GC(3)   Pre Evacuate Collection Set: 0,3ms
[2024-11-19T21:47:14.567-0500][gc,phases   ] GC(3)   Merge Heap Roots: 0,0ms
[2024-11-19T21:47:14.567-0500][gc,phases   ] GC(3)   Evacuate Collection Set: 5,5ms
[2024-11-19T21:47:14.567-0500][gc,phases   ] GC(3)   Post Evacuate Collection Set: 0,6ms
[2024-11-19T21:47:14.567-0500][gc,phases   ] GC(3)   Other: 0,1ms
[2024-11-19T21:47:14.567-0500][gc,heap     ] GC(3) Eden regions: 50->0(45)
[2024-11-19T21:47:14.567-0500][gc,heap     ] GC(3) Survivor regions: 1->6(7)
[2024-11-19T21:47:14.567-0500][gc,heap     ] GC(3) Old regions: 11->11
[2024-11-19T21:47:14.567-0500][gc,heap     ] GC(3) Humongous regions: 129->129
[2024-11-19T21:47:14.567-0500][gc,metaspace] GC(3) Metaspace: 31390K(31744K)->31390K(31744K) NonClass: 27952K(28160K)->27952K(28160K) Class: 3438K(3584K)->3438K(3584K)
[2024-11-19T21:47:14.567-0500][gc          ] GC(3) Pause Young (Prepare Mixed) (G1 Evacuation Pause) 189M->144M(1024M) 6,693ms
[2024-11-19T21:47:14.567-0500][gc,cpu      ] GC(3) User=0,02s Sys=0,00s Real=0,01s
[2024-11-19T21:47:15.030-0500][gc,start    ] GC(4) Pause Young (Mixed) (Metadata GC Threshold)
[2024-11-19T21:47:15.030-0500][gc,task     ] GC(4) Using 4 workers of 4 for evacuation
[2024-11-19T21:47:15.047-0500][gc,phases   ] GC(4)   Pre Evacuate Collection Set: 0,7ms
[2024-11-19T21:47:15.047-0500][gc,phases   ] GC(4)   Merge Heap Roots: 0,1ms
[2024-11-19T21:47:15.047-0500][gc,phases   ] GC(4)   Evacuate Collection Set: 15,1ms
[2024-11-19T21:47:15.047-0500][gc,phases   ] GC(4)   Post Evacuate Collection Set: 0,6ms
[2024-11-19T21:47:15.047-0500][gc,phases   ] GC(4)   Other: 0,1ms
[2024-11-19T21:47:15.047-0500][gc,heap     ] GC(4) Eden regions: 17->0(49)
[2024-11-19T21:47:15.047-0500][gc,heap     ] GC(4) Survivor regions: 6->2(7)
[2024-11-19T21:47:15.047-0500][gc,heap     ] GC(4) Old regions: 11->15
[2024-11-19T21:47:15.047-0500][gc,heap     ] GC(4) Humongous regions: 129->129
[2024-11-19T21:47:15.047-0500][gc,metaspace] GC(4) Metaspace: 35756K(36096K)->35756K(36096K) NonClass: 31885K(32064K)->31885K(32064K) Class: 3871K(4032K)->3871K(4032K)
[2024-11-19T21:47:15.047-0500][gc          ] GC(4) Pause Young (Mixed) (Metadata GC Threshold) 160M->145M(1024M) 16,871ms
[2024-11-19T21:47:15.047-0500][gc,cpu      ] GC(4) User=0,04s Sys=0,00s Real=0,02s
[2024-11-19T21:47:15.082-0500][gc,start    ] GC(5) Pause Young (Concurrent Start) (Metadata GC Threshold)
[2024-11-19T21:47:15.082-0500][gc,task     ] GC(5) Using 4 workers of 4 for evacuation
[2024-11-19T21:47:15.094-0500][gc,phases   ] GC(5)   Pre Evacuate Collection Set: 2,3ms
[2024-11-19T21:47:15.094-0500][gc,phases   ] GC(5)   Merge Heap Roots: 0,1ms
[2024-11-19T21:47:15.094-0500][gc,phases   ] GC(5)   Evacuate Collection Set: 8,3ms
[2024-11-19T21:47:15.094-0500][gc,phases   ] GC(5)   Post Evacuate Collection Set: 0,4ms
[2024-11-19T21:47:15.094-0500][gc,phases   ] GC(5)   Other: 0,1ms
[2024-11-19T21:47:15.094-0500][gc,heap     ] GC(5) Eden regions: 2->0(48)
[2024-11-19T21:47:15.094-0500][gc,heap     ] GC(5) Survivor regions: 2->3(7)
[2024-11-19T21:47:15.094-0500][gc,heap     ] GC(5) Old regions: 15->15
[2024-11-19T21:47:15.094-0500][gc,heap     ] GC(5) Humongous regions: 129->129
[2024-11-19T21:47:15.094-0500][gc,metaspace] GC(5) Metaspace: 36090K(36416K)->36090K(36416K) NonClass: 32216K(32384K)->32216K(32384K) Class: 3874K(4032K)->3874K(4032K)
[2024-11-19T21:47:15.094-0500][gc          ] GC(5) Pause Young (Concurrent Start) (Metadata GC Threshold) 147M->146M(1024M) 11,481ms
[2024-11-19T21:47:15.094-0500][gc,cpu      ] GC(5) User=0,03s Sys=0,00s Real=0,01s
[2024-11-19T21:47:15.095-0500][gc          ] GC(6) Concurrent Mark Cycle
[2024-11-19T21:47:15.096-0500][gc,marking  ] GC(6) Concurrent Scan Root Regions
[2024-11-19T21:47:15.101-0500][gc,marking  ] GC(6) Concurrent Scan Root Regions 5,694ms
[2024-11-19T21:47:15.101-0500][gc,marking  ] GC(6) Concurrent Mark
[2024-11-19T21:47:15.101-0500][gc,marking  ] GC(6) Concurrent Mark From Roots
[2024-11-19T21:47:15.101-0500][gc,task     ] GC(6) Using 1 workers of 1 for marking
[2024-11-19T21:47:15.143-0500][gc,marking  ] GC(6) Concurrent Mark From Roots 41,734ms
[2024-11-19T21:47:15.143-0500][gc,marking  ] GC(6) Concurrent Preclean
[2024-11-19T21:47:15.143-0500][gc,marking  ] GC(6) Concurrent Preclean 0,082ms
[2024-11-19T21:47:15.144-0500][gc,start    ] GC(6) Pause Remark
[2024-11-19T21:47:15.148-0500][gc          ] GC(6) Pause Remark 147M->147M(1024M) 4,207ms
[2024-11-19T21:47:15.148-0500][gc,cpu      ] GC(6) User=0,01s Sys=0,00s Real=0,00s
[2024-11-19T21:47:15.148-0500][gc,marking  ] GC(6) Concurrent Mark 47,018ms
[2024-11-19T21:47:15.148-0500][gc,marking  ] GC(6) Concurrent Rebuild Remembered Sets and Scrub Regions
[2024-11-19T21:47:15.163-0500][gc,marking  ] GC(6) Concurrent Rebuild Remembered Sets and Scrub Regions 14,946ms
[2024-11-19T21:47:15.165-0500][gc,start    ] GC(6) Pause Cleanup
[2024-11-19T21:47:15.166-0500][gc          ] GC(6) Pause Cleanup 148M->148M(1024M) 0,322ms
[2024-11-19T21:47:15.166-0500][gc,cpu      ] GC(6) User=0,00s Sys=0,00s Real=0,00s
[2024-11-19T21:47:15.168-0500][gc,marking  ] GC(6) Concurrent Clear Claimed Marks
[2024-11-19T21:47:15.168-0500][gc,marking  ] GC(6) Concurrent Clear Claimed Marks 0,056ms
[2024-11-19T21:47:15.168-0500][gc,marking  ] GC(6) Concurrent Cleanup for Next Mark
[2024-11-19T21:47:15.171-0500][gc,marking  ] GC(6) Concurrent Cleanup for Next Mark 3,581ms
[2024-11-19T21:47:15.171-0500][gc          ] GC(6) Concurrent Mark Cycle 76,023ms
[2024-11-19T21:58:29.330-0500][gc,start    ] GC(7) Pause Young (Prepare Mixed) (G1 Evacuation Pause)
[2024-11-19T21:58:29.330-0500][gc,task     ] GC(7) Using 4 workers of 4 for evacuation
[2024-11-19T21:58:29.337-0500][gc,phases   ] GC(7)   Pre Evacuate Collection Set: 0,3ms
[2024-11-19T21:58:29.337-0500][gc,phases   ] GC(7)   Merge Heap Roots: 0,1ms
[2024-11-19T21:58:29.337-0500][gc,phases   ] GC(7)   Evacuate Collection Set: 5,2ms
[2024-11-19T21:58:29.337-0500][gc,phases   ] GC(7)   Post Evacuate Collection Set: 0,7ms
[2024-11-19T21:58:29.337-0500][gc,phases   ] GC(7)   Other: 0,1ms
[2024-11-19T21:58:29.337-0500][gc,heap     ] GC(7) Eden regions: 48->0(47)
[2024-11-19T21:58:29.337-0500][gc,heap     ] GC(7) Survivor regions: 3->4(7)
[2024-11-19T21:58:29.337-0500][gc,heap     ] GC(7) Old regions: 15->15
[2024-11-19T21:58:29.337-0500][gc,heap     ] GC(7) Humongous regions: 141->129
[2024-11-19T21:58:29.337-0500][gc,metaspace] GC(7) Metaspace: 41931K(42496K)->41931K(42496K) NonClass: 37169K(37440K)->37169K(37440K) Class: 4762K(5056K)->4762K(5056K)
[2024-11-19T21:58:29.337-0500][gc          ] GC(7) Pause Young (Prepare Mixed) (G1 Evacuation Pause) 206M->147M(1024M) 6,532ms
[2024-11-19T21:58:29.337-0500][gc,cpu      ] GC(7) User=0,02s Sys=0,00s Real=0,01s
[2024-11-19T21:58:29.635-0500][gc,heap,exit] Heap
[2024-11-19T21:58:29.635-0500][gc,heap,exit]  garbage-first heap   total 1048576K, used 155061K [0x00000000c0000000, 0x0000000100000000)
[2024-11-19T21:58:29.635-0500][gc,heap,exit]   region size 1024K, 8 young (8192K), 4 survivors (4096K)
[2024-11-19T21:58:29.635-0500][gc,heap,exit]  Metaspace       used 42071K, committed 42624K, reserved 1114112K
[2024-11-19T21:58:29.635-0500][gc,heap,exit]   class space    used 4796K, committed 5056K, reserved 1048576K
