[2024-11-18T12:39:06.515-0500][gc,init] CardTable entry size: 512
[2024-11-18T12:39:06.516-0500][gc     ] Using G1
[2024-11-18T12:39:06.544-0500][gc,init] Version: 21.0.5+11 (release)
[2024-11-18T12:39:06.544-0500][gc,init] CPUs: 4 total, 4 available
[2024-11-18T12:39:06.544-0500][gc,init] Memory: 11836M
[2024-11-18T12:39:06.545-0500][gc,init] Large Page Support: Disabled
[2024-11-18T12:39:06.545-0500][gc,init] NUMA Support: Disabled
[2024-11-18T12:39:06.545-0500][gc,init] Compressed Oops: Enabled (32-bit)
[2024-11-18T12:39:06.545-0500][gc,init] Heap Region Size: 1M
[2024-11-18T12:39:06.545-0500][gc,init] Heap Min Capacity: 1G
[2024-11-18T12:39:06.545-0500][gc,init] Heap Initial Capacity: 1G
[2024-11-18T12:39:06.545-0500][gc,init] Heap Max Capacity: 1G
[2024-11-18T12:39:06.545-0500][gc,init] Pre-touch: Disabled
[2024-11-18T12:39:06.545-0500][gc,init] Parallel Workers: 4
[2024-11-18T12:39:06.545-0500][gc,init] Concurrent Workers: 1
[2024-11-18T12:39:06.545-0500][gc,init] Concurrent Refinement Workers: 4
[2024-11-18T12:39:06.545-0500][gc,init] Periodic GC: Disabled
[2024-11-18T12:39:06.555-0500][gc,metaspace] CDS archive(s) mapped at: [0x00007f7d6f000000-0x00007f7d6fc99000-0x00007f7d6fc99000), size 13209600, SharedBaseAddress: 0x00007f7d6f000000, ArchiveRelocationMode: 1.
[2024-11-18T12:39:06.555-0500][gc,metaspace] Compressed class space mapped at: 0x00007f7d70000000-0x00007f7db0000000, reserved size: 1073741824
[2024-11-18T12:39:06.555-0500][gc,metaspace] Narrow klass base: 0x00007f7d6f000000, Narrow klass shift: 0, Narrow klass range: 0x100000000
[2024-11-18T12:41:07.048-0500][gc,start    ] GC(0) Pause Young (Normal) (G1 Evacuation Pause)
[2024-11-18T12:41:07.049-0500][gc,task     ] GC(0) Using 4 workers of 4 for evacuation
[2024-11-18T12:41:07.073-0500][gc,mmu      ] GC(0) MMU target violated: 21,0ms (20,0ms/21,0ms)
[2024-11-18T12:41:07.073-0500][gc,phases   ] GC(0)   Pre Evacuate Collection Set: 0,5ms
[2024-11-18T12:41:07.073-0500][gc,phases   ] GC(0)   Merge Heap Roots: 0,3ms
[2024-11-18T12:41:07.073-0500][gc,phases   ] GC(0)   Evacuate Collection Set: 21,7ms
[2024-11-18T12:41:07.073-0500][gc,phases   ] GC(0)   Post Evacuate Collection Set: 1,1ms
[2024-11-18T12:41:07.073-0500][gc,phases   ] GC(0)   Other: 1,5ms
[2024-11-18T12:41:07.073-0500][gc,heap     ] GC(0) Eden regions: 51->0(44)
[2024-11-18T12:41:07.073-0500][gc,heap     ] GC(0) Survivor regions: 0->7(7)
[2024-11-18T12:41:07.073-0500][gc,heap     ] GC(0) Old regions: 2->3
[2024-11-18T12:41:07.073-0500][gc,heap     ] GC(0) Humongous regions: 0->0
[2024-11-18T12:41:07.073-0500][gc,metaspace] GC(0) Metaspace: 17386K(17600K)->17386K(17600K) NonClass: 15381K(15488K)->15381K(15488K) Class: 2004K(2112K)->2004K(2112K)
[2024-11-18T12:41:07.073-0500][gc          ] GC(0) Pause Young (Normal) (G1 Evacuation Pause) 52M->8M(1024M) 25,682ms
[2024-11-18T12:41:07.074-0500][gc,cpu      ] GC(0) User=0,06s Sys=0,02s Real=0,03s
[2024-11-18T12:41:12.028-0500][gc,start    ] GC(1) Pause Young (Concurrent Start) (Metadata GC Threshold)
[2024-11-18T12:41:12.028-0500][gc,task     ] GC(1) Using 4 workers of 4 for evacuation
[2024-11-18T12:41:12.055-0500][gc,mmu      ] GC(1) MMU target violated: 21,0ms (20,0ms/21,0ms)
[2024-11-18T12:41:12.055-0500][gc,phases   ] GC(1)   Pre Evacuate Collection Set: 0,4ms
[2024-11-18T12:41:12.055-0500][gc,phases   ] GC(1)   Merge Heap Roots: 0,1ms
[2024-11-18T12:41:12.055-0500][gc,phases   ] GC(1)   Evacuate Collection Set: 25,9ms
[2024-11-18T12:41:12.055-0500][gc,phases   ] GC(1)   Post Evacuate Collection Set: 0,8ms
[2024-11-18T12:41:12.055-0500][gc,phases   ] GC(1)   Other: 0,2ms
[2024-11-18T12:41:12.055-0500][gc,heap     ] GC(1) Eden regions: 16->0(49)
[2024-11-18T12:41:12.055-0500][gc,heap     ] GC(1) Survivor regions: 7->2(7)
[2024-11-18T12:41:12.055-0500][gc,heap     ] GC(1) Old regions: 3->11
[2024-11-18T12:41:12.055-0500][gc,heap     ] GC(1) Humongous regions: 0->0
[2024-11-18T12:41:12.055-0500][gc,metaspace] GC(1) Metaspace: 21347K(21504K)->21347K(21504K) NonClass: 18877K(18944K)->18877K(18944K) Class: 2469K(2560K)->2469K(2560K)
[2024-11-18T12:41:12.055-0500][gc          ] GC(1) Pause Young (Concurrent Start) (Metadata GC Threshold) 24M->10M(1024M) 27,592ms
[2024-11-18T12:41:12.055-0500][gc,cpu      ] GC(1) User=0,02s Sys=0,00s Real=0,03s
[2024-11-18T12:41:12.055-0500][gc          ] GC(2) Concurrent Mark Cycle
[2024-11-18T12:41:12.055-0500][gc,marking  ] GC(2) Concurrent Scan Root Regions
[2024-11-18T12:41:12.063-0500][gc,marking  ] GC(2) Concurrent Scan Root Regions 7,128ms
[2024-11-18T12:41:12.063-0500][gc,marking  ] GC(2) Concurrent Mark
[2024-11-18T12:41:12.063-0500][gc,marking  ] GC(2) Concurrent Mark From Roots
[2024-11-18T12:41:12.063-0500][gc,task     ] GC(2) Using 1 workers of 1 for marking
[2024-11-18T12:41:12.069-0500][gc,marking  ] GC(2) Concurrent Mark From Roots 6,317ms
[2024-11-18T12:41:12.069-0500][gc,marking  ] GC(2) Concurrent Preclean
[2024-11-18T12:41:12.069-0500][gc,marking  ] GC(2) Concurrent Preclean 0,014ms
[2024-11-18T12:41:12.069-0500][gc,start    ] GC(2) Pause Remark
[2024-11-18T12:41:12.072-0500][gc          ] GC(2) Pause Remark 11M->11M(1024M) 2,850ms
[2024-11-18T12:41:12.072-0500][gc,cpu      ] GC(2) User=0,01s Sys=0,00s Real=0,00s
[2024-11-18T12:41:12.072-0500][gc,marking  ] GC(2) Concurrent Mark 9,444ms
[2024-11-18T12:41:12.072-0500][gc,marking  ] GC(2) Concurrent Rebuild Remembered Sets and Scrub Regions
[2024-11-18T12:41:12.079-0500][gc,marking  ] GC(2) Concurrent Rebuild Remembered Sets and Scrub Regions 6,446ms
[2024-11-18T12:41:12.079-0500][gc,start    ] GC(2) Pause Cleanup
[2024-11-18T12:41:12.079-0500][gc          ] GC(2) Pause Cleanup 11M->11M(1024M) 0,257ms
[2024-11-18T12:41:12.079-0500][gc,cpu      ] GC(2) User=0,00s Sys=0,00s Real=0,00s
[2024-11-18T12:41:12.079-0500][gc,marking  ] GC(2) Concurrent Clear Claimed Marks
[2024-11-18T12:41:12.079-0500][gc,marking  ] GC(2) Concurrent Clear Claimed Marks 0,025ms
[2024-11-18T12:41:12.079-0500][gc,marking  ] GC(2) Concurrent Cleanup for Next Mark
[2024-11-18T12:41:12.099-0500][gc,marking  ] GC(2) Concurrent Cleanup for Next Mark 19,624ms
[2024-11-18T12:41:12.099-0500][gc          ] GC(2) Concurrent Mark Cycle 43,371ms
[2024-11-18T12:41:14.984-0500][gc,start    ] GC(3) Pause Young (Prepare Mixed) (G1 Evacuation Pause)
[2024-11-18T12:41:14.984-0500][gc,task     ] GC(3) Using 4 workers of 4 for evacuation
[2024-11-18T12:41:14.993-0500][gc,phases   ] GC(3)   Pre Evacuate Collection Set: 0,2ms
[2024-11-18T12:41:14.993-0500][gc,phases   ] GC(3)   Merge Heap Roots: 0,1ms
[2024-11-18T12:41:14.993-0500][gc,phases   ] GC(3)   Evacuate Collection Set: 8,2ms
[2024-11-18T12:41:14.993-0500][gc,phases   ] GC(3)   Post Evacuate Collection Set: 0,6ms
[2024-11-18T12:41:14.993-0500][gc,phases   ] GC(3)   Other: 0,1ms
[2024-11-18T12:41:14.993-0500][gc,heap     ] GC(3) Eden regions: 49->0(44)
[2024-11-18T12:41:14.993-0500][gc,heap     ] GC(3) Survivor regions: 2->7(7)
[2024-11-18T12:41:14.993-0500][gc,heap     ] GC(3) Old regions: 11->11
[2024-11-18T12:41:14.993-0500][gc,heap     ] GC(3) Humongous regions: 129->129
[2024-11-18T12:41:14.993-0500][gc,metaspace] GC(3) Metaspace: 32954K(33216K)->32954K(33216K) NonClass: 29440K(29568K)->29440K(29568K) Class: 3514K(3648K)->3514K(3648K)
[2024-11-18T12:41:14.993-0500][gc          ] GC(3) Pause Young (Prepare Mixed) (G1 Evacuation Pause) 188M->144M(1024M) 9,443ms
[2024-11-18T12:41:14.993-0500][gc,cpu      ] GC(3) User=0,03s Sys=0,00s Real=0,01s
[2024-11-18T12:41:15.328-0500][gc,start    ] GC(4) Pause Young (Mixed) (Metadata GC Threshold)
[2024-11-18T12:41:15.328-0500][gc,task     ] GC(4) Using 4 workers of 4 for evacuation
[2024-11-18T12:41:15.339-0500][gc,phases   ] GC(4)   Pre Evacuate Collection Set: 0,2ms
[2024-11-18T12:41:15.339-0500][gc,phases   ] GC(4)   Merge Heap Roots: 0,0ms
[2024-11-18T12:41:15.339-0500][gc,phases   ] GC(4)   Evacuate Collection Set: 10,8ms
[2024-11-18T12:41:15.339-0500][gc,phases   ] GC(4)   Post Evacuate Collection Set: 0,5ms
[2024-11-18T12:41:15.339-0500][gc,phases   ] GC(4)   Other: 0,1ms
[2024-11-18T12:41:15.340-0500][gc,heap     ] GC(4) Eden regions: 12->0(50)
[2024-11-18T12:41:15.340-0500][gc,heap     ] GC(4) Survivor regions: 7->1(7)
[2024-11-18T12:41:15.340-0500][gc,heap     ] GC(4) Old regions: 11->16
[2024-11-18T12:41:15.340-0500][gc,heap     ] GC(4) Humongous regions: 129->129
[2024-11-18T12:41:15.340-0500][gc,metaspace] GC(4) Metaspace: 35840K(36096K)->35840K(36096K) NonClass: 32014K(32192K)->32014K(32192K) Class: 3826K(3904K)->3826K(3904K)
[2024-11-18T12:41:15.340-0500][gc          ] GC(4) Pause Young (Mixed) (Metadata GC Threshold) 156M->145M(1024M) 11,889ms
[2024-11-18T12:41:15.340-0500][gc,cpu      ] GC(4) User=0,04s Sys=0,00s Real=0,01s
[2024-11-18T12:41:15.369-0500][gc,start    ] GC(5) Pause Young (Concurrent Start) (Metadata GC Threshold)
[2024-11-18T12:41:15.369-0500][gc,task     ] GC(5) Using 4 workers of 4 for evacuation
[2024-11-18T12:41:15.373-0500][gc,phases   ] GC(5)   Pre Evacuate Collection Set: 0,3ms
[2024-11-18T12:41:15.373-0500][gc,phases   ] GC(5)   Merge Heap Roots: 0,1ms
[2024-11-18T12:41:15.373-0500][gc,phases   ] GC(5)   Evacuate Collection Set: 2,7ms
[2024-11-18T12:41:15.373-0500][gc,phases   ] GC(5)   Post Evacuate Collection Set: 0,5ms
[2024-11-18T12:41:15.373-0500][gc,phases   ] GC(5)   Other: 0,1ms
[2024-11-18T12:41:15.373-0500][gc,heap     ] GC(5) Eden regions: 2->0(50)
[2024-11-18T12:41:15.373-0500][gc,heap     ] GC(5) Survivor regions: 1->1(7)
[2024-11-18T12:41:15.373-0500][gc,heap     ] GC(5) Old regions: 16->16
[2024-11-18T12:41:15.373-0500][gc,heap     ] GC(5) Humongous regions: 129->129
[2024-11-18T12:41:15.373-0500][gc,metaspace] GC(5) Metaspace: 36150K(36416K)->36150K(36416K) NonClass: 32266K(32384K)->32266K(32384K) Class: 3884K(4032K)->3884K(4032K)
[2024-11-18T12:41:15.373-0500][gc          ] GC(5) Pause Young (Concurrent Start) (Metadata GC Threshold) 147M->145M(1024M) 3,751ms
[2024-11-18T12:41:15.373-0500][gc          ] GC(6) Concurrent Mark Cycle
[2024-11-18T12:41:15.373-0500][gc,marking  ] GC(6) Concurrent Scan Root Regions
[2024-11-18T12:41:15.373-0500][gc,cpu      ] GC(5) User=0,01s Sys=0,00s Real=0,01s
[2024-11-18T12:41:15.377-0500][gc,marking  ] GC(6) Concurrent Scan Root Regions 3,803ms
[2024-11-18T12:41:15.377-0500][gc,marking  ] GC(6) Concurrent Mark
[2024-11-18T12:41:15.377-0500][gc,marking  ] GC(6) Concurrent Mark From Roots
[2024-11-18T12:41:15.377-0500][gc,task     ] GC(6) Using 1 workers of 1 for marking
[2024-11-18T12:41:15.469-0500][gc,marking  ] GC(6) Concurrent Mark From Roots 91,573ms
[2024-11-18T12:41:15.469-0500][gc,marking  ] GC(6) Concurrent Preclean
[2024-11-18T12:41:15.469-0500][gc,marking  ] GC(6) Concurrent Preclean 0,087ms
[2024-11-18T12:41:15.469-0500][gc,start    ] GC(6) Pause Remark
[2024-11-18T12:41:15.473-0500][gc          ] GC(6) Pause Remark 149M->149M(1024M) 4,042ms
[2024-11-18T12:41:15.473-0500][gc,cpu      ] GC(6) User=0,01s Sys=0,01s Real=0,01s
[2024-11-18T12:41:15.477-0500][gc,marking  ] GC(6) Concurrent Mark 99,788ms
[2024-11-18T12:41:15.477-0500][gc,marking  ] GC(6) Concurrent Rebuild Remembered Sets and Scrub Regions
[2024-11-18T12:41:15.494-0500][gc,marking  ] GC(6) Concurrent Rebuild Remembered Sets and Scrub Regions 16,900ms
[2024-11-18T12:41:15.495-0500][gc,start    ] GC(6) Pause Cleanup
[2024-11-18T12:41:15.495-0500][gc          ] GC(6) Pause Cleanup 149M->149M(1024M) 0,223ms
[2024-11-18T12:41:15.495-0500][gc,cpu      ] GC(6) User=0,00s Sys=0,00s Real=0,00s
[2024-11-18T12:41:15.495-0500][gc,marking  ] GC(6) Concurrent Clear Claimed Marks
[2024-11-18T12:41:15.495-0500][gc,marking  ] GC(6) Concurrent Clear Claimed Marks 0,040ms
[2024-11-18T12:41:15.495-0500][gc,marking  ] GC(6) Concurrent Cleanup for Next Mark
[2024-11-18T12:41:15.498-0500][gc,marking  ] GC(6) Concurrent Cleanup for Next Mark 2,436ms
[2024-11-18T12:41:15.498-0500][gc          ] GC(6) Concurrent Mark Cycle 124,478ms
[2024-11-18T14:31:25.249-0500][gc,start    ] GC(7) Pause Young (Prepare Mixed) (G1 Evacuation Pause)
[2024-11-18T14:31:25.293-0500][gc,task     ] GC(7) Using 4 workers of 4 for evacuation
[2024-11-18T14:31:25.310-0500][gc,phases   ] GC(7)   Pre Evacuate Collection Set: 5,7ms
[2024-11-18T14:31:25.310-0500][gc,phases   ] GC(7)   Merge Heap Roots: 0,2ms
[2024-11-18T14:31:25.310-0500][gc,phases   ] GC(7)   Evacuate Collection Set: 6,8ms
[2024-11-18T14:31:25.310-0500][gc,phases   ] GC(7)   Post Evacuate Collection Set: 4,0ms
[2024-11-18T14:31:25.310-0500][gc,phases   ] GC(7)   Other: 0,2ms
[2024-11-18T14:31:25.310-0500][gc,heap     ] GC(7) Eden regions: 50->0(49)
[2024-11-18T14:31:25.310-0500][gc,heap     ] GC(7) Survivor regions: 1->2(7)
[2024-11-18T14:31:25.310-0500][gc,heap     ] GC(7) Old regions: 16->16
[2024-11-18T14:31:25.310-0500][gc,heap     ] GC(7) Humongous regions: 129->129
[2024-11-18T14:31:25.310-0500][gc,metaspace] GC(7) Metaspace: 38564K(38976K)->38564K(38976K) NonClass: 34399K(34624K)->34399K(34624K) Class: 4164K(4352K)->4164K(4352K)
[2024-11-18T14:31:25.310-0500][gc          ] GC(7) Pause Young (Prepare Mixed) (G1 Evacuation Pause) 195M->145M(1024M) 60,653ms
[2024-11-18T14:31:25.310-0500][gc,cpu      ] GC(7) User=0,02s Sys=0,02s Real=0,17s
[2024-11-18T19:01:10.104-0500][gc,start    ] GC(8) Pause Young (Mixed) (G1 Evacuation Pause)
[2024-11-18T19:01:10.105-0500][gc,task     ] GC(8) Using 4 workers of 4 for evacuation
[2024-11-18T19:01:10.111-0500][gc,phases   ] GC(8)   Pre Evacuate Collection Set: 0,5ms
[2024-11-18T19:01:10.111-0500][gc,phases   ] GC(8)   Merge Heap Roots: 0,1ms
[2024-11-18T19:01:10.111-0500][gc,phases   ] GC(8)   Evacuate Collection Set: 3,2ms
[2024-11-18T19:01:10.111-0500][gc,phases   ] GC(8)   Post Evacuate Collection Set: 2,2ms
[2024-11-18T19:01:10.111-0500][gc,phases   ] GC(8)   Other: 0,1ms
[2024-11-18T19:01:10.111-0500][gc,heap     ] GC(8) Eden regions: 49->0(49)
[2024-11-18T19:01:10.111-0500][gc,heap     ] GC(8) Survivor regions: 2->2(7)
[2024-11-18T19:01:10.111-0500][gc,heap     ] GC(8) Old regions: 16->16
[2024-11-18T19:01:10.111-0500][gc,heap     ] GC(8) Humongous regions: 129->129
[2024-11-18T19:01:10.111-0500][gc,metaspace] GC(8) Metaspace: 38682K(39040K)->38682K(39040K) NonClass: 34517K(34688K)->34517K(34688K) Class: 4164K(4352K)->4164K(4352K)
[2024-11-18T19:01:10.111-0500][gc          ] GC(8) Pause Young (Mixed) (G1 Evacuation Pause) 194M->145M(1024M) 6,274ms
[2024-11-18T19:01:10.111-0500][gc,cpu      ] GC(8) User=0,01s Sys=0,00s Real=0,01s
[2024-11-18T21:33:46.412-0500][gc,start    ] GC(9) Pause Young (Normal) (G1 Evacuation Pause)
[2024-11-18T21:33:46.430-0500][gc,task     ] GC(9) Using 4 workers of 4 for evacuation
[2024-11-18T21:33:46.451-0500][gc,mmu      ] GC(9) MMU target violated: 21,0ms (20,0ms/21,0ms)
[2024-11-18T21:33:46.451-0500][gc,phases   ] GC(9)   Pre Evacuate Collection Set: 4,8ms
[2024-11-18T21:33:46.451-0500][gc,phases   ] GC(9)   Merge Heap Roots: 3,0ms
[2024-11-18T21:33:46.451-0500][gc,phases   ] GC(9)   Evacuate Collection Set: 8,0ms
[2024-11-18T21:33:46.451-0500][gc,phases   ] GC(9)   Post Evacuate Collection Set: 5,1ms
[2024-11-18T21:33:46.451-0500][gc,phases   ] GC(9)   Other: 0,3ms
[2024-11-18T21:33:46.451-0500][gc,heap     ] GC(9) Eden regions: 49->0(49)
[2024-11-18T21:33:46.451-0500][gc,heap     ] GC(9) Survivor regions: 2->2(7)
[2024-11-18T21:33:46.451-0500][gc,heap     ] GC(9) Old regions: 16->16
[2024-11-18T21:33:46.451-0500][gc,heap     ] GC(9) Humongous regions: 129->129
[2024-11-18T21:33:46.451-0500][gc,metaspace] GC(9) Metaspace: 38765K(39168K)->38765K(39168K) NonClass: 34600K(34816K)->34600K(34816K) Class: 4164K(4352K)->4164K(4352K)
[2024-11-18T21:33:46.451-0500][gc          ] GC(9) Pause Young (Normal) (G1 Evacuation Pause) 194M->145M(1024M) 38,789ms
[2024-11-18T21:33:46.451-0500][gc,cpu      ] GC(9) User=0,01s Sys=0,03s Real=0,04s
[2024-11-18T22:08:47.192-0500][gc,heap,exit] Heap
[2024-11-18T22:08:47.192-0500][gc,heap,exit]  garbage-first heap   total 1048576K, used 172426K [0x00000000c0000000, 0x0000000100000000)
[2024-11-18T22:08:47.192-0500][gc,heap,exit]   region size 1024K, 25 young (25600K), 2 survivors (2048K)
[2024-11-18T22:08:47.192-0500][gc,heap,exit]  Metaspace       used 39811K, committed 40192K, reserved 1114112K
[2024-11-18T22:08:47.192-0500][gc,heap,exit]   class space    used 4349K, committed 4544K, reserved 1048576K
