[2024-11-21T19:40:53.354-0500][gc,init] CardTable entry size: 512
[2024-11-21T19:40:53.355-0500][gc     ] Using G1
[2024-11-21T19:40:53.386-0500][gc,init] Version: 21.0.5+11 (release)
[2024-11-21T19:40:53.386-0500][gc,init] CPUs: 4 total, 4 available
[2024-11-21T19:40:53.386-0500][gc,init] Memory: 11836M
[2024-11-21T19:40:53.386-0500][gc,init] Large Page Support: Disabled
[2024-11-21T19:40:53.386-0500][gc,init] NUMA Support: Disabled
[2024-11-21T19:40:53.386-0500][gc,init] Compressed Oops: Enabled (32-bit)
[2024-11-21T19:40:53.386-0500][gc,init] Heap Region Size: 1M
[2024-11-21T19:40:53.386-0500][gc,init] Heap Min Capacity: 1G
[2024-11-21T19:40:53.386-0500][gc,init] Heap Initial Capacity: 1G
[2024-11-21T19:40:53.386-0500][gc,init] Heap Max Capacity: 1G
[2024-11-21T19:40:53.387-0500][gc,init] Pre-touch: Disabled
[2024-11-21T19:40:53.387-0500][gc,init] Parallel Workers: 4
[2024-11-21T19:40:53.387-0500][gc,init] Concurrent Workers: 1
[2024-11-21T19:40:53.387-0500][gc,init] Concurrent Refinement Workers: 4
[2024-11-21T19:40:53.387-0500][gc,init] Periodic GC: Disabled
[2024-11-21T19:40:53.398-0500][gc,metaspace] CDS archive(s) mapped at: [0x00007f62ff000000-0x00007f62ffc99000-0x00007f62ffc99000), size 13209600, SharedBaseAddress: 0x00007f62ff000000, ArchiveRelocationMode: 1.
[2024-11-21T19:40:53.398-0500][gc,metaspace] Compressed class space mapped at: 0x00007f6300000000-0x00007f6340000000, reserved size: 1073741824
[2024-11-21T19:40:53.398-0500][gc,metaspace] Narrow klass base: 0x00007f62ff000000, Narrow klass shift: 0, Narrow klass range: 0x100000000
[2024-11-21T19:42:18.588-0500][gc,start    ] GC(0) Pause Young (Normal) (G1 Evacuation Pause)
[2024-11-21T19:42:18.588-0500][gc,task     ] GC(0) Using 4 workers of 4 for evacuation
[2024-11-21T19:42:18.597-0500][gc,phases   ] GC(0)   Pre Evacuate Collection Set: 0,2ms
[2024-11-21T19:42:18.597-0500][gc,phases   ] GC(0)   Merge Heap Roots: 0,1ms
[2024-11-21T19:42:18.597-0500][gc,phases   ] GC(0)   Evacuate Collection Set: 7,4ms
[2024-11-21T19:42:18.597-0500][gc,phases   ] GC(0)   Post Evacuate Collection Set: 0,6ms
[2024-11-21T19:42:18.597-0500][gc,phases   ] GC(0)   Other: 0,4ms
[2024-11-21T19:42:18.597-0500][gc,heap     ] GC(0) Eden regions: 51->0(44)
[2024-11-21T19:42:18.597-0500][gc,heap     ] GC(0) Survivor regions: 0->7(7)
[2024-11-21T19:42:18.597-0500][gc,heap     ] GC(0) Old regions: 2->4
[2024-11-21T19:42:18.597-0500][gc,heap     ] GC(0) Humongous regions: 0->0
[2024-11-21T19:42:18.597-0500][gc,metaspace] GC(0) Metaspace: 17381K(17600K)->17381K(17600K) NonClass: 15379K(15488K)->15379K(15488K) Class: 2002K(2112K)->2002K(2112K)
[2024-11-21T19:42:18.597-0500][gc          ] GC(0) Pause Young (Normal) (G1 Evacuation Pause) 52M->9M(1024M) 9,110ms
[2024-11-21T19:42:18.597-0500][gc,cpu      ] GC(0) User=0,03s Sys=0,00s Real=0,00s
[2024-11-21T19:42:27.003-0500][gc,start    ] GC(1) Pause Young (Concurrent Start) (Metadata GC Threshold)
[2024-11-21T19:42:27.003-0500][gc,task     ] GC(1) Using 4 workers of 4 for evacuation
[2024-11-21T19:42:27.023-0500][gc,phases   ] GC(1)   Pre Evacuate Collection Set: 0,8ms
[2024-11-21T19:42:27.023-0500][gc,phases   ] GC(1)   Merge Heap Roots: 0,0ms
[2024-11-21T19:42:27.023-0500][gc,phases   ] GC(1)   Evacuate Collection Set: 17,2ms
[2024-11-21T19:42:27.023-0500][gc,phases   ] GC(1)   Post Evacuate Collection Set: 1,4ms
[2024-11-21T19:42:27.023-0500][gc,phases   ] GC(1)   Other: 0,1ms
[2024-11-21T19:42:27.023-0500][gc,heap     ] GC(1) Eden regions: 16->0(49)
[2024-11-21T19:42:27.023-0500][gc,heap     ] GC(1) Survivor regions: 7->2(7)
[2024-11-21T19:42:27.023-0500][gc,heap     ] GC(1) Old regions: 4->10
[2024-11-21T19:42:27.023-0500][gc,heap     ] GC(1) Humongous regions: 0->0
[2024-11-21T19:42:27.023-0500][gc,metaspace] GC(1) Metaspace: 21297K(21504K)->21297K(21504K) NonClass: 18835K(18944K)->18835K(18944K) Class: 2461K(2560K)->2461K(2560K)
[2024-11-21T19:42:27.023-0500][gc          ] GC(1) Pause Young (Concurrent Start) (Metadata GC Threshold) 24M->10M(1024M) 19,853ms
[2024-11-21T19:42:27.023-0500][gc,cpu      ] GC(1) User=0,02s Sys=0,00s Real=0,02s
[2024-11-21T19:42:27.023-0500][gc          ] GC(2) Concurrent Mark Cycle
[2024-11-21T19:42:27.023-0500][gc,marking  ] GC(2) Concurrent Scan Root Regions
[2024-11-21T19:42:27.046-0500][gc,marking  ] GC(2) Concurrent Scan Root Regions 22,883ms
[2024-11-21T19:42:27.046-0500][gc,marking  ] GC(2) Concurrent Mark
[2024-11-21T19:42:27.046-0500][gc,marking  ] GC(2) Concurrent Mark From Roots
[2024-11-21T19:42:27.046-0500][gc,task     ] GC(2) Using 1 workers of 1 for marking
[2024-11-21T19:42:27.073-0500][gc,marking  ] GC(2) Concurrent Mark From Roots 27,002ms
[2024-11-21T19:42:27.073-0500][gc,marking  ] GC(2) Concurrent Preclean
[2024-11-21T19:42:27.073-0500][gc,marking  ] GC(2) Concurrent Preclean 0,019ms
[2024-11-21T19:42:27.074-0500][gc,start    ] GC(2) Pause Remark
[2024-11-21T19:42:27.080-0500][gc          ] GC(2) Pause Remark 11M->11M(1024M) 6,622ms
[2024-11-21T19:42:27.081-0500][gc,cpu      ] GC(2) User=0,01s Sys=0,00s Real=0,01s
[2024-11-21T19:42:27.081-0500][gc,marking  ] GC(2) Concurrent Mark 34,928ms
[2024-11-21T19:42:27.081-0500][gc,marking  ] GC(2) Concurrent Rebuild Remembered Sets and Scrub Regions
[2024-11-21T19:42:27.088-0500][gc,marking  ] GC(2) Concurrent Rebuild Remembered Sets and Scrub Regions 7,102ms
[2024-11-21T19:42:27.088-0500][gc,start    ] GC(2) Pause Cleanup
[2024-11-21T19:42:27.089-0500][gc          ] GC(2) Pause Cleanup 11M->11M(1024M) 0,638ms
[2024-11-21T19:42:27.089-0500][gc,cpu      ] GC(2) User=0,00s Sys=0,00s Real=0,00s
[2024-11-21T19:42:27.089-0500][gc,marking  ] GC(2) Concurrent Clear Claimed Marks
[2024-11-21T19:42:27.089-0500][gc,marking  ] GC(2) Concurrent Clear Claimed Marks 0,025ms
[2024-11-21T19:42:27.089-0500][gc,marking  ] GC(2) Concurrent Cleanup for Next Mark
[2024-11-21T19:42:27.102-0500][gc,marking  ] GC(2) Concurrent Cleanup for Next Mark 13,343ms
[2024-11-21T19:42:27.103-0500][gc          ] GC(2) Concurrent Mark Cycle 79,275ms
[2024-11-21T19:42:37.653-0500][gc,start    ] GC(3) Pause Young (Prepare Mixed) (G1 Evacuation Pause)
[2024-11-21T19:42:37.653-0500][gc,task     ] GC(3) Using 4 workers of 4 for evacuation
[2024-11-21T19:42:37.661-0500][gc,phases   ] GC(3)   Pre Evacuate Collection Set: 0,2ms
[2024-11-21T19:42:37.661-0500][gc,phases   ] GC(3)   Merge Heap Roots: 0,0ms
[2024-11-21T19:42:37.661-0500][gc,phases   ] GC(3)   Evacuate Collection Set: 6,0ms
[2024-11-21T19:42:37.661-0500][gc,phases   ] GC(3)   Post Evacuate Collection Set: 0,7ms
[2024-11-21T19:42:37.661-0500][gc,phases   ] GC(3)   Other: 0,1ms
[2024-11-21T19:42:37.661-0500][gc,heap     ] GC(3) Eden regions: 49->0(44)
[2024-11-21T19:42:37.661-0500][gc,heap     ] GC(3) Survivor regions: 2->7(7)
[2024-11-21T19:42:37.661-0500][gc,heap     ] GC(3) Old regions: 10->10
[2024-11-21T19:42:37.661-0500][gc,heap     ] GC(3) Humongous regions: 129->129
[2024-11-21T19:42:37.661-0500][gc,metaspace] GC(3) Metaspace: 32779K(33024K)->32779K(33024K) NonClass: 29292K(29440K)->29292K(29440K) Class: 3487K(3584K)->3487K(3584K)
[2024-11-21T19:42:37.661-0500][gc          ] GC(3) Pause Young (Prepare Mixed) (G1 Evacuation Pause) 188M->144M(1024M) 7,237ms
[2024-11-21T19:42:37.661-0500][gc,cpu      ] GC(3) User=0,02s Sys=0,00s Real=0,01s
[2024-11-21T19:42:37.914-0500][gc,start    ] GC(4) Pause Young (Mixed) (Metadata GC Threshold)
[2024-11-21T19:42:37.914-0500][gc,task     ] GC(4) Using 4 workers of 4 for evacuation
[2024-11-21T19:42:37.922-0500][gc,phases   ] GC(4)   Pre Evacuate Collection Set: 0,2ms
[2024-11-21T19:42:37.922-0500][gc,phases   ] GC(4)   Merge Heap Roots: 0,0ms
[2024-11-21T19:42:37.922-0500][gc,phases   ] GC(4)   Evacuate Collection Set: 7,6ms
[2024-11-21T19:42:37.922-0500][gc,phases   ] GC(4)   Post Evacuate Collection Set: 0,5ms
[2024-11-21T19:42:37.922-0500][gc,phases   ] GC(4)   Other: 0,1ms
[2024-11-21T19:42:37.922-0500][gc,heap     ] GC(4) Eden regions: 12->0(50)
[2024-11-21T19:42:37.922-0500][gc,heap     ] GC(4) Survivor regions: 7->1(7)
[2024-11-21T19:42:37.922-0500][gc,heap     ] GC(4) Old regions: 10->16
[2024-11-21T19:42:37.922-0500][gc,heap     ] GC(4) Humongous regions: 129->129
[2024-11-21T19:42:37.922-0500][gc,metaspace] GC(4) Metaspace: 35712K(36032K)->35712K(36032K) NonClass: 31856K(32000K)->31856K(32000K) Class: 3855K(4032K)->3855K(4032K)
[2024-11-21T19:42:37.922-0500][gc          ] GC(4) Pause Young (Mixed) (Metadata GC Threshold) 156M->145M(1024M) 8,603ms
[2024-11-21T19:42:37.922-0500][gc,cpu      ] GC(4) User=0,03s Sys=0,00s Real=0,01s
[2024-11-21T19:42:37.947-0500][gc,start    ] GC(5) Pause Young (Concurrent Start) (Metadata GC Threshold)
[2024-11-21T19:42:37.947-0500][gc,task     ] GC(5) Using 4 workers of 4 for evacuation
[2024-11-21T19:42:37.949-0500][gc,phases   ] GC(5)   Pre Evacuate Collection Set: 0,2ms
[2024-11-21T19:42:37.949-0500][gc,phases   ] GC(5)   Merge Heap Roots: 0,0ms
[2024-11-21T19:42:37.949-0500][gc,phases   ] GC(5)   Evacuate Collection Set: 1,3ms
[2024-11-21T19:42:37.949-0500][gc,phases   ] GC(5)   Post Evacuate Collection Set: 0,3ms
[2024-11-21T19:42:37.949-0500][gc,phases   ] GC(5)   Other: 0,1ms
[2024-11-21T19:42:37.949-0500][gc,heap     ] GC(5) Eden regions: 3->0(50)
[2024-11-21T19:42:37.949-0500][gc,heap     ] GC(5) Survivor regions: 1->1(7)
[2024-11-21T19:42:37.949-0500][gc,heap     ] GC(5) Old regions: 16->16
[2024-11-21T19:42:37.949-0500][gc,heap     ] GC(5) Humongous regions: 129->129
[2024-11-21T19:42:37.949-0500][gc,metaspace] GC(5) Metaspace: 36142K(36416K)->36142K(36416K) NonClass: 32253K(32384K)->32253K(32384K) Class: 3889K(4032K)->3889K(4032K)
[2024-11-21T19:42:37.949-0500][gc          ] GC(5) Pause Young (Concurrent Start) (Metadata GC Threshold) 148M->145M(1024M) 2,106ms
[2024-11-21T19:42:37.949-0500][gc          ] GC(6) Concurrent Mark Cycle
[2024-11-21T19:42:37.950-0500][gc,marking  ] GC(6) Concurrent Scan Root Regions
[2024-11-21T19:42:37.949-0500][gc,cpu      ] GC(5) User=0,01s Sys=0,00s Real=0,00s
[2024-11-21T19:42:37.951-0500][gc,marking  ] GC(6) Concurrent Scan Root Regions 1,631ms
[2024-11-21T19:42:37.951-0500][gc,marking  ] GC(6) Concurrent Mark
[2024-11-21T19:42:37.951-0500][gc,marking  ] GC(6) Concurrent Mark From Roots
[2024-11-21T19:42:37.951-0500][gc,task     ] GC(6) Using 1 workers of 1 for marking
[2024-11-21T19:42:37.987-0500][gc,marking  ] GC(6) Concurrent Mark From Roots 35,564ms
[2024-11-21T19:42:37.987-0500][gc,marking  ] GC(6) Concurrent Preclean
[2024-11-21T19:42:37.987-0500][gc,marking  ] GC(6) Concurrent Preclean 0,073ms
[2024-11-21T19:42:37.987-0500][gc,start    ] GC(6) Pause Remark
[2024-11-21T19:42:37.990-0500][gc          ] GC(6) Pause Remark 147M->147M(1024M) 3,360ms
[2024-11-21T19:42:37.990-0500][gc,cpu      ] GC(6) User=0,01s Sys=0,00s Real=0,00s
[2024-11-21T19:42:37.990-0500][gc,marking  ] GC(6) Concurrent Mark 39,307ms
[2024-11-21T19:42:37.991-0500][gc,marking  ] GC(6) Concurrent Rebuild Remembered Sets and Scrub Regions
[2024-11-21T19:42:38.010-0500][gc,marking  ] GC(6) Concurrent Rebuild Remembered Sets and Scrub Regions 19,717ms
[2024-11-21T19:42:38.011-0500][gc,start    ] GC(6) Pause Cleanup
[2024-11-21T19:42:38.011-0500][gc          ] GC(6) Pause Cleanup 147M->147M(1024M) 0,221ms
[2024-11-21T19:42:38.011-0500][gc,cpu      ] GC(6) User=0,00s Sys=0,00s Real=0,00s
[2024-11-21T19:42:38.011-0500][gc,marking  ] GC(6) Concurrent Clear Claimed Marks
[2024-11-21T19:42:38.011-0500][gc,marking  ] GC(6) Concurrent Clear Claimed Marks 0,039ms
[2024-11-21T19:42:38.011-0500][gc,marking  ] GC(6) Concurrent Cleanup for Next Mark
[2024-11-21T19:42:38.014-0500][gc,marking  ] GC(6) Concurrent Cleanup for Next Mark 2,727ms
[2024-11-21T19:42:38.014-0500][gc          ] GC(6) Concurrent Mark Cycle 64,554ms
[2024-11-21T21:11:10.188-0500][gc,start    ] GC(7) Pause Young (Prepare Mixed) (G1 Evacuation Pause)
[2024-11-21T21:11:10.202-0500][gc,task     ] GC(7) Using 4 workers of 4 for evacuation
[2024-11-21T21:11:10.222-0500][gc,mmu      ] GC(7) MMU target violated: 20,6ms (20,0ms/21,0ms)
[2024-11-21T21:11:10.222-0500][gc,phases   ] GC(7)   Pre Evacuate Collection Set: 4,5ms
[2024-11-21T21:11:10.222-0500][gc,phases   ] GC(7)   Merge Heap Roots: 2,0ms
[2024-11-21T21:11:10.222-0500][gc,phases   ] GC(7)   Evacuate Collection Set: 8,1ms
[2024-11-21T21:11:10.222-0500][gc,phases   ] GC(7)   Post Evacuate Collection Set: 5,9ms
[2024-11-21T21:11:10.222-0500][gc,phases   ] GC(7)   Other: 0,3ms
[2024-11-21T21:11:10.222-0500][gc,heap     ] GC(7) Eden regions: 50->0(49)
[2024-11-21T21:11:10.222-0500][gc,heap     ] GC(7) Survivor regions: 1->2(7)
[2024-11-21T21:11:10.222-0500][gc,heap     ] GC(7) Old regions: 16->16
[2024-11-21T21:11:10.222-0500][gc,heap     ] GC(7) Humongous regions: 129->129
[2024-11-21T21:11:10.222-0500][gc,metaspace] GC(7) Metaspace: 40525K(40960K)->40525K(40960K) NonClass: 35984K(36224K)->35984K(36224K) Class: 4541K(4736K)->4541K(4736K)
[2024-11-21T21:11:10.222-0500][gc          ] GC(7) Pause Young (Prepare Mixed) (G1 Evacuation Pause) 195M->146M(1024M) 34,551ms
[2024-11-21T21:11:10.222-0500][gc,cpu      ] GC(7) User=0,03s Sys=0,01s Real=0,03s
[2024-11-21T21:52:34.148-0500][gc,heap,exit] Heap
[2024-11-21T21:52:34.148-0500][gc,heap,exit]  garbage-first heap   total 1048576K, used 190454K [0x00000000c0000000, 0x0000000100000000)
[2024-11-21T21:52:34.148-0500][gc,heap,exit]   region size 1024K, 42 young (43008K), 2 survivors (2048K)
[2024-11-21T21:52:34.148-0500][gc,heap,exit]  Metaspace       used 42382K, committed 42880K, reserved 1114112K
[2024-11-21T21:52:34.148-0500][gc,heap,exit]   class space    used 4876K, committed 5056K, reserved 1048576K
