[2024-11-19T09:45:27.790-0500][gc,init] CardTable entry size: 512
[2024-11-19T09:45:27.790-0500][gc     ] Using G1
[2024-11-19T09:45:28.162-0500][gc,init] Version: 21.0.5+11 (release)
[2024-11-19T09:45:28.162-0500][gc,init] CPUs: 4 total, 4 available
[2024-11-19T09:45:28.162-0500][gc,init] Memory: 11836M
[2024-11-19T09:45:28.162-0500][gc,init] Large Page Support: Disabled
[2024-11-19T09:45:28.162-0500][gc,init] NUMA Support: Disabled
[2024-11-19T09:45:28.162-0500][gc,init] Compressed Oops: Enabled (32-bit)
[2024-11-19T09:45:28.162-0500][gc,init] Heap Region Size: 1M
[2024-11-19T09:45:28.162-0500][gc,init] Heap Min Capacity: 512M
[2024-11-19T09:45:28.162-0500][gc,init] Heap Initial Capacity: 512M
[2024-11-19T09:45:28.162-0500][gc,init] Heap Max Capacity: 512M
[2024-11-19T09:45:28.162-0500][gc,init] Pre-touch: Disabled
[2024-11-19T09:45:28.162-0500][gc,init] Parallel Workers: 4
[2024-11-19T09:45:28.163-0500][gc,init] Concurrent Workers: 1
[2024-11-19T09:45:28.163-0500][gc,init] Concurrent Refinement Workers: 4
[2024-11-19T09:45:28.163-0500][gc,init] Periodic GC: Disabled
[2024-11-19T09:45:28.180-0500][gc,metaspace] CDS archive(s) mapped at: [0x00007fdc57000000-0x00007fdc57c99000-0x00007fdc57c99000), size 13209600, SharedBaseAddress: 0x00007fdc57000000, ArchiveRelocationMode: 1.
[2024-11-19T09:45:28.180-0500][gc,metaspace] Compressed class space mapped at: 0x00007fdc58000000-0x00007fdc98000000, reserved size: 1073741824
[2024-11-19T09:45:28.180-0500][gc,metaspace] Narrow klass base: 0x00007fdc57000000, Narrow klass shift: 0, Narrow klass range: 0x100000000
[2024-11-19T09:46:00.550-0500][gc,start    ] GC(0) Pause Young (Normal) (G1 Evacuation Pause)
[2024-11-19T09:46:00.550-0500][gc,task     ] GC(0) Using 4 workers of 4 for evacuation
[2024-11-19T09:46:00.556-0500][gc,phases   ] GC(0)   Pre Evacuate Collection Set: 0,1ms
[2024-11-19T09:46:00.557-0500][gc,phases   ] GC(0)   Merge Heap Roots: 0,0ms
[2024-11-19T09:46:00.557-0500][gc,phases   ] GC(0)   Evacuate Collection Set: 5,7ms
[2024-11-19T09:46:00.557-0500][gc,phases   ] GC(0)   Post Evacuate Collection Set: 0,5ms
[2024-11-19T09:46:00.557-0500][gc,phases   ] GC(0)   Other: 0,4ms
[2024-11-19T09:46:00.557-0500][gc,heap     ] GC(0) Eden regions: 25->0(21)
[2024-11-19T09:46:00.557-0500][gc,heap     ] GC(0) Survivor regions: 0->4(4)
[2024-11-19T09:46:00.557-0500][gc,heap     ] GC(0) Old regions: 2->6
[2024-11-19T09:46:00.557-0500][gc,heap     ] GC(0) Humongous regions: 0->0
[2024-11-19T09:46:00.557-0500][gc,metaspace] GC(0) Metaspace: 8119K(8256K)->8119K(8256K) NonClass: 7285K(7360K)->7285K(7360K) Class: 833K(896K)->833K(896K)
[2024-11-19T09:46:00.557-0500][gc          ] GC(0) Pause Young (Normal) (G1 Evacuation Pause) 26M->9M(512M) 6,982ms
[2024-11-19T09:46:00.557-0500][gc,cpu      ] GC(0) User=0,02s Sys=0,01s Real=0,01s
[2024-11-19T13:54:47.107-0500][gc,heap,exit] Heap
[2024-11-19T13:54:47.107-0500][gc,heap,exit]  garbage-first heap   total 524288K, used 17717K [0x00000000e0000000, 0x0000000100000000)
[2024-11-19T13:54:47.107-0500][gc,heap,exit]   region size 1024K, 13 young (13312K), 4 survivors (4096K)
[2024-11-19T13:54:47.107-0500][gc,heap,exit]  Metaspace       used 9503K, committed 9728K, reserved 1114112K
[2024-11-19T13:54:47.107-0500][gc,heap,exit]   class space    used 958K, committed 1088K, reserved 1048576K
