[2024-11-19T21:45:07.744-0500][gc,init] CardTable entry size: 512
[2024-11-19T21:45:07.744-0500][gc     ] Using G1
[2024-11-19T21:45:07.752-0500][gc,init] Version: 21.0.5+11 (release)
[2024-11-19T21:45:07.752-0500][gc,init] CPUs: 4 total, 4 available
[2024-11-19T21:45:07.752-0500][gc,init] Memory: 11836M
[2024-11-19T21:45:07.752-0500][gc,init] Large Page Support: Disabled
[2024-11-19T21:45:07.752-0500][gc,init] NUMA Support: Disabled
[2024-11-19T21:45:07.752-0500][gc,init] Compressed Oops: Enabled (32-bit)
[2024-11-19T21:45:07.752-0500][gc,init] Heap Region Size: 1M
[2024-11-19T21:45:07.752-0500][gc,init] Heap Min Capacity: 512M
[2024-11-19T21:45:07.752-0500][gc,init] Heap Initial Capacity: 512M
[2024-11-19T21:45:07.752-0500][gc,init] Heap Max Capacity: 512M
[2024-11-19T21:45:07.752-0500][gc,init] Pre-touch: Disabled
[2024-11-19T21:45:07.752-0500][gc,init] Parallel Workers: 4
[2024-11-19T21:45:07.752-0500][gc,init] Concurrent Workers: 1
[2024-11-19T21:45:07.752-0500][gc,init] Concurrent Refinement Workers: 4
[2024-11-19T21:45:07.752-0500][gc,init] Periodic GC: Disabled
[2024-11-19T21:45:07.763-0500][gc,metaspace] CDS archive(s) mapped at: [0x00007fe1d7000000-0x00007fe1d7c99000-0x00007fe1d7c99000), size 13209600, SharedBaseAddress: 0x00007fe1d7000000, ArchiveRelocationMode: 1.
[2024-11-19T21:45:07.763-0500][gc,metaspace] Compressed class space mapped at: 0x00007fe1d8000000-0x00007fe218000000, reserved size: 1073741824
[2024-11-19T21:45:07.763-0500][gc,metaspace] Narrow klass base: 0x00007fe1d7000000, Narrow klass shift: 0, Narrow klass range: 0x100000000
[2024-11-19T21:45:10.293-0500][gc,start    ] GC(0) Pause Young (Normal) (G1 Evacuation Pause)
[2024-11-19T21:45:10.294-0500][gc,task     ] GC(0) Using 4 workers of 4 for evacuation
[2024-11-19T21:45:10.307-0500][gc,phases   ] GC(0)   Pre Evacuate Collection Set: 0,2ms
[2024-11-19T21:45:10.307-0500][gc,phases   ] GC(0)   Merge Heap Roots: 0,1ms
[2024-11-19T21:45:10.307-0500][gc,phases   ] GC(0)   Evacuate Collection Set: 10,6ms
[2024-11-19T21:45:10.307-0500][gc,phases   ] GC(0)   Post Evacuate Collection Set: 2,1ms
[2024-11-19T21:45:10.307-0500][gc,phases   ] GC(0)   Other: 0,6ms
[2024-11-19T21:45:10.307-0500][gc,heap     ] GC(0) Eden regions: 25->0(21)
[2024-11-19T21:45:10.307-0500][gc,heap     ] GC(0) Survivor regions: 0->4(4)
[2024-11-19T21:45:10.307-0500][gc,heap     ] GC(0) Old regions: 2->7
[2024-11-19T21:45:10.307-0500][gc,heap     ] GC(0) Humongous regions: 0->0
[2024-11-19T21:45:10.307-0500][gc,metaspace] GC(0) Metaspace: 8081K(8192K)->8081K(8192K) NonClass: 7247K(7296K)->7247K(7296K) Class: 834K(896K)->834K(896K)
[2024-11-19T21:45:10.307-0500][gc          ] GC(0) Pause Young (Normal) (G1 Evacuation Pause) 26M->9M(512M) 13,825ms
[2024-11-19T21:45:10.307-0500][gc,cpu      ] GC(0) User=0,02s Sys=0,01s Real=0,01s
[2024-11-19T21:45:33.001-0500][gc,heap,exit] Heap
[2024-11-19T21:45:33.001-0500][gc,heap,exit]  garbage-first heap   total 524288K, used 16313K [0x00000000e0000000, 0x0000000100000000)
[2024-11-19T21:45:33.001-0500][gc,heap,exit]   region size 1024K, 11 young (11264K), 4 survivors (4096K)
[2024-11-19T21:45:33.001-0500][gc,heap,exit]  Metaspace       used 9136K, committed 9408K, reserved 1114112K
[2024-11-19T21:45:33.001-0500][gc,heap,exit]   class space    used 954K, committed 1088K, reserved 1048576K
