[2024-11-23T15:41:24.322-0500][gc,init] CardTable entry size: 512
[2024-11-23T15:41:24.323-0500][gc     ] Using G1
[2024-11-23T15:41:24.331-0500][gc,init] Version: 21.0.5+11 (release)
[2024-11-23T15:41:24.331-0500][gc,init] CPUs: 4 total, 4 available
[2024-11-23T15:41:24.331-0500][gc,init] Memory: 11836M
[2024-11-23T15:41:24.331-0500][gc,init] Large Page Support: Disabled
[2024-11-23T15:41:24.331-0500][gc,init] NUMA Support: Disabled
[2024-11-23T15:41:24.331-0500][gc,init] Compressed Oops: Enabled (32-bit)
[2024-11-23T15:41:24.331-0500][gc,init] Heap Region Size: 1M
[2024-11-23T15:41:24.331-0500][gc,init] Heap Min Capacity: 512M
[2024-11-23T15:41:24.331-0500][gc,init] Heap Initial Capacity: 512M
[2024-11-23T15:41:24.331-0500][gc,init] Heap Max Capacity: 512M
[2024-11-23T15:41:24.331-0500][gc,init] Pre-touch: Disabled
[2024-11-23T15:41:24.331-0500][gc,init] Parallel Workers: 4
[2024-11-23T15:41:24.331-0500][gc,init] Concurrent Workers: 1
[2024-11-23T15:41:24.331-0500][gc,init] Concurrent Refinement Workers: 4
[2024-11-23T15:41:24.331-0500][gc,init] Periodic GC: Disabled
[2024-11-23T15:41:24.341-0500][gc,metaspace] CDS archive(s) mapped at: [0x00007f041f000000-0x00007f041fc99000-0x00007f041fc99000), size 13209600, SharedBaseAddress: 0x00007f041f000000, ArchiveRelocationMode: 1.
[2024-11-23T15:41:24.341-0500][gc,metaspace] Compressed class space mapped at: 0x00007f0420000000-0x00007f0460000000, reserved size: 1073741824
[2024-11-23T15:41:24.341-0500][gc,metaspace] Narrow klass base: 0x00007f041f000000, Narrow klass shift: 0, Narrow klass range: 0x100000000
[2024-11-23T15:41:33.292-0500][gc,start    ] GC(0) Pause Young (Normal) (G1 Evacuation Pause)
[2024-11-23T15:41:33.303-0500][gc,task     ] GC(0) Using 4 workers of 4 for evacuation
[2024-11-23T15:41:33.312-0500][gc,phases   ] GC(0)   Pre Evacuate Collection Set: 0,3ms
[2024-11-23T15:41:33.312-0500][gc,phases   ] GC(0)   Merge Heap Roots: 0,1ms
[2024-11-23T15:41:33.312-0500][gc,phases   ] GC(0)   Evacuate Collection Set: 7,2ms
[2024-11-23T15:41:33.312-0500][gc,phases   ] GC(0)   Post Evacuate Collection Set: 0,6ms
[2024-11-23T15:41:33.312-0500][gc,phases   ] GC(0)   Other: 10,9ms
[2024-11-23T15:41:33.312-0500][gc,heap     ] GC(0) Eden regions: 25->0(21)
[2024-11-23T15:41:33.312-0500][gc,heap     ] GC(0) Survivor regions: 0->4(4)
[2024-11-23T15:41:33.312-0500][gc,heap     ] GC(0) Old regions: 2->7
[2024-11-23T15:41:33.312-0500][gc,heap     ] GC(0) Humongous regions: 0->0
[2024-11-23T15:41:33.312-0500][gc,metaspace] GC(0) Metaspace: 8117K(8256K)->8117K(8256K) NonClass: 7281K(7360K)->7281K(7360K) Class: 835K(896K)->835K(896K)
[2024-11-23T15:41:33.312-0500][gc          ] GC(0) Pause Young (Normal) (G1 Evacuation Pause) 26M->9M(512M) 19,345ms
[2024-11-23T15:41:33.312-0500][gc,cpu      ] GC(0) User=0,03s Sys=0,00s Real=0,02s
