[2024-11-20T19:45:10.274-0500][gc,init] CardTable entry size: 512
[2024-11-20T19:45:10.275-0500][gc     ] Using G1
[2024-11-20T19:45:10.281-0500][gc,init] Version: 21.0.5+11 (release)
[2024-11-20T19:45:10.281-0500][gc,init] CPUs: 4 total, 4 available
[2024-11-20T19:45:10.281-0500][gc,init] Memory: 11836M
[2024-11-20T19:45:10.281-0500][gc,init] Large Page Support: Disabled
[2024-11-20T19:45:10.281-0500][gc,init] NUMA Support: Disabled
[2024-11-20T19:45:10.281-0500][gc,init] Compressed Oops: Enabled (32-bit)
[2024-11-20T19:45:10.281-0500][gc,init] Heap Region Size: 1M
[2024-11-20T19:45:10.282-0500][gc,init] Heap Min Capacity: 512M
[2024-11-20T19:45:10.282-0500][gc,init] Heap Initial Capacity: 512M
[2024-11-20T19:45:10.282-0500][gc,init] Heap Max Capacity: 512M
[2024-11-20T19:45:10.282-0500][gc,init] Pre-touch: Disabled
[2024-11-20T19:45:10.282-0500][gc,init] Parallel Workers: 4
[2024-11-20T19:45:10.282-0500][gc,init] Concurrent Workers: 1
[2024-11-20T19:45:10.282-0500][gc,init] Concurrent Refinement Workers: 4
[2024-11-20T19:45:10.282-0500][gc,init] Periodic GC: Disabled
[2024-11-20T19:45:10.292-0500][gc,metaspace] CDS archive(s) mapped at: [0x00007fb0c3000000-0x00007fb0c3c99000-0x00007fb0c3c99000), size 13209600, SharedBaseAddress: 0x00007fb0c3000000, ArchiveRelocationMode: 1.
[2024-11-20T19:45:10.292-0500][gc,metaspace] Compressed class space mapped at: 0x00007fb0c4000000-0x00007fb104000000, reserved size: 1073741824
[2024-11-20T19:45:10.292-0500][gc,metaspace] Narrow klass base: 0x00007fb0c3000000, Narrow klass shift: 0, Narrow klass range: 0x100000000
[2024-11-20T19:45:52.888-0500][gc,start    ] GC(0) Pause Young (Normal) (G1 Evacuation Pause)
[2024-11-20T19:45:52.888-0500][gc,task     ] GC(0) Using 4 workers of 4 for evacuation
[2024-11-20T19:45:52.896-0500][gc,phases   ] GC(0)   Pre Evacuate Collection Set: 0,2ms
[2024-11-20T19:45:52.896-0500][gc,phases   ] GC(0)   Merge Heap Roots: 0,1ms
[2024-11-20T19:45:52.896-0500][gc,phases   ] GC(0)   Evacuate Collection Set: 7,0ms
[2024-11-20T19:45:52.896-0500][gc,phases   ] GC(0)   Post Evacuate Collection Set: 0,4ms
[2024-11-20T19:45:52.896-0500][gc,phases   ] GC(0)   Other: 0,6ms
[2024-11-20T19:45:52.896-0500][gc,heap     ] GC(0) Eden regions: 25->0(21)
[2024-11-20T19:45:52.896-0500][gc,heap     ] GC(0) Survivor regions: 0->4(4)
[2024-11-20T19:45:52.896-0500][gc,heap     ] GC(0) Old regions: 2->6
[2024-11-20T19:45:52.896-0500][gc,heap     ] GC(0) Humongous regions: 0->0
[2024-11-20T19:45:52.896-0500][gc,metaspace] GC(0) Metaspace: 8099K(8256K)->8099K(8256K) NonClass: 7265K(7360K)->7265K(7360K) Class: 834K(896K)->834K(896K)
[2024-11-20T19:45:52.896-0500][gc          ] GC(0) Pause Young (Normal) (G1 Evacuation Pause) 26M->8M(512M) 8,484ms
[2024-11-20T19:45:52.896-0500][gc,cpu      ] GC(0) User=0,02s Sys=0,01s Real=0,01s
[2024-11-20T20:26:42.990-0500][gc,heap,exit] Heap
[2024-11-20T20:26:42.990-0500][gc,heap,exit]  garbage-first heap   total 524288K, used 17201K [0x00000000e0000000, 0x0000000100000000)
[2024-11-20T20:26:42.990-0500][gc,heap,exit]   region size 1024K, 12 young (12288K), 4 survivors (4096K)
[2024-11-20T20:26:42.990-0500][gc,heap,exit]  Metaspace       used 9403K, committed 9664K, reserved 1114112K
[2024-11-20T20:26:42.990-0500][gc,heap,exit]   class space    used 957K, committed 1088K, reserved 1048576K
