[2024-11-17T11:14:47.101-0500][gc,init] CardTable entry size: 512
[2024-11-17T11:14:47.101-0500][gc     ] Using G1
[2024-11-17T11:14:47.108-0500][gc,init] Version: 21.0.5+11 (release)
[2024-11-17T11:14:47.108-0500][gc,init] CPUs: 4 total, 4 available
[2024-11-17T11:14:47.108-0500][gc,init] Memory: 11836M
[2024-11-17T11:14:47.108-0500][gc,init] Large Page Support: Disabled
[2024-11-17T11:14:47.108-0500][gc,init] NUMA Support: Disabled
[2024-11-17T11:14:47.108-0500][gc,init] Compressed Oops: Enabled (32-bit)
[2024-11-17T11:14:47.108-0500][gc,init] Heap Region Size: 1M
[2024-11-17T11:14:47.108-0500][gc,init] Heap Min Capacity: 512M
[2024-11-17T11:14:47.108-0500][gc,init] Heap Initial Capacity: 512M
[2024-11-17T11:14:47.108-0500][gc,init] Heap Max Capacity: 512M
[2024-11-17T11:14:47.108-0500][gc,init] Pre-touch: Disabled
[2024-11-17T11:14:47.108-0500][gc,init] Parallel Workers: 4
[2024-11-17T11:14:47.108-0500][gc,init] Concurrent Workers: 1
[2024-11-17T11:14:47.108-0500][gc,init] Concurrent Refinement Workers: 4
[2024-11-17T11:14:47.108-0500][gc,init] Periodic GC: Disabled
[2024-11-17T11:14:47.118-0500][gc,metaspace] CDS archive(s) mapped at: [0x00007f96fb000000-0x00007f96fbc99000-0x00007f96fbc99000), size 13209600, SharedBaseAddress: 0x00007f96fb000000, ArchiveRelocationMode: 1.
[2024-11-17T11:14:47.118-0500][gc,metaspace] Compressed class space mapped at: 0x00007f96fc000000-0x00007f973c000000, reserved size: 1073741824
[2024-11-17T11:14:47.118-0500][gc,metaspace] Narrow klass base: 0x00007f96fb000000, Narrow klass shift: 0, Narrow klass range: 0x100000000
[2024-11-17T11:14:59.738-0500][gc,start    ] GC(0) Pause Young (Normal) (G1 Evacuation Pause)
[2024-11-17T11:14:59.739-0500][gc,task     ] GC(0) Using 4 workers of 4 for evacuation
[2024-11-17T11:14:59.761-0500][gc,mmu      ] GC(0) MMU target violated: 21,0ms (20,0ms/21,0ms)
[2024-11-17T11:14:59.761-0500][gc,phases   ] GC(0)   Pre Evacuate Collection Set: 0,4ms
[2024-11-17T11:14:59.761-0500][gc,phases   ] GC(0)   Merge Heap Roots: 0,2ms
[2024-11-17T11:14:59.762-0500][gc,phases   ] GC(0)   Evacuate Collection Set: 19,9ms
[2024-11-17T11:14:59.762-0500][gc,phases   ] GC(0)   Post Evacuate Collection Set: 1,7ms
[2024-11-17T11:14:59.762-0500][gc,phases   ] GC(0)   Other: 1,3ms
[2024-11-17T11:14:59.762-0500][gc,heap     ] GC(0) Eden regions: 25->0(21)
[2024-11-17T11:14:59.762-0500][gc,heap     ] GC(0) Survivor regions: 0->4(4)
[2024-11-17T11:14:59.762-0500][gc,heap     ] GC(0) Old regions: 2->6
[2024-11-17T11:14:59.762-0500][gc,heap     ] GC(0) Humongous regions: 0->0
[2024-11-17T11:14:59.762-0500][gc,metaspace] GC(0) Metaspace: 8124K(8256K)->8124K(8256K) NonClass: 7288K(7360K)->7288K(7360K) Class: 835K(896K)->835K(896K)
[2024-11-17T11:14:59.762-0500][gc          ] GC(0) Pause Young (Normal) (G1 Evacuation Pause) 26M->9M(512M) 24,176ms
[2024-11-17T11:14:59.762-0500][gc,cpu      ] GC(0) User=0,05s Sys=0,02s Real=0,03s
[2024-11-17T12:54:21.669-0500][gc,heap,exit] Heap
[2024-11-17T12:54:21.669-0500][gc,heap,exit]  garbage-first heap   total 524288K, used 19334K [0x00000000e0000000, 0x0000000100000000)
[2024-11-17T12:54:21.669-0500][gc,heap,exit]   region size 1024K, 14 young (14336K), 4 survivors (4096K)
[2024-11-17T12:54:21.669-0500][gc,heap,exit]  Metaspace       used 9592K, committed 9856K, reserved 1114112K
[2024-11-17T12:54:21.669-0500][gc,heap,exit]   class space    used 958K, committed 1088K, reserved 1048576K
