[2024-11-21T19:41:10.709-0500][gc,init] CardTable entry size: 512
[2024-11-21T19:41:10.709-0500][gc     ] Using G1
[2024-11-21T19:41:10.715-0500][gc,init] Version: 21.0.5+11 (release)
[2024-11-21T19:41:10.716-0500][gc,init] CPUs: 4 total, 4 available
[2024-11-21T19:41:10.716-0500][gc,init] Memory: 11836M
[2024-11-21T19:41:10.716-0500][gc,init] Large Page Support: Disabled
[2024-11-21T19:41:10.716-0500][gc,init] NUMA Support: Disabled
[2024-11-21T19:41:10.716-0500][gc,init] Compressed Oops: Enabled (32-bit)
[2024-11-21T19:41:10.716-0500][gc,init] Heap Region Size: 1M
[2024-11-21T19:41:10.716-0500][gc,init] Heap Min Capacity: 512M
[2024-11-21T19:41:10.716-0500][gc,init] Heap Initial Capacity: 512M
[2024-11-21T19:41:10.716-0500][gc,init] Heap Max Capacity: 512M
[2024-11-21T19:41:10.716-0500][gc,init] Pre-touch: Disabled
[2024-11-21T19:41:10.716-0500][gc,init] Parallel Workers: 4
[2024-11-21T19:41:10.716-0500][gc,init] Concurrent Workers: 1
[2024-11-21T19:41:10.716-0500][gc,init] Concurrent Refinement Workers: 4
[2024-11-21T19:41:10.716-0500][gc,init] Periodic GC: Disabled
[2024-11-21T19:41:10.726-0500][gc,metaspace] CDS archive(s) mapped at: [0x00007fce57000000-0x00007fce57c99000-0x00007fce57c99000), size 13209600, SharedBaseAddress: 0x00007fce57000000, ArchiveRelocationMode: 1.
[2024-11-21T19:41:10.726-0500][gc,metaspace] Compressed class space mapped at: 0x00007fce58000000-0x00007fce98000000, reserved size: 1073741824
[2024-11-21T19:41:10.726-0500][gc,metaspace] Narrow klass base: 0x00007fce57000000, Narrow klass shift: 0, Narrow klass range: 0x100000000
[2024-11-21T19:41:31.818-0500][gc,start    ] GC(0) Pause Young (Normal) (G1 Evacuation Pause)
[2024-11-21T19:41:31.819-0500][gc,task     ] GC(0) Using 4 workers of 4 for evacuation
[2024-11-21T19:41:31.848-0500][gc,mmu      ] GC(0) MMU target violated: 21,0ms (20,0ms/21,0ms)
[2024-11-21T19:41:31.848-0500][gc,phases   ] GC(0)   Pre Evacuate Collection Set: 0,3ms
[2024-11-21T19:41:31.848-0500][gc,phases   ] GC(0)   Merge Heap Roots: 0,2ms
[2024-11-21T19:41:31.848-0500][gc,phases   ] GC(0)   Evacuate Collection Set: 26,8ms
[2024-11-21T19:41:31.848-0500][gc,phases   ] GC(0)   Post Evacuate Collection Set: 1,1ms
[2024-11-21T19:41:31.848-0500][gc,phases   ] GC(0)   Other: 1,4ms
[2024-11-21T19:41:31.848-0500][gc,heap     ] GC(0) Eden regions: 25->0(21)
[2024-11-21T19:41:31.848-0500][gc,heap     ] GC(0) Survivor regions: 0->4(4)
[2024-11-21T19:41:31.848-0500][gc,heap     ] GC(0) Old regions: 2->6
[2024-11-21T19:41:31.848-0500][gc,heap     ] GC(0) Humongous regions: 0->0
[2024-11-21T19:41:31.848-0500][gc,metaspace] GC(0) Metaspace: 8120K(8256K)->8120K(8256K) NonClass: 7285K(7360K)->7285K(7360K) Class: 834K(896K)->834K(896K)
[2024-11-21T19:41:31.848-0500][gc          ] GC(0) Pause Young (Normal) (G1 Evacuation Pause) 26M->9M(512M) 30,337ms
[2024-11-21T19:41:31.848-0500][gc,cpu      ] GC(0) User=0,05s Sys=0,02s Real=0,03s
[2024-11-21T21:52:24.537-0500][gc,heap,exit] Heap
[2024-11-21T21:52:24.537-0500][gc,heap,exit]  garbage-first heap   total 524288K, used 21812K [0x00000000e0000000, 0x0000000100000000)
[2024-11-21T21:52:24.537-0500][gc,heap,exit]   region size 1024K, 17 young (17408K), 4 survivors (4096K)
[2024-11-21T21:52:24.537-0500][gc,heap,exit]  Metaspace       used 9606K, committed 9856K, reserved 1114112K
[2024-11-21T21:52:24.537-0500][gc,heap,exit]   class space    used 958K, committed 1088K, reserved 1048576K
