[2024-11-17T14:27:42.941-0500][gc,init] CardTable entry size: 512
[2024-11-17T14:27:42.941-0500][gc     ] Using G1
[2024-11-17T14:27:42.947-0500][gc,init] Version: 21.0.5+11 (release)
[2024-11-17T14:27:42.947-0500][gc,init] CPUs: 4 total, 4 available
[2024-11-17T14:27:42.947-0500][gc,init] Memory: 11836M
[2024-11-17T14:27:42.947-0500][gc,init] Large Page Support: Disabled
[2024-11-17T14:27:42.947-0500][gc,init] NUMA Support: Disabled
[2024-11-17T14:27:42.947-0500][gc,init] Compressed Oops: Enabled (32-bit)
[2024-11-17T14:27:42.947-0500][gc,init] Heap Region Size: 1M
[2024-11-17T14:27:42.947-0500][gc,init] Heap Min Capacity: 512M
[2024-11-17T14:27:42.947-0500][gc,init] Heap Initial Capacity: 512M
[2024-11-17T14:27:42.947-0500][gc,init] Heap Max Capacity: 512M
[2024-11-17T14:27:42.947-0500][gc,init] Pre-touch: Disabled
[2024-11-17T14:27:42.947-0500][gc,init] Parallel Workers: 4
[2024-11-17T14:27:42.947-0500][gc,init] Concurrent Workers: 1
[2024-11-17T14:27:42.947-0500][gc,init] Concurrent Refinement Workers: 4
[2024-11-17T14:27:42.947-0500][gc,init] Periodic GC: Disabled
[2024-11-17T14:27:42.958-0500][gc,metaspace] CDS archive(s) mapped at: [0x00007f6fcb000000-0x00007f6fcbc99000-0x00007f6fcbc99000), size 13209600, SharedBaseAddress: 0x00007f6fcb000000, ArchiveRelocationMode: 1.
[2024-11-17T14:27:42.958-0500][gc,metaspace] Compressed class space mapped at: 0x00007f6fcc000000-0x00007f700c000000, reserved size: 1073741824
[2024-11-17T14:27:42.958-0500][gc,metaspace] Narrow klass base: 0x00007f6fcb000000, Narrow klass shift: 0, Narrow klass range: 0x100000000
[2024-11-17T14:28:01.562-0500][gc,start    ] GC(0) Pause Young (Normal) (G1 Evacuation Pause)
[2024-11-17T14:28:01.563-0500][gc,task     ] GC(0) Using 4 workers of 4 for evacuation
[2024-11-17T14:28:01.577-0500][gc,phases   ] GC(0)   Pre Evacuate Collection Set: 0,2ms
[2024-11-17T14:28:01.578-0500][gc,phases   ] GC(0)   Merge Heap Roots: 0,1ms
[2024-11-17T14:28:01.578-0500][gc,phases   ] GC(0)   Evacuate Collection Set: 12,2ms
[2024-11-17T14:28:01.578-0500][gc,phases   ] GC(0)   Post Evacuate Collection Set: 2,0ms
[2024-11-17T14:28:01.578-0500][gc,phases   ] GC(0)   Other: 1,3ms
[2024-11-17T14:28:01.578-0500][gc,heap     ] GC(0) Eden regions: 25->0(21)
[2024-11-17T14:28:01.578-0500][gc,heap     ] GC(0) Survivor regions: 0->4(4)
[2024-11-17T14:28:01.578-0500][gc,heap     ] GC(0) Old regions: 2->6
[2024-11-17T14:28:01.578-0500][gc,heap     ] GC(0) Humongous regions: 0->0
[2024-11-17T14:28:01.578-0500][gc,metaspace] GC(0) Metaspace: 8097K(8256K)->8097K(8256K) NonClass: 7263K(7360K)->7263K(7360K) Class: 833K(896K)->833K(896K)
[2024-11-17T14:28:01.578-0500][gc          ] GC(0) Pause Young (Normal) (G1 Evacuation Pause) 26M->8M(512M) 16,106ms
[2024-11-17T14:28:01.578-0500][gc,cpu      ] GC(0) User=0,02s Sys=0,01s Real=0,01s
