[2024-11-18T12:39:32.133-0500][gc,init] CardTable entry size: 512
[2024-11-18T12:39:32.133-0500][gc     ] Using G1
[2024-11-18T12:39:32.140-0500][gc,init] Version: 21.0.5+11 (release)
[2024-11-18T12:39:32.140-0500][gc,init] CPUs: 4 total, 4 available
[2024-11-18T12:39:32.140-0500][gc,init] Memory: 11836M
[2024-11-18T12:39:32.140-0500][gc,init] Large Page Support: Disabled
[2024-11-18T12:39:32.140-0500][gc,init] NUMA Support: Disabled
[2024-11-18T12:39:32.140-0500][gc,init] Compressed Oops: Enabled (32-bit)
[2024-11-18T12:39:32.140-0500][gc,init] Heap Region Size: 1M
[2024-11-18T12:39:32.140-0500][gc,init] Heap Min Capacity: 512M
[2024-11-18T12:39:32.140-0500][gc,init] Heap Initial Capacity: 512M
[2024-11-18T12:39:32.140-0500][gc,init] Heap Max Capacity: 512M
[2024-11-18T12:39:32.140-0500][gc,init] Pre-touch: Disabled
[2024-11-18T12:39:32.140-0500][gc,init] Parallel Workers: 4
[2024-11-18T12:39:32.140-0500][gc,init] Concurrent Workers: 1
[2024-11-18T12:39:32.140-0500][gc,init] Concurrent Refinement Workers: 4
[2024-11-18T12:39:32.140-0500][gc,init] Periodic GC: Disabled
[2024-11-18T12:39:32.150-0500][gc,metaspace] CDS archive(s) mapped at: [0x00007f2a87000000-0x00007f2a87c99000-0x00007f2a87c99000), size 13209600, SharedBaseAddress: 0x00007f2a87000000, ArchiveRelocationMode: 1.
[2024-11-18T12:39:32.150-0500][gc,metaspace] Compressed class space mapped at: 0x00007f2a88000000-0x00007f2ac8000000, reserved size: 1073741824
[2024-11-18T12:39:32.150-0500][gc,metaspace] Narrow klass base: 0x00007f2a87000000, Narrow klass shift: 0, Narrow klass range: 0x100000000
[2024-11-18T12:40:19.987-0500][gc,start    ] GC(0) Pause Young (Normal) (G1 Evacuation Pause)
[2024-11-18T12:40:19.988-0500][gc,task     ] GC(0) Using 4 workers of 4 for evacuation
[2024-11-18T12:40:20.014-0500][gc,mmu      ] GC(0) MMU target violated: 21,0ms (20,0ms/21,0ms)
[2024-11-18T12:40:20.014-0500][gc,phases   ] GC(0)   Pre Evacuate Collection Set: 0,3ms
[2024-11-18T12:40:20.014-0500][gc,phases   ] GC(0)   Merge Heap Roots: 0,2ms
[2024-11-18T12:40:20.014-0500][gc,phases   ] GC(0)   Evacuate Collection Set: 24,2ms
[2024-11-18T12:40:20.015-0500][gc,phases   ] GC(0)   Post Evacuate Collection Set: 1,1ms
[2024-11-18T12:40:20.015-0500][gc,phases   ] GC(0)   Other: 1,5ms
[2024-11-18T12:40:20.015-0500][gc,heap     ] GC(0) Eden regions: 25->0(21)
[2024-11-18T12:40:20.015-0500][gc,heap     ] GC(0) Survivor regions: 0->4(4)
[2024-11-18T12:40:20.015-0500][gc,heap     ] GC(0) Old regions: 2->6
[2024-11-18T12:40:20.015-0500][gc,heap     ] GC(0) Humongous regions: 0->0
[2024-11-18T12:40:20.015-0500][gc,metaspace] GC(0) Metaspace: 8123K(8256K)->8123K(8256K) NonClass: 7288K(7360K)->7288K(7360K) Class: 835K(896K)->835K(896K)
[2024-11-18T12:40:20.015-0500][gc          ] GC(0) Pause Young (Normal) (G1 Evacuation Pause) 26M->9M(512M) 28,022ms
[2024-11-18T12:40:20.015-0500][gc,cpu      ] GC(0) User=0,06s Sys=0,02s Real=0,03s
[2024-11-18T20:59:16.863-0500][gc,start    ] GC(1) Pause Young (Normal) (G1 Evacuation Pause)
[2024-11-18T20:59:16.878-0500][gc,task     ] GC(1) Using 4 workers of 4 for evacuation
[2024-11-18T20:59:16.908-0500][gc,mmu      ] GC(1) MMU target violated: 21,0ms (20,0ms/21,0ms)
[2024-11-18T20:59:16.908-0500][gc,phases   ] GC(1)   Pre Evacuate Collection Set: 3,7ms
[2024-11-18T20:59:16.908-0500][gc,phases   ] GC(1)   Merge Heap Roots: 1,9ms
[2024-11-18T20:59:16.908-0500][gc,phases   ] GC(1)   Evacuate Collection Set: 18,0ms
[2024-11-18T20:59:16.908-0500][gc,phases   ] GC(1)   Post Evacuate Collection Set: 6,1ms
[2024-11-18T20:59:16.908-0500][gc,phases   ] GC(1)   Other: 0,3ms
[2024-11-18T20:59:16.908-0500][gc,heap     ] GC(1) Eden regions: 21->0(24)
[2024-11-18T20:59:16.908-0500][gc,heap     ] GC(1) Survivor regions: 4->1(4)
[2024-11-18T20:59:16.908-0500][gc,heap     ] GC(1) Old regions: 6->11
[2024-11-18T20:59:16.908-0500][gc,heap     ] GC(1) Humongous regions: 0->0
[2024-11-18T20:59:16.908-0500][gc,metaspace] GC(1) Metaspace: 9622K(9856K)->9622K(9856K) NonClass: 8664K(8768K)->8664K(8768K) Class: 957K(1088K)->957K(1088K)
[2024-11-18T20:59:16.908-0500][gc          ] GC(1) Pause Young (Normal) (G1 Evacuation Pause) 30M->9M(512M) 44,797ms
[2024-11-18T20:59:16.908-0500][gc,cpu      ] GC(1) User=0,01s Sys=0,04s Real=0,04s
[2024-11-18T22:08:37.458-0500][gc,heap,exit] Heap
[2024-11-18T22:08:37.458-0500][gc,heap,exit]  garbage-first heap   total 524288K, used 14850K [0x00000000e0000000, 0x0000000100000000)
[2024-11-18T22:08:37.458-0500][gc,heap,exit]   region size 1024K, 6 young (6144K), 1 survivors (1024K)
[2024-11-18T22:08:37.458-0500][gc,heap,exit]  Metaspace       used 9627K, committed 9856K, reserved 1114112K
[2024-11-18T22:08:37.458-0500][gc,heap,exit]   class space    used 958K, committed 1088K, reserved 1048576K
